warning: `/Users/jerry/.cargo/config` is deprecated in favor of `config.toml`
  |
  = help: if you need to support cargo 1.38 or earlier, you can symlink `config` to `config.toml`
   Compiling reasonix-tauri v0.1.0 (/Users/jerry/temp/app/reasonix-tauri/desktop/tauri)
error[E0308]: mismatched types
   --> examples/window-baseline.rs:224:44
    |
224 |             unsafe { center.removeObserver(&token); }
    |                             -------------- ^^^^^^ expected `&AnyObject`, found `&Retained<ProtocolObject<...>>`
    |                             |
    |                             arguments to this method are incorrect
    |
    = note: expected reference `&AnyObject`
               found reference `&Retained<ProtocolObject<dyn NSObjectProtocol>>`
note: method defined here
   --> /Users/jerry/.cargo/registry/src/mirrors.tuna.tsinghua.edu.cn-4dc01642fd091eda/objc2-foundation-0.3.2/src/generated/NSNotification.rs:188:23
    |
188 |         pub unsafe fn removeObserver(&self, observer: &AnyObject);
    |                       ^^^^^^^^^^^^^^

For more information about this error, try `rustc --explain E0308`.
error: could not compile `reasonix-tauri` (example "window-baseline") due to 1 previous error
