warning: `/Users/jerry/.cargo/config` is deprecated in favor of `config.toml`
  |
  = help: if you need to support cargo 1.38 or earlier, you can symlink `config` to `config.toml`
warning: `/Users/jerry/.cargo/config` is deprecated in favor of `config.toml`
  |
  = help: if you need to support cargo 1.38 or earlier, you can symlink `config` to `config.toml`
    Checking serde v1.0.229
    Checking zerofrom v0.1.8
    Checking objc2-exception-helper v0.1.1
    Checking winnow v1.0.4
    Checking zlib-rs v0.6.8
    Checking thiserror v2.0.20
    Checking deranged v0.5.8
    Checking uuid v1.26.1
    Checking parking v2.2.1
    Checking slab v0.4.12
    Checking objc2 v0.6.4
    Checking foreign-types v0.5.0
    Checking yoke v0.8.3
    Checking serde_with v3.23.0
    Checking core-graphics v0.25.0
    Checking rustix v1.1.5
    Checking zerovec v0.11.8
    Checking zerotrie v0.2.5
    Checking dpi v0.1.2
    Checking jsonptr v0.6.3
    Checking cfb v0.7.3
    Checking tinystr v0.8.4
    Checking potential_utf v0.1.6
    Checking json-patch v3.0.1
    Checking icu_collections v2.3.0
    Checking icu_locale_core v2.3.0
    Checking time v0.3.55
    Checking flate2 v1.1.10
    Checking toml_parser v1.1.3+spec-1.1.0
    Checking block2 v0.6.2
    Checking objc2-core-foundation v0.3.2
    Checking infer v0.19.0
    Checking keyboard-types v0.7.0
    Checking dispatch2 v0.3.1
    Checking png v0.18.1
    Checking zerocopy v0.8.57
    Checking toml v1.1.6+spec-1.1.0
    Checking serialize-to-javascript v0.1.2
    Checking icu_provider v2.3.1
    Checking futures-io v0.3.34
    Checking http-range v0.1.5
    Checking ring v0.17.14
    Checking event-listener v5.4.2
    Checking icu_properties v2.3.0
    Checking icu_normalizer v2.3.0
    Checking concurrent-queue v2.5.0
    Checking unicode-ident v1.0.26
    Checking event-listener-strategy v0.5.4
    Checking proc-macro2 v1.0.107
    Checking futures-util v0.3.34
    Checking objc2-foundation v0.3.2
    Checking objc2-core-graphics v0.3.2
    Checking futures-lite v2.6.1
    Checking zune-core v0.5.3
    Checking zune-jpeg v0.5.15
    Checking quote v1.0.47
    Checking cookie v0.18.2
    Checking plist v1.10.1
    Checking syn v3.0.6
    Checking num-traits v0.2.19
    Checking polling v3.11.0
    Checking fax v0.2.7
    Checking idna_adapter v1.2.2
    Checking weezl v0.1.12
    Checking rustls-webpki v0.103.15
    Checking idna v1.1.0
    Checking pxfm v0.1.30
    Checking quick-error v2.0.1
    Checking async-io v2.6.0
    Checking enumflags2 v0.7.12
    Checking zcheapstr v1.1.0
    Checking async-task v4.7.1
    Checking url v2.5.8
    Checking byteorder-lite v0.1.0
    Checking rustls v0.23.45
    Checking bytemuck v1.25.2
    Checking endi v1.1.1
    Checking async-signal v0.2.14
    Checking async-channel v2.5.0
    Checking async-lock v3.4.2
    Checking tower v0.5.3
    Checking hyper-util v0.1.20
    Checking xattr v1.6.1
    Checking piper v0.2.5
    Checking urlpattern v0.3.0
    Checking tar v0.4.46
    Checking async-process v2.5.0
    Checking tower-http v0.6.11
    Checking blocking v1.7.0
    Checking tempfile v3.27.0
    Checking async-executor v1.14.0
    Checking tauri-utils v2.9.3
    Checking half v2.7.1
    Checking ppv-lite86 v0.2.21
    Checking async-broadcast v0.7.2
   Compiling reasonix-tauri v0.1.0 (/Users/jerry/temp/app/reasonix-tauri/desktop/tauri)
    Checking rand_chacha v0.9.0
    Checking ordered-stream v0.2.0
    Checking tiff v0.11.3
    Checking hex v0.4.3
    Checking rand v0.9.5
    Checking zip v4.6.1
    Checking moxcms v0.8.1
    Checking zvariant_utils v4.2.0
    Checking zvariant v5.15.0
    Checking tokio-rustls v0.26.5
    Checking rustls-platform-verifier v0.7.0
    Checking hyper-rustls v0.27.10
    Checking reqwest v0.13.5
    Checking zbus_names v4.3.4
    Checking zbus v5.19.0
    Checking image v0.25.10
    Checking objc2-app-kit v0.3.2
    Checking objc2-user-notifications v0.3.2
    Checking objc2-web-kit v0.3.2
    Checking tao v0.35.3
    Checking muda v0.19.3
    Checking window-vibrancy v0.6.0
    Checking objc2-osa-kit v0.3.2
    Checking arboard v3.6.1
    Checking rfd v0.16.0
    Checking osakit v0.3.1
    Checking tauri-runtime v2.11.3
    Checking wry v0.55.1
    Checking tray-icon v0.24.2
    Checking tauri-runtime-wry v2.11.4
    Checking tauri v2.11.6
    Checking tauri-plugin-fs v2.5.2
    Checking tauri-plugin-updater v2.12.0
    Checking tauri-plugin-opener v2.5.5
    Checking tauri-plugin-shell v2.3.6
    Checking tauri-plugin-single-instance v2.4.5
    Checking tauri-plugin-clipboard-manager v2.3.3
    Checking tauri-plugin-dialog v2.7.3
    Finished `release` profile [optimized] target(s) in 15.93s
