正在检查“Protective Master Boot Record（MBR：0）”的校验和…
Protective Master Boot Record（MBR：0）：已验证CRC32 $D7B61264
正在检查“GPT Header（Primary GPT Header：1）”的校验和…
    GPT Header（Primary GPT Header：1）：已验证CRC32 $1E2FEB6B
正在检查“GPT Partition Data（Primary GPT Table：2）”的校验和…
GPT Partition Data（Primary GPT Table：已验证CRC32 $73A46E9B
正在检查“（Apple_Free：3）”的校验和…
                      （Apple_Free：3）：已验证CRC32 $00000000
正在检查“disk image（Apple_HFS：4）”的校验和…
             disk image（Apple_HFS：4）：已验证CRC32 $9C9411FC
正在检查“GPT Partition Data（Backup GPT Table：5）”的校验和…
GPT Partition Data（Backup GPT Table：：已验证CRC32 $73A46E9B
正在检查“GPT Header（Backup GPT Header：6）”的校验和…
     GPT Header（Backup GPT Header：6）：已验证CRC32 $E327D49D
已验证CRC32 $822C4BA1
hdiutil: WARNING: 'hdiutil attach -readonly -nobrowse -mountpoint ...' is deprecated. Please use 'diskutil image attach --readOnly --mountOptions nobrowse --mountPoint ...' instead.
/dev/disk4          	GUID_partition_scheme          	
/dev/disk4s1        	Apple_HFS                      	/private/tmp/reasonix-d-singleton-handoff-installed-27izy5u7/mount
hdiutil: WARNING: 'hdiutil detach ...' is deprecated. Please use 'diskutil eject ...' instead.
"disk4" ejected.
{"app": "/private/tmp/reasonix-d-singleton-handoff-installed-27izy5u7/Reasonix Tauri Preview.app", "dmg": "/Users/jerry/temp/app/reasonix-tauri/desktop/tauri/target/release/bundle/dmg/Reasonix Tauri Preview_0.1.0_aarch64.dmg", "dmgSha256": "ee881a1d06b08acfbe2f879ae2d1f0fbb2e25333ce1ac6f6a4d92c73e95b24ad", "artifactSha256": {"reasonix-tauri": "cb85c6b52aa7a82f8cd5e74e2a06297a98c4aea928236c4afc2a34111ee5511c", "reasonix-desktop-bridge": "26939f1bfac4d46ded6541e1d6315a05dfcdcc7146b611b5c31f14eb8cc7de50"}}
