warning: `/Users/jerry/.cargo/config` is deprecated in favor of `config.toml`
  |
  = help: if you need to support cargo 1.38 or earlier, you can symlink `config` to `config.toml`
warning: `/Users/jerry/.cargo/config` is deprecated in favor of `config.toml`
  |
  = help: if you need to support cargo 1.38 or earlier, you can symlink `config` to `config.toml`
    Checking objc2-exception-helper v0.1.1
    Checking ring v0.17.14
   Compiling reasonix-tauri v0.1.0 (/Users/jerry/temp/app/reasonix-tauri/desktop/tauri)
    Checking objc2 v0.6.4
    Checking block2 v0.6.2
    Checking objc2-core-foundation v0.3.2
    Checking dispatch2 v0.3.1
    Checking rustls-webpki v0.103.15
    Checking rustls v0.23.45
    Checking objc2-foundation v0.3.2
    Checking objc2-core-graphics v0.3.2
    Checking tokio-rustls v0.26.5
    Checking rustls-platform-verifier v0.7.0
    Checking hyper-rustls v0.27.10
    Checking reqwest v0.13.5
    Checking objc2-app-kit v0.3.2
    Checking objc2-user-notifications v0.3.2
    Checking objc2-web-kit v0.3.2
    Checking muda v0.19.3
    Checking tao v0.35.3
    Checking window-vibrancy v0.6.0
    Checking objc2-osa-kit v0.3.2
    Checking arboard v3.6.1
    Checking rfd v0.16.0
    Checking osakit v0.3.1
    Checking wry v0.55.1
    Checking tauri-runtime v2.11.3
    Checking tray-icon v0.24.2
    Checking tauri-runtime-wry v2.11.4
    Checking tauri v2.11.6
    Checking tauri-plugin-fs v2.5.2
    Checking tauri-plugin-opener v2.5.5
    Checking tauri-plugin-updater v2.12.0
    Checking tauri-plugin-single-instance v2.4.5
    Checking tauri-plugin-clipboard-manager v2.3.3
    Checking tauri-plugin-shell v2.3.6
    Checking tauri-plugin-dialog v2.7.3
    Finished `release` profile [optimized] target(s) in 14.62s
