正在检查“Protective Master Boot Record（MBR：0）”的校验和…
Protective Master Boot Record（MBR：0）：已验证CRC32 $D4FD4108
正在检查“GPT Header（Primary GPT Header：1）”的校验和…
    GPT Header（Primary GPT Header：1）：已验证CRC32 $C4586537
正在检查“GPT Partition Data（Primary GPT Table：2）”的校验和…
GPT Partition Data（Primary GPT Table：已验证CRC32 $CA2429C9
正在检查“（Apple_Free：3）”的校验和…
                      （Apple_Free：3）：已验证CRC32 $00000000
正在检查“disk image（Apple_HFS：4）”的校验和…
             disk image（Apple_HFS：4）：已验证CRC32 $A102C4D8
正在检查“（Apple_Free：5）”的校验和…
                      （Apple_Free：5）：已验证CRC32 $00000000
正在检查“GPT Partition Data（Backup GPT Table：6）”的校验和…
GPT Partition Data（Backup GPT Table：：已验证CRC32 $CA2429C9
正在检查“GPT Header（Backup GPT Header：7）”的校验和…
     GPT Header（Backup GPT Header：7）：已验证CRC32 $F55FC3B8
已验证CRC32 $4FB1E1AD
hdiutil: WARNING: 'hdiutil attach -readonly -nobrowse -mountpoint ...' is deprecated. Please use 'diskutil image attach --readOnly --mountOptions nobrowse --mountPoint ...' instead.
/dev/disk4          	GUID_partition_scheme          	
/dev/disk4s1        	Apple_HFS                      	/private/tmp/reasonix-d-keychain-pending-installed-_r6bt14n/mount
hdiutil: WARNING: 'hdiutil detach ...' is deprecated. Please use 'diskutil eject ...' instead.
"disk4" ejected.
{"app": "/private/tmp/reasonix-d-keychain-pending-installed-_r6bt14n/Reasonix Tauri Preview.app", "dmg": "/Users/jerry/temp/app/reasonix-tauri/desktop/tauri/target/release/bundle/dmg/Reasonix Tauri Preview_0.1.0_aarch64.dmg", "dmgSha256": "2be163916d7b5bf294fd74d98f0102bd00f9619aea415cc772ed845d44105244", "artifactSha256": {"reasonix-tauri": "d1c9fd5a0106019a8c20d1c93ccfca0ca5406c2d4a3e03cd594b8499e41e687c", "reasonix-desktop-bridge": "29d985c7af09baefec4308339429eabfe921896c47db6f4c30584b742b7efd39"}}
