{"applicationActive":true,"nativeEvents":["key","occlusion"],"nativeKey":true,"nativeMiniaturized":false,"nativeVisible":true,"step":0}
{"applicationActive":true,"nativeEvents":["key","occlusion"],"nativeKey":true,"nativeMiniaturized":false,"nativeVisible":true,"step":1}
{"applicationActive":true,"nativeEvents":["key","occlusion"],"nativeKey":true,"nativeMiniaturized":false,"nativeVisible":true,"step":2}
{"applicationActive":true,"nativeEvents":["key","occlusion"],"nativeKey":true,"nativeMiniaturized":false,"nativeVisible":true,"step":3}
{"applicationActive":true,"nativeEvents":["key","occlusion"],"nativeKey":true,"nativeMiniaturized":false,"nativeVisible":true,"step":4}
{"applicationActive":true,"nativeEvents":["key","occlusion","resign-key"],"nativeKey":false,"nativeMiniaturized":false,"nativeVisible":true,"step":5}
{"applicationActive":true,"nativeEvents":["key","occlusion","resign-key"],"nativeKey":false,"nativeMiniaturized":false,"nativeVisible":true,"step":6}
{"applicationActive":true,"nativeEvents":["key","occlusion","resign-key","occlusion"],"nativeKey":false,"nativeMiniaturized":false,"nativeVisible":true,"step":7}
{"applicationActive":true,"nativeEvents":["key","occlusion","resign-key","occlusion"],"nativeKey":false,"nativeMiniaturized":false,"nativeVisible":true,"step":8}
{"applicationActive":true,"nativeEvents":["key","occlusion","resign-key","occlusion"],"nativeKey":false,"nativeMiniaturized":false,"nativeVisible":true,"step":9}
{"applicationActive":true,"nativeEvents":["key","occlusion","resign-key","occlusion"],"nativeKey":false,"nativeMiniaturized":false,"nativeVisible":true,"step":10}
{"applicationActive":true,"nativeEvents":["key","occlusion","resign-key","occlusion"],"nativeKey":false,"nativeMiniaturized":false,"nativeVisible":true,"step":11}
{"applicationActive":true,"nativeEvents":["key","occlusion","resign-key","occlusion"],"nativeKey":false,"nativeMiniaturized":false,"nativeVisible":true,"step":12}
{"applicationActive":true,"nativeEvents":["key","occlusion","resign-key","occlusion"],"nativeKey":false,"nativeMiniaturized":false,"nativeVisible":true,"step":13}
{"applicationActive":true,"nativeEvents":["key","occlusion","resign-key","occlusion"],"nativeKey":false,"nativeMiniaturized":false,"nativeVisible":true,"step":14}
{"applicationActive":true,"nativeEvents":["key","occlusion","resign-key","occlusion","key","occlusion"],"nativeKey":true,"nativeMiniaturized":false,"nativeVisible":true,"step":15}
{"applicationActive":true,"nativeEvents":["key","occlusion","resign-key","occlusion","key","occlusion"],"nativeKey":true,"nativeMiniaturized":false,"nativeVisible":true,"step":16}
{"applicationActive":true,"nativeEvents":["key","occlusion","resign-key","occlusion","key","occlusion"],"nativeKey":true,"nativeMiniaturized":false,"nativeVisible":true,"step":17}
{"applicationActive":true,"nativeEvents":["key","occlusion","resign-key","occlusion","key","occlusion"],"nativeKey":true,"nativeMiniaturized":false,"nativeVisible":true,"step":18}
{"applicationActive":true,"nativeEvents":["key","occlusion","resign-key","occlusion","key","occlusion"],"nativeKey":true,"nativeMiniaturized":false,"nativeVisible":true,"step":19}
{"applicationActive":true,"nativeEvents":["key","occlusion","resign-key","occlusion","key","occlusion"],"nativeKey":true,"nativeMiniaturized":false,"nativeVisible":true,"step":20}
{"applicationActive":true,"nativeEvents":["key","occlusion","resign-key","occlusion","key","occlusion"],"nativeKey":true,"nativeMiniaturized":false,"nativeVisible":true,"step":21}
{"applicationActive":true,"nativeEvents":["key","occlusion","resign-key","occlusion","key","occlusion"],"nativeKey":true,"nativeMiniaturized":false,"nativeVisible":true,"step":22}
{"applicationActive":true,"nativeEvents":["key","occlusion","resign-key","occlusion","key","occlusion"],"nativeKey":true,"nativeMiniaturized":false,"nativeVisible":true,"step":23}
{"events":["key","occlusion","resign-key","occlusion","key","occlusion"],"minimized":false,"precondition":true,"restored":false,"stage":"failed"}
