
> reasonix-desktop-frontend@0.0.0 tauri:build /Users/jerry/temp/app/reasonix-tauri/desktop/frontend
> node scripts/tauri-build.mjs -- --verbose

Preview source: 64c745c1a4aa6bc1eccc45c70be9b1a54d7165c4 (uncommitted changes)
       Debug [tauri_cli::helpers::app_paths] Found Tauri project inside /Users/jerry/temp/app/reasonix-tauri/desktop/tauri on early lookup
       Debug [tauri_cli::helpers::app_paths] resolving frontend directory from /Users/jerry/temp/app/reasonix-tauri/desktop/tauri
       Debug [ignore::gitignore] opened gitignore file: /var/folders/j8/bqc5mc190_q6f4ytd9d32hlm0000gn/T/.gitignore
       Debug [globset] built glob set; 0 literals, 3 basenames, 0 extensions, 0 prefixes, 0 suffixes, 0 required extensions, 0 regexes
       Debug [ignore::gitignore] opened gitignore file: /Users/jerry/temp/app/reasonix-tauri/.gitignore
       Debug [globset] glob converted to regex: Glob { glob: "desktop/build/*", re: "(?-u)^desktop/build/[^/]*$", opts: GlobOptions { case_insensitive: false, literal_separator: true, backslash_escape: true, empty_alternates: false }, tokens: Tokens([Literal('d'), Literal('e'), Literal('s'), Literal('k'), Literal('t'), Literal('o'), Literal('p'), Literal('/'), Literal('b'), Literal('u'), Literal('i'), Literal('l'), Literal('d'), Literal('/'), ZeroOrMore]) }
       Debug [globset] glob converted to regex: Glob { glob: "desktop/frontend/dist/*", re: "(?-u)^desktop/frontend/dist/[^/]*$", opts: GlobOptions { case_insensitive: false, literal_separator: true, backslash_escape: true, empty_alternates: false }, tokens: Tokens([Literal('d'), Literal('e'), Literal('s'), Literal('k'), Literal('t'), Literal('o'), Literal('p'), Literal('/'), Literal('f'), Literal('r'), Literal('o'), Literal('n'), Literal('t'), Literal('e'), Literal('n'), Literal('d'), Literal('/'), Literal('d'), Literal('i'), Literal('s'), Literal('t'), Literal('/'), ZeroOrMore]) }
       Debug [globset] glob converted to regex: Glob { glob: "**/.firebase-crash-migration-state.json.tmp-*", re: "(?-u)^(?:/?|.*/)\\.firebase\\-crash\\-migration\\-state\\.json\\.tmp\\-[^/]*$", opts: GlobOptions { case_insensitive: false, literal_separator: true, backslash_escape: true, empty_alternates: false }, tokens: Tokens([RecursivePrefix, Literal('.'), Literal('f'), Literal('i'), Literal('r'), Literal('e'), Literal('b'), Literal('a'), Literal('s'), Literal('e'), Literal('-'), Literal('c'), Literal('r'), Literal('a'), Literal('s'), Literal('h'), Literal('-'), Literal('m'), Literal('i'), Literal('g'), Literal('r'), Literal('a'), Literal('t'), Literal('i'), Literal('o'), Literal('n'), Literal('-'), Literal('s'), Literal('t'), Literal('a'), Literal('t'), Literal('e'), Literal('.'), Literal('j'), Literal('s'), Literal('o'), Literal('n'), Literal('.'), Literal('t'), Literal('m'), Literal('p'), Literal('-'), ZeroOrMore]) }
       Debug [globset] glob converted to regex: Glob { glob: ".reasonix/*", re: "(?-u)^\\.reasonix/[^/]*$", opts: GlobOptions { case_insensitive: false, literal_separator: true, backslash_escape: true, empty_alternates: false }, tokens: Tokens([Literal('.'), Literal('r'), Literal('e'), Literal('a'), Literal('s'), Literal('o'), Literal('n'), Literal('i'), Literal('x'), Literal('/'), ZeroOrMore]) }
       Debug [globset] built glob set; 31 literals, 16 basenames, 4 extensions, 0 prefixes, 0 suffixes, 1 required extensions, 4 regexes
       Debug [ignore::gitignore] opened gitignore file: /Users/jerry/temp/app/reasonix-tauri/desktop/.gitignore
       Debug [globset] glob converted to regex: Glob { glob: "build/*", re: "(?-u)^build/[^/]*$", opts: GlobOptions { case_insensitive: false, literal_separator: true, backslash_escape: true, empty_alternates: false }, tokens: Tokens([Literal('b'), Literal('u'), Literal('i'), Literal('l'), Literal('d'), Literal('/'), ZeroOrMore]) }
       Debug [globset] glob converted to regex: Glob { glob: "build/windows/*", re: "(?-u)^build/windows/[^/]*$", opts: GlobOptions { case_insensitive: false, literal_separator: true, backslash_escape: true, empty_alternates: false }, tokens: Tokens([Literal('b'), Literal('u'), Literal('i'), Literal('l'), Literal('d'), Literal('/'), Literal('w'), Literal('i'), Literal('n'), Literal('d'), Literal('o'), Literal('w'), Literal('s'), Literal('/'), ZeroOrMore]) }
       Debug [globset] glob converted to regex: Glob { glob: "build/windows/installer/*", re: "(?-u)^build/windows/installer/[^/]*$", opts: GlobOptions { case_insensitive: false, literal_separator: true, backslash_escape: true, empty_alternates: false }, tokens: Tokens([Literal('b'), Literal('u'), Literal('i'), Literal('l'), Literal('d'), Literal('/'), Literal('w'), Literal('i'), Literal('n'), Literal('d'), Literal('o'), Literal('w'), Literal('s'), Literal('/'), Literal('i'), Literal('n'), Literal('s'), Literal('t'), Literal('a'), Literal('l'), Literal('l'), Literal('e'), Literal('r'), Literal('/'), ZeroOrMore]) }
       Debug [globset] glob converted to regex: Glob { glob: "build/darwin/*", re: "(?-u)^build/darwin/[^/]*$", opts: GlobOptions { case_insensitive: false, literal_separator: true, backslash_escape: true, empty_alternates: false }, tokens: Tokens([Literal('b'), Literal('u'), Literal('i'), Literal('l'), Literal('d'), Literal('/'), Literal('d'), Literal('a'), Literal('r'), Literal('w'), Literal('i'), Literal('n'), Literal('/'), ZeroOrMore]) }
       Debug [globset] glob converted to regex: Glob { glob: "build/linux/*", re: "(?-u)^build/linux/[^/]*$", opts: GlobOptions { case_insensitive: false, literal_separator: true, backslash_escape: true, empty_alternates: false }, tokens: Tokens([Literal('b'), Literal('u'), Literal('i'), Literal('l'), Literal('d'), Literal('/'), Literal('l'), Literal('i'), Literal('n'), Literal('u'), Literal('x'), Literal('/'), ZeroOrMore]) }
       Debug [globset] glob converted to regex: Glob { glob: "build/linux/icons/**/*", re: "(?-u)^build/linux/icons(?:/|/.*/)[^/]*$", opts: GlobOptions { case_insensitive: false, literal_separator: true, backslash_escape: true, empty_alternates: false }, tokens: Tokens([Literal('b'), Literal('u'), Literal('i'), Literal('l'), Literal('d'), Literal('/'), Literal('l'), Literal('i'), Literal('n'), Literal('u'), Literal('x'), Literal('/'), Literal('i'), Literal('c'), Literal('o'), Literal('n'), Literal('s'), RecursiveZeroOrMore, ZeroOrMore]) }
       Debug [globset] built glob set; 19 literals, 0 basenames, 1 extensions, 0 prefixes, 0 suffixes, 0 required extensions, 6 regexes
       Debug [ignore::gitignore] opened gitignore file: /Users/jerry/temp/app/reasonix-tauri/desktop/tauri/.gitignore
       Debug [globset] built glob set; 3 literals, 0 basenames, 0 extensions, 0 prefixes, 0 suffixes, 0 required extensions, 0 regexes
       Debug [ignore::walk] ignoring /Users/jerry/temp/app/reasonix-tauri/desktop/tauri/.DS_Store: Ignore(IgnoreMatch(Gitignore(Glob { from: Some("/var/folders/j8/bqc5mc190_q6f4ytd9d32hlm0000gn/T/.gitignore"), original: ".DS_Store", actual: "**/.DS_Store", is_whitelist: false, is_only_dir: false })))
       Debug [ignore::walk] ignoring /Users/jerry/temp/app/reasonix-tauri/desktop/tauri/target: Ignore(IgnoreMatch(Gitignore(Glob { from: Some("/Users/jerry/temp/app/reasonix-tauri/desktop/tauri/.gitignore"), original: "/target/", actual: "target", is_whitelist: false, is_only_dir: true })))
       Debug [ignore::walk] ignoring /Users/jerry/temp/app/reasonix-tauri/desktop/tauri/gen: Ignore(IgnoreMatch(Gitignore(Glob { from: Some("/Users/jerry/temp/app/reasonix-tauri/desktop/tauri/.gitignore"), original: "/gen/", actual: "gen", is_whitelist: false, is_only_dir: true })))
       Debug [ignore::walk] ignoring /Users/jerry/temp/app/reasonix-tauri/desktop/tauri/.gitignore: Ignore(IgnoreMatch(Hidden))
       Debug [ignore::walk] ignoring /Users/jerry/temp/app/reasonix-tauri/desktop/tauri/binaries: Ignore(IgnoreMatch(Gitignore(Glob { from: Some("/Users/jerry/temp/app/reasonix-tauri/desktop/tauri/.gitignore"), original: "/binaries/", actual: "binaries", is_whitelist: false, is_only_dir: true })))
        Info [tauri_cli::build] Looking up installed tauri packages to check mismatched versions...
     Running [tauri_cli::helpers] beforeBuildCommand `cd frontend && pnpm build`
       Debug [tauri_cli::helpers] Setting environment for hook {"TAURI_ENV_TARGET_TRIPLE": "aarch64-apple-darwin", "TAURI_ENV_PLATFORM": "darwin", "TAURI_ENV_ARCH": "aarch64", "TAURI_ENV_PLATFORM_VERSION": "27.0.1", "TAURI_ENV_FAMILY": "unix"}
     Running [tauri_cli] Command `sh -c cd frontend && pnpm build`

> reasonix-desktop-frontend@0.0.0 build /Users/jerry/temp/app/reasonix-tauri/desktop/frontend
> pnpm lint:hooks && pnpm check:waapi && pnpm check:scroll-writer && pnpm check:app-layers && pnpm check:wails-bindings && node scripts/check-css-syntax.mjs src/styles.css src/components/RemoteConnectWizard.css src/components/TranscriptSelectionMenu.css src/components/MCPInteractionCard.css src/components/SubagentDetails.css && node scripts/check-z-index-tokens.mjs src/styles.css src/components/RemoteConnectWizard.css && node scripts/check-theme-token-contract.mjs && tsc --noEmit && vite build && node scripts/check-bundle-budget.mjs


> reasonix-desktop-frontend@0.0.0 lint:hooks /Users/jerry/temp/app/reasonix-tauri/desktop/frontend
> eslint "src/**/*.{ts,tsx}"


> reasonix-desktop-frontend@0.0.0 check:waapi /Users/jerry/temp/app/reasonix-tauri/desktop/frontend
> node scripts/check-waapi-contract.mjs

waapi-contract: production Web Animations options use explicit CSS-compatible easing

> reasonix-desktop-frontend@0.0.0 check:scroll-writer /Users/jerry/temp/app/reasonix-tauri/desktop/frontend
> node scripts/check-single-scroll-writer.mjs

check-single-scroll-writer: OK

> reasonix-desktop-frontend@0.0.0 check:app-layers /Users/jerry/temp/app/reasonix-tauri/desktop/frontend
> node scripts/check-app-entry-contract.mjs && node scripts/check-app-layers.test.mjs && node scripts/check-app-layers.mjs

app-entry-contract: App.tsx is a pure composition boundary
PASS AST layer checks resolve runtime edges and reject transitive boundary violations
check-app-layers: migrated App modules satisfy the AST dependency contracts

> reasonix-desktop-frontend@0.0.0 check:wails-bindings /Users/jerry/temp/app/reasonix-tauri/desktop/frontend
> node scripts/check-wails-binding-contract.mjs --self-test

Wails AppBindings: 587 Go methods match the TypeScript contract
CSS syntax check passed: src/styles.css
CSS syntax check passed: src/components/RemoteConnectWizard.css
CSS syntax check passed: src/components/TranscriptSelectionMenu.css
CSS syntax check passed: src/components/MCPInteractionCard.css
CSS syntax check passed: src/components/SubagentDetails.css
z-index token check passed: src/styles.css, src/components/RemoteConnectWizard.css
Theme token contract OK (21 CSS files, 325 defined tokens).
vite v8.2.1 building client environment for production...
[2Ktransforming...✓ 5082 modules transformed.
rendering chunks...
computing gzip size...
dist/assets/logo-wordmark-0KJq8oA3.svg                        4.11 kB │ gzip:   2.00 kB
dist/assets/KaTeX_Size3-Regular-CTq5MqoE.woff                 4.42 kB
dist/assets/KaTeX_Size4-Regular-Dl5lxZxV.woff2                4.92 kB
dist/index.html                                               5.05 kB │ gzip:   2.46 kB
dist/assets/KaTeX_Size2-Regular-Dy4dx90m.woff2                5.20 kB
dist/assets/KaTeX_Size1-Regular-mCD8mA8B.woff2                5.46 kB
dist/assets/KaTeX_Size4-Regular-BF-4gkZK.woff                 5.98 kB
dist/assets/KaTeX_Size2-Regular-oD1tc_U0.woff                 6.18 kB
dist/assets/KaTeX_Size1-Regular-C195tn64.woff                 6.49 kB
dist/assets/KaTeX_Caligraphic-Regular-Di6jR-x-.woff2          6.90 kB
dist/assets/KaTeX_Caligraphic-Bold-Dq_IR9rO.woff2             6.91 kB
dist/assets/KaTeX_Size3-Regular-DgpXs0kz.ttf                  7.58 kB
dist/assets/KaTeX_Caligraphic-Regular-CTRA-rTL.woff           7.65 kB
dist/assets/KaTeX_Caligraphic-Bold-BEiXGLvX.woff              7.71 kB
dist/assets/KaTeX_Script-Regular-D3wIWfF6.woff2               9.64 kB
dist/assets/KaTeX_SansSerif-Regular-DDBCnlJ7.woff2           10.34 kB
dist/assets/KaTeX_Size4-Regular-DWFBv043.ttf                 10.36 kB
dist/assets/KaTeX_Script-Regular-D5yQViql.woff               10.58 kB
dist/assets/preview-Cjyi1QUI.webp                            10.88 kB
dist/assets/KaTeX_Fraktur-Regular-CTYiF6lA.woff2             11.31 kB
dist/assets/KaTeX_Fraktur-Bold-CL6g_b3V.woff2                11.34 kB
dist/assets/KaTeX_Size2-Regular-B7gKUWhC.ttf                 11.50 kB
dist/assets/KaTeX_SansSerif-Italic-C3H0VqGB.woff2            12.02 kB
dist/assets/KaTeX_SansSerif-Bold-D1sUS0GD.woff2              12.21 kB
dist/assets/KaTeX_Size1-Regular-Dbsnue_I.ttf                 12.22 kB
dist/assets/KaTeX_SansSerif-Regular-CS6fqUqJ.woff            12.31 kB
dist/assets/KaTeX_Caligraphic-Regular-wX97UBjC.ttf           12.34 kB
dist/assets/KaTeX_Caligraphic-Bold-ATXxdsX0.ttf              12.36 kB
dist/assets/KaTeX_Fraktur-Regular-Dxdc4cR9.woff              13.20 kB
dist/assets/KaTeX_Fraktur-Bold-BsDP51OF.woff                 13.29 kB
dist/assets/KaTeX_Typewriter-Regular-CO6r4hn1.woff2          13.56 kB
dist/assets/KaTeX_SansSerif-Italic-DN2j7dab.woff             14.11 kB
dist/assets/KaTeX_SansSerif-Bold-DbIhKOiC.woff               14.40 kB
dist/assets/preview-r9LdTZqz.webp                            15.90 kB
dist/assets/KaTeX_Typewriter-Regular-C0xS9mPB.woff           16.02 kB
dist/assets/preview-CjHmMupr.webp                            16.06 kB
dist/assets/KaTeX_Math-BoldItalic-CZnvNsCZ.woff2             16.40 kB
dist/assets/KaTeX_Math-Italic-t53AETM-.woff2                 16.44 kB
dist/assets/KaTeX_Script-Regular-C5JkGWo-.ttf                16.64 kB
dist/assets/KaTeX_Main-BoldItalic-DxDJ3AOS.woff2             16.78 kB
dist/assets/KaTeX_Main-Italic-NWA7e6Wa.woff2                 16.98 kB
dist/assets/preview-CI-HTpkY.webp                            18.04 kB
dist/assets/KaTeX_Math-BoldItalic-iY-2wyZ7.woff              18.66 kB
dist/assets/KaTeX_Math-Italic-DA0__PXp.woff                  18.74 kB
dist/assets/preview-CNOvHT_G.webp                            19.24 kB
dist/assets/KaTeX_Main-BoldItalic-SpSLRI95.woff              19.41 kB
dist/assets/KaTeX_SansSerif-Regular-BNo7hRIc.ttf             19.43 kB
dist/assets/KaTeX_Fraktur-Regular-CB_wures.ttf               19.57 kB
dist/assets/KaTeX_Fraktur-Bold-BdnERNNW.ttf                  19.58 kB
dist/assets/preview-B3k14wog.webp                            19.61 kB
dist/assets/KaTeX_Main-Italic-BMLOBm91.woff                  19.67 kB
dist/assets/preview-C-AcPbIZ.webp                            20.69 kB
dist/assets/KaTeX_SansSerif-Italic-YYjJ1zSn.ttf              22.36 kB
dist/assets/KaTeX_SansSerif-Bold-CFMepnvq.ttf                24.50 kB
dist/assets/KaTeX_Main-Bold-Cx986IdX.woff2                   25.32 kB
dist/assets/preview-BiAKy0Mw.webp                            25.51 kB
dist/assets/KaTeX_Main-Regular-B22Nviop.woff2                26.27 kB
dist/assets/KaTeX_Typewriter-Regular-D3Ib7_Hf.ttf            27.55 kB
dist/assets/KaTeX_AMS-Regular-BQhdFMY1.woff2                 28.07 kB
dist/assets/KaTeX_Main-Bold-Jm3AIy58.woff                    29.91 kB
dist/assets/KaTeX_Main-Regular-Dr94JaBh.woff                 30.77 kB
dist/assets/KaTeX_Math-BoldItalic-B3XSjfu4.ttf               31.19 kB
dist/assets/KaTeX_Math-Italic-flOr_0UB.ttf                   31.30 kB
dist/assets/KaTeX_Main-BoldItalic-DzxPMmG6.ttf               32.96 kB
dist/assets/KaTeX_AMS-Regular-DMm9YOAa.woff                  33.51 kB
dist/assets/KaTeX_Main-Italic-3WenGoN9.ttf                   33.58 kB
dist/assets/seti-BYvugthT.woff                               37.28 kB
dist/assets/KaTeX_Main-Bold-waoOVXN0.ttf                     51.33 kB
dist/assets/KaTeX_Main-Regular-ypZvNtVU.ttf                  53.58 kB
dist/assets/KaTeX_AMS-Regular-DRggAlZN.ttf                   63.63 kB
dist/assets/background-BsQJ3W_Q.webp                        113.33 kB
dist/assets/background-FAYnLeBY.webp                        151.32 kB
dist/assets/background-DuSJBFLa.webp                        188.83 kB
dist/assets/background-DToqMniy.webp                        219.95 kB
dist/assets/background-BVQt9_r_.webp                        229.75 kB
dist/assets/background-Ci5UPFsb.webp                        241.72 kB
dist/assets/background-BmUURQn1.webp                        267.37 kB
dist/assets/background-3LGG1L92.webp                        275.62 kB
dist/assets/MarkdownImage-D49CLL-D.css                        0.52 kB │ gzip:   0.31 kB
dist/assets/TranscriptSelectionMenu-DKp1xNmZ.css              0.58 kB │ gzip:   0.27 kB
dist/assets/SettingsOptions-CWC9Fyn6.css                      1.02 kB │ gzip:   0.44 kB
dist/assets/SubagentDetails-DNhdAxE2.css                      1.27 kB │ gzip:   0.45 kB
dist/assets/TrashPage-Crpni5Fa.css                            1.53 kB │ gzip:   0.46 kB
dist/assets/WorkspacePanelStability-DX5aB4BY.css              1.71 kB │ gzip:   0.64 kB
dist/assets/FrontendDiagnosticsPanel-C3cfMyyu.css             2.31 kB │ gzip:   0.78 kB
dist/assets/SettingsSelect-CIRZBENp.css                       2.40 kB │ gzip:   0.76 kB
dist/assets/ManagementPageShell-DmrE6WER.css                  2.58 kB │ gzip:   0.77 kB
dist/assets/WorktreeMergeModal-Ap4LagEX.css                   3.97 kB │ gzip:   1.02 kB
dist/assets/TerminalPanel-sLQPUA_C.css                        4.00 kB │ gzip:   1.02 kB
dist/assets/MCPInteractionCard-Vz-1HukR.css                   4.24 kB │ gzip:   1.13 kB
dist/assets/RemoteConnectWizardEntry-3Pv88lCR.css             7.92 kB │ gzip:   1.77 kB
dist/assets/UsageStatsPanel-BbL5k0lI.css                      8.13 kB │ gzip:   1.83 kB
dist/assets/SettingsPanelEntry-CWeU-Fy5.css                   8.39 kB │ gzip:   1.95 kB
dist/assets/SettingsPanel-CssQ_4eR.css                       26.75 kB │ gzip:   4.74 kB
dist/assets/vendor-markdown-BhkZgEot.css                     29.38 kB │ gzip:   7.93 kB
dist/assets/HeartbeatPanel-CzcVSRD4.css                      29.90 kB │ gzip:   5.05 kB
dist/assets/TauriChatWorkspace-BkKs91JN.css                 112.42 kB │ gzip:  17.02 kB
dist/assets/styles-DKJy_W7d.css                             885.10 kB │ gzip: 124.60 kB
dist/assets/array-BKHaHXxq.js                                 0.07 kB │ gzip:   0.07 kB │ map:     0.29 kB
dist/assets/setState-DkhXNwlH.js                              0.08 kB │ gzip:   0.09 kB │ map:     0.76 kB
dist/assets/SettingsPanelEntry-BX-jlILg.js                    0.11 kB │ gzip:   0.09 kB
dist/assets/minus-DEMUepEQ.js                                 0.11 kB │ gzip:   0.13 kB │ map:     0.74 kB
dist/assets/pie-RZYD4A2V-eC87ukV3.js                          0.12 kB │ gzip:   0.12 kB
dist/assets/info-DKCQHKI2-DUrOPpsB.js                         0.12 kB │ gzip:   0.12 kB
dist/assets/channel-CJ24q2im.js                               0.12 kB │ gzip:   0.13 kB │ map:     0.51 kB
dist/assets/radar-I7S5WNFK-ekdG6e-r.js                        0.12 kB │ gzip:   0.12 kB
dist/assets/packet-7NZHBO7P-QPpJwTOo.js                       0.12 kB │ gzip:   0.12 kB
dist/assets/cynefin-VYW2F7L2--KznPMK0.js                      0.12 kB │ gzip:   0.12 kB
dist/assets/treemap-6X3UGDF4-BQ16vndx.js                      0.12 kB │ gzip:   0.12 kB
dist/assets/wardley-OPB4EBWU-BIFZLj6i.js                      0.12 kB │ gzip:   0.12 kB
dist/assets/check-O9HpWIzw.js                                 0.12 kB │ gzip:   0.14 kB │ map:     0.75 kB
dist/assets/gitGraph-TEB2WS4Q-DZFvwdmA.js                     0.12 kB │ gzip:   0.12 kB
dist/assets/railroad-3IZDKUUU-D6EyUZR-.js                     0.12 kB │ gzip:   0.12 kB
dist/assets/treeView-QDETBFTQ-CkZXFqCw.js                     0.12 kB │ gzip:   0.12 kB
dist/assets/array-BYpjckN4.js                                 0.13 kB │ gzip:   0.12 kB │ map:     0.54 kB
dist/assets/chevron-right-CrdDvza1.js                         0.13 kB │ gzip:   0.14 kB │ map:     0.79 kB
dist/assets/frontendDiagnosticsBuild-CMJPy0GG.js              0.13 kB │ gzip:   0.11 kB │ map:     0.58 kB
dist/assets/railroad-peg-LSFZ7HO6-DiQxmCE1.js                 0.13 kB │ gzip:   0.13 kB
dist/assets/architecture-TIHT7OUA-NOVXTN3S.js                 0.13 kB │ gzip:   0.13 kB
dist/assets/chevron-down-Do5uutOd.js                          0.13 kB │ gzip:   0.14 kB │ map:     0.79 kB
dist/assets/chevron-up-4fRUbuiU.js                            0.13 kB │ gzip:   0.14 kB │ map:     0.78 kB
dist/assets/railroad-abnf-AHOZXSZD-PCEfrCtR.js                0.13 kB │ gzip:   0.13 kB
dist/assets/railroad-ebnf-EBAXGLYW-DmcaNjHD.js                0.13 kB │ gzip:   0.13 kB
dist/assets/eventmodeling-45OFAUF4-Bv9aH3ec.js                0.13 kB │ gzip:   0.13 kB
dist/assets/MarkdownImageContext-DsGSWVhS.js                  0.14 kB │ gzip:   0.14 kB │ map:     0.28 kB
dist/assets/square-DN0b4opV.js                                0.14 kB │ gzip:   0.15 kB │ map:     0.84 kB
dist/assets/loader-circle-DyBtN_tD.js                         0.14 kB │ gzip:   0.15 kB │ map:     0.81 kB
dist/assets/x-BtNyIA4p.js                                     0.15 kB │ gzip:   0.15 kB │ map:     0.82 kB
dist/assets/init-BWMzOYn8.js                                  0.15 kB │ gzip:   0.13 kB │ map:     1.00 kB
dist/assets/plus-DuIIwKla.js                                  0.15 kB │ gzip:   0.15 kB │ map:     0.83 kB
dist/assets/arrow-left-RFfYa20u.js                            0.16 kB │ gzip:   0.16 kB │ map:     0.87 kB
dist/assets/arrow-down-P0KGSs07.js                            0.17 kB │ gzip:   0.16 kB │ map:     0.87 kB
dist/assets/arrow-right-k6WOcLav.js                           0.17 kB │ gzip:   0.16 kB │ map:     0.88 kB
dist/assets/clock-CHXIDk8i.js                                 0.17 kB │ gzip:   0.16 kB │ map:     0.88 kB
dist/assets/chunk-Y2CYZVJY-BGfd48p4.js                        0.17 kB │ gzip:   0.15 kB │ map:     0.70 kB
dist/assets/search-cL_gWBxn.js                                0.17 kB │ gzip:   0.17 kB │ map:     0.89 kB
dist/assets/ResizableDrawer-C7Xk9zwY.js                       0.18 kB │ gzip:   0.15 kB │ map:     6.24 kB
dist/assets/circle-check-CXQZwmYx.js                          0.18 kB │ gzip:   0.17 kB │ map:     0.92 kB
dist/assets/command-BWMm9Um5.js                               0.18 kB │ gzip:   0.16 kB │ map:     0.84 kB
dist/assets/play-CcE5Yc2L.js                                  0.19 kB │ gzip:   0.17 kB │ map:     0.85 kB
dist/assets/chunk-2Q5K7J3B-Dzv-BOK0.js                        0.19 kB │ gzip:   0.16 kB │ map:     0.80 kB
dist/assets/rotate-ccw-DZo-XXWb.js                            0.20 kB │ gzip:   0.18 kB │ map:     0.91 kB
dist/assets/rotate-cw-DktJv2zR.js                             0.20 kB │ gzip:   0.18 kB │ map:     0.90 kB
dist/assets/circle-x-BfdD3IAO.js                              0.21 kB │ gzip:   0.17 kB │ map:     0.98 kB
dist/assets/code-xml-Bgs2OdVL.js                              0.21 kB │ gzip:   0.17 kB │ map:     0.96 kB
dist/assets/folder-0HaImYFB.js                                0.22 kB │ gzip:   0.19 kB │ map:     0.90 kB
dist/assets/ellipsis-BBqQhyMj.js                              0.23 kB │ gzip:   0.16 kB │ map:     1.06 kB
dist/assets/download-BbS3gES7.js                              0.23 kB │ gzip:   0.19 kB │ map:     0.98 kB
dist/assets/activity-DEhrhE_R.js                              0.23 kB │ gzip:   0.19 kB │ map:     0.91 kB
dist/assets/git-branch-rI7-DuiK.js                            0.23 kB │ gzip:   0.19 kB │ map:     1.04 kB
dist/assets/copy-DWOblNQQ.js                                  0.23 kB │ gzip:   0.20 kB │ map:     0.98 kB
dist/assets/deliveryContinue-APgbE_ZF.js                      0.23 kB │ gzip:   0.19 kB │ map:     1.81 kB
dist/assets/message-square-C4Y8-82z.js                        0.23 kB │ gzip:   0.20 kB │ map:     0.94 kB
dist/assets/sessionRecoveryVersionHostBridge-CvzDmaVj.js      0.23 kB │ gzip:   0.16 kB │ map:     1.12 kB
dist/assets/square-terminal-C_vi6QyN.js                       0.24 kB │ gzip:   0.20 kB │ map:     1.10 kB
dist/assets/external-link-BZ1G6FoU.js                         0.25 kB │ gzip:   0.19 kB │ map:     1.03 kB
dist/assets/circle-alert-3VfyUtOc.js                          0.25 kB │ gzip:   0.18 kB │ map:     1.13 kB
dist/assets/archive-CaPe5gx7.js                               0.25 kB │ gzip:   0.21 kB │ map:     1.05 kB
dist/assets/chunk-XXDRQBXY-DAq4ulXn.js                        0.26 kB │ gzip:   0.22 kB │ map:     0.97 kB
dist/assets/clipboard-BQL1Pi_f.js                             0.26 kB │ gzip:   0.21 kB │ map:     1.06 kB
dist/assets/triangle-alert-CClsL2Kn.js                        0.27 kB │ gzip:   0.21 kB │ map:     1.08 kB
dist/assets/chunk-JWPE2WC7-CVTKyB14.js                        0.27 kB │ gzip:   0.18 kB │ map:     0.80 kB
dist/assets/pencil-CWlknlcw.js                                0.28 kB │ gzip:   0.22 kB │ map:     1.00 kB
dist/assets/lightbulb-B6wPNWsm.js                             0.28 kB │ gzip:   0.22 kB │ map:     1.07 kB
dist/assets/coins-BtxUiYli.js                                 0.29 kB │ gzip:   0.22 kB │ map:     1.10 kB
dist/assets/folder-open-VLnFgRck.js                           0.29 kB │ gzip:   0.22 kB │ map:     0.99 kB
dist/assets/remoteNavigationCommands-CY5lOYOy.js              0.29 kB │ gzip:   0.22 kB │ map:     0.99 kB
dist/assets/TranscriptPresentationContext-CeHs8-S2.js         0.29 kB │ gzip:   0.22 kB │ map:     0.80 kB
dist/assets/hash-Cv_x5NF0.js                                  0.30 kB │ gzip:   0.19 kB │ map:     1.24 kB
dist/assets/externalLinks-DGozlwPw.js                         0.30 kB │ gzip:   0.23 kB │ map:     1.28 kB
dist/assets/list-DgywJTjv.js                                  0.30 kB │ gzip:   0.19 kB │ map:     1.19 kB
dist/assets/message-square-plus-CcMMgkPK.js                   0.31 kB │ gzip:   0.23 kB │ map:     1.15 kB
dist/assets/dist-js-BMomq_Bw.js                               0.31 kB │ gzip:   0.20 kB │ map:    25.11 kB
dist/assets/refresh-cw-Cf7UQEUl.js                            0.32 kB │ gzip:   0.23 kB │ map:     1.13 kB
dist/assets/trash-2-B_BY0KO5.js                               0.32 kB │ gzip:   0.21 kB │ map:     1.18 kB
dist/assets/exactPromptSubmit-CTOmvacg.js                     0.32 kB │ gzip:   0.23 kB │ map:     1.63 kB
dist/assets/refToken-BTD1uOXt.js                              0.33 kB │ gzip:   0.21 kB │ map:     1.40 kB
dist/assets/navigationOwner-BXox2Zjf.js                       0.33 kB │ gzip:   0.23 kB │ map:     1.74 kB
dist/assets/chunk-3NCLNEKW-CupS9UCK.js                        0.33 kB │ gzip:   0.26 kB │ map:     1.09 kB
dist/assets/server-0WQrFYRp.js                                0.34 kB │ gzip:   0.21 kB │ map:     1.35 kB
dist/assets/FrontendDiagnosticsPanel-CNCyeFCh.js              0.34 kB │ gzip:   0.22 kB │ map:     0.96 kB
dist/assets/pin-CfAoTtsA.js                                   0.34 kB │ gzip:   0.23 kB │ map:     1.05 kB
dist/assets/remoteWorkspace-BJySPRka.js                       0.34 kB │ gzip:   0.23 kB │ map:     1.47 kB
dist/assets/shield-alert-BuHO_nuL.js                          0.35 kB │ gzip:   0.26 kB │ map:     1.15 kB
dist/assets/chunk-5VM5RSS4-BFaMbyqY.js                        0.37 kB │ gzip:   0.27 kB │ map:     0.75 kB
dist/assets/projectColors-BdYcISKb.js                         0.37 kB │ gzip:   0.23 kB │ map:     1.36 kB
dist/assets/file-text-UpqpD4-s.js                             0.39 kB │ gzip:   0.25 kB │ map:     1.28 kB
dist/assets/minimize-2-Dknmsiys.js                            0.42 kB │ gzip:   0.24 kB │ map:     1.98 kB
dist/assets/costRateBand-CY5_EQCk.js                          0.42 kB │ gzip:   0.24 kB │ map:     1.94 kB
dist/assets/TranscriptLayoutIntentContext-i1-j8j7M.js         0.42 kB │ gzip:   0.24 kB │ map:     1.53 kB
dist/assets/desktopWebViewHeartbeat-DQS6pn5V.js               0.45 kB │ gzip:   0.27 kB │ map:     1.11 kB
dist/assets/recoveryStatus-CuZ-_p8_.js                        0.46 kB │ gzip:   0.26 kB │ map:     1.51 kB
dist/assets/info-DxZSL8cB.js                                  0.47 kB │ gzip:   0.29 kB │ map:     2.12 kB
dist/assets/folder-tree-oR8QUfrW.js                           0.48 kB │ gzip:   0.27 kB │ map:     1.37 kB
dist/assets/mcpListAttribution-C7aswt6v.js                    0.48 kB │ gzip:   0.31 kB │ map:     1.72 kB
dist/assets/format-D7OnIEEX.js                                0.48 kB │ gzip:   0.28 kB │ map:     3.43 kB
dist/assets/settings-CqUPGqZa.js                              0.49 kB │ gzip:   0.26 kB │ map:     1.25 kB
dist/assets/sparkles-CkysnfcX.js                              0.49 kB │ gzip:   0.28 kB │ map:     1.36 kB
dist/assets/chunk-BIQX33UG-B2FvK90j.js                        0.51 kB │ gzip:   0.31 kB │ map:     1.84 kB
dist/assets/chunk-QBLGF6JB-BimHJyjI.js                        0.51 kB │ gzip:   0.32 kB │ map:     1.85 kB
dist/assets/chunk-EMLP6XTP-CWjrJb0d.js                        0.51 kB │ gzip:   0.31 kB │ map:     1.86 kB
dist/assets/chunk-OSBZ3O6U-wh0kd2Yl.js                        0.52 kB │ gzip:   0.32 kB │ map:     1.88 kB
dist/assets/chunk-CYSBUYHQ-B0FN_Uf-.js                        0.52 kB │ gzip:   0.32 kB │ map:     1.90 kB
dist/assets/ModalCloseButton-BTtEWTFB.js                      0.53 kB │ gzip:   0.34 kB │ map:     1.25 kB
dist/assets/chunk-5FCAYU7R-D_i1qqIR.js                        0.53 kB │ gzip:   0.34 kB │ map:     1.95 kB
dist/assets/chunk-KBJHAD2P-DZNbgh8o.js                        0.58 kB │ gzip:   0.40 kB │ map:     2.00 kB
dist/assets/brain-B26l5jlZ.js                                 0.58 kB │ gzip:   0.31 kB │ map:     1.58 kB
dist/assets/remoteErrors-VoSKhatD.js                          0.61 kB │ gzip:   0.26 kB │ map:     1.66 kB
dist/assets/useCommittedCommand-9zav-lEp.js                   0.61 kB │ gzip:   0.34 kB │ map:     2.24 kB
dist/assets/flowDiagram-UKHOOZJN-DuKof7wY.js                  0.62 kB │ gzip:   0.33 kB
dist/assets/markdownImage-2F1EAV-S.js                         0.62 kB │ gzip:   0.34 kB │ map:     1.89 kB
dist/assets/infoDiagram-6WML65LV-B9mqtF5M.js                  0.63 kB │ gzip:   0.41 kB │ map:     1.92 kB
dist/assets/cpu-BIsuDV-N.js                                   0.64 kB │ gzip:   0.28 kB │ map:     2.05 kB
dist/assets/chunk-YOTPTUD7-Bt_LEq53.js                        0.64 kB │ gzip:   0.40 kB │ map:     2.31 kB
dist/assets/motion-BHIBpcY2.js                                0.69 kB │ gzip:   0.39 kB │ map:     2.40 kB
dist/assets/capabilityMutations-CsIpbRer.js                   0.70 kB │ gzip:   0.41 kB │ map:     1.75 kB
dist/assets/sessionRuntimeOwner-i9lhw6_r.js                   0.72 kB │ gzip:   0.30 kB │ map:     2.70 kB
dist/assets/InlineConfirmButton-CuH7_HWg.js                   0.74 kB │ gzip:   0.42 kB │ map:     2.29 kB
dist/assets/defineProperty-DMTxG6H7.js                        0.76 kB │ gzip:   0.38 kB
dist/assets/inboxGuidanceSubmit-Cy40hhoY.js                   0.77 kB │ gzip:   0.36 kB │ map:     2.61 kB
dist/assets/contextPanelUtils-lKBlxVUV.js                     0.77 kB │ gzip:   0.37 kB │ map:     2.44 kB
dist/assets/MarkdownRenderer-DijFikj8.js                      0.78 kB │ gzip:   0.46 kB │ map:     2.92 kB
dist/assets/classDiagram-JCYQIIEL-BnGhUAfa.js                 0.79 kB │ gzip:   0.45 kB │ map:     1.52 kB
dist/assets/classDiagram-v2-OCEON4UE-BnGhUAfa.js              0.79 kB │ gzip:   0.45 kB │ map:     1.53 kB
dist/assets/stateDiagram-v2-UEYNNEHI-BSdbLa7O.js              0.80 kB │ gzip:   0.46 kB │ map:     1.51 kB
dist/assets/transcriptGrouping-IAUu3z7l.js                    0.80 kB │ gzip:   0.45 kB │ map:     5.31 kB
dist/assets/markdownByteEstimate-CB8EokL-.js                  0.81 kB │ gzip:   0.45 kB │ map:     2.86 kB
dist/assets/swimlanesDiagram-ULZ7WXOC-CAoBwgsM.js             0.87 kB │ gzip:   0.49 kB │ map:     1.51 kB
dist/assets/runtimeStateStore-DkAbgM6L.js                     0.88 kB │ gzip:   0.51 kB │ map:     3.51 kB
dist/assets/react-Cl1NIFYx.js                                 0.89 kB │ gzip:   0.47 kB │ map:     2.92 kB
dist/assets/chunk-5HE753X5-CS9PMEV3.js                        0.90 kB │ gzip:   0.47 kB │ map:     3.14 kB
dist/assets/sessionActionOwner-CduD0lnr.js                    0.93 kB │ gzip:   0.39 kB │ map:     4.72 kB
dist/assets/chunk-MOZMSUNE-B5T0u7jS.js                        0.97 kB │ gzip:   0.49 kB │ map:     3.22 kB
dist/assets/chunk-CQNSW5MT-BLkdOW1W.js                        0.99 kB │ gzip:   0.51 kB │ map:     3.29 kB
dist/assets/line-BvVP_ci3.js                                  1.00 kB │ gzip:   0.48 kB │ map:     3.29 kB
dist/assets/McpListLayers-D-CQlFQX.js                         1.00 kB │ gzip:   0.41 kB │ map:     2.16 kB
dist/assets/session-DqtbuK4u.js                               1.01 kB │ gzip:   0.36 kB │ map:     3.00 kB
dist/assets/inboxSubmit-BzQ_R2iu.js                           1.02 kB │ gzip:   0.49 kB │ map:     3.26 kB
dist/assets/composerGuidance-BQ2RUa7Z.js                      1.06 kB │ gzip:   0.53 kB │ map:     3.27 kB
dist/assets/appNavigation-CE9yj8GE.js                         1.08 kB │ gzip:   0.47 kB │ map:     3.42 kB
dist/assets/chunk-UBXNYLIW-DBPkefmb.js                        1.08 kB │ gzip:   0.61 kB │ map:     3.17 kB
dist/assets/useMountTransition-BU3SFv9W.js                    1.08 kB │ gzip:   0.49 kB │ map:     4.58 kB
dist/assets/sizeCapture-X5ZJPWSS-DTqFx22c.js                  1.10 kB │ gzip:   0.53 kB │ map:     2.91 kB
dist/assets/chunk-5TONJI2A-D2kCyGPb.js                        1.11 kB │ gzip:   0.59 kB │ map:     4.11 kB
dist/assets/UndoRewindBanner-D1dNyhia.js                      1.13 kB │ gzip:   0.54 kB │ map:     2.88 kB
dist/assets/WindowsWindowControls-B0MBQajN.js                 1.13 kB │ gzip:   0.44 kB │ map:     1.97 kB
dist/assets/SubagentOutcomeCard-B0HCna-o.js                   1.13 kB │ gzip:   0.58 kB │ map:     2.86 kB
dist/assets/mockMCPInteraction-CSo0wxS-.js                    1.13 kB │ gzip:   0.55 kB │ map:     3.01 kB
dist/assets/chunk-JG7HCLWE-bqzg8ldc.js                        1.14 kB │ gzip:   0.60 kB │ map:     4.18 kB
dist/assets/rolldown-runtime-B0ziMyKk.js                      1.19 kB │ gzip:   0.66 kB
dist/assets/chunk-U6XO7XAA-CFSmFROp.js                        1.20 kB │ gzip:   0.64 kB │ map:     4.35 kB
dist/assets/useNavigationIntentFence-C63hamBh.js              1.21 kB │ gzip:   0.60 kB │ map:     3.17 kB
dist/assets/preload-helper-BAhTmhLg.js                        1.25 kB │ gzip:   0.69 kB
dist/assets/money-Br58Vl5S.js                                 1.30 kB │ gzip:   0.61 kB │ map:     4.72 kB
dist/assets/ordinal-DDMBK6TR.js                               1.30 kB │ gzip:   0.59 kB │ map:     4.53 kB
dist/assets/HljsCode-2OeGXcGC.js                              1.36 kB │ gzip:   0.76 kB │ map:     5.08 kB
dist/assets/CodeViewer-Dni6UoQv.js                            1.39 kB │ gzip:   0.73 kB │ map:     2.37 kB
dist/assets/searchSourcesPresentation-BkxmZrNw.js             1.41 kB │ gzip:   0.75 kB │ map:     4.42 kB
dist/assets/ManagementPageShell-Dtht9tAh.js                   1.42 kB │ gzip:   0.63 kB │ map:     5.49 kB
dist/assets/sessionRecoveryRuntime-Db7jnsFO.js                1.42 kB │ gzip:   0.73 kB │ map:     5.25 kB
dist/assets/toast-B5fCssHx.js                                 1.48 kB │ gzip:   0.72 kB │ map:     3.99 kB
dist/assets/SettingsOptions-yPWaV4iE.js                       1.48 kB │ gzip:   0.84 kB │ map:     3.30 kB
dist/assets/diff-_2G0u5Ag.js                                  1.49 kB │ gzip:   0.72 kB │ map:     5.77 kB
dist/assets/RecoveryWaitBanner-tLT91OpK.js                    1.50 kB │ gzip:   0.62 kB │ map:     3.06 kB
dist/assets/createLucideIcon-DsCRaO0f.js                      1.55 kB │ gzip:   0.84 kB │ map:     8.95 kB
dist/assets/SubagentPreview-CS9PejPB.js                       1.56 kB │ gzip:   0.50 kB │ map:     3.28 kB
dist/assets/sessionExportData-CPywTeZt.js                     1.60 kB │ gzip:   0.72 kB │ map:     4.48 kB
dist/assets/searchSources-C1X1B9wS.js                         1.60 kB │ gzip:   0.74 kB │ map:     5.72 kB
dist/assets/chunk-R7FJI6CG-DyG5Edjt.js                        1.62 kB │ gzip:   0.81 kB │ map:     5.52 kB
dist/assets/CopyButton-X-_5GC42.js                            1.64 kB │ gzip:   0.79 kB │ map:     4.61 kB
dist/assets/HljsDiff-BNnAoqdc.js                              1.64 kB │ gzip:   0.81 kB │ map:     4.52 kB
dist/assets/clipboard-Btd3XLTl.js                             1.65 kB │ gzip:   0.72 kB │ map:     4.96 kB
dist/assets/RuntimeDecisionCard-rX94Ou-5.js                   1.68 kB │ gzip:   0.84 kB │ map:     4.40 kB
dist/assets/railroadDiagram-AXF67PYL-Xf4QeFBs.js              1.72 kB │ gzip:   0.79 kB │ map:     4.56 kB
dist/assets/chunk-5JV3BV7I-CvyJFUjq.js                        1.81 kB │ gzip:   0.75 kB │ map:     5.61 kB
dist/assets/rewindCommit-DVRE-oSf.js                          1.85 kB │ gzip:   0.82 kB │ map:     5.16 kB
dist/assets/chunk-W5SLKNZC-riTHF4bA.js                        1.86 kB │ gzip:   0.90 kB │ map:     5.71 kB
dist/assets/abnfDiagram-N423BO3Z-BNKoRDk2.js                  1.87 kB │ gzip:   0.92 kB │ map:     5.39 kB
dist/assets/MemoryCitations-CW9ZSsV-.js                       1.90 kB │ gzip:   0.81 kB │ map:     4.77 kB
dist/assets/sessionExperience-DArfIg2r.js                     1.94 kB │ gzip:   0.69 kB │ map:     5.18 kB
dist/assets/tabMetaRefresh-J_Pw4nHM.js                        1.96 kB │ gzip:   0.94 kB │ map:     7.22 kB
dist/assets/ProjectTreeFolderActivity-CjtFHOW8.js             1.98 kB │ gzip:   0.95 kB │ map:     4.45 kB
dist/assets/chunk-2GRJ4B5K-CJBX6X_3.js                        1.98 kB │ gzip:   0.89 kB │ map:     6.14 kB
dist/assets/WorktreeBadge-YmX_hQuK.js                         2.05 kB │ gzip:   0.90 kB │ map:     6.87 kB
dist/assets/pegDiagram-VL7TDLO6-jiEYCf2t.js                   2.08 kB │ gzip:   0.96 kB │ map:     5.78 kB
dist/assets/ebnfDiagram-BXEA7PRR-D_7CSmr1.js                  2.12 kB │ gzip:   0.91 kB │ map:     5.95 kB
dist/assets/ReasoningSummary-CQFrSta2.js                      2.17 kB │ gzip:   1.04 kB │ map:     8.53 kB
dist/assets/AssistantReasoningPanel-F_obmaK8.js               2.24 kB │ gzip:   1.01 kB │ map:     6.02 kB
dist/assets/PinnedFilesShelf-6J28PU1h.js                      2.25 kB │ gzip:   1.04 kB │ map:     4.46 kB
dist/assets/chunk-7BUUIJ7U-BGKARiK2.js                        2.26 kB │ gzip:   0.84 kB │ map:    10.07 kB
dist/assets/dist-CuK8MNRU.js                                  2.28 kB │ gzip:   1.01 kB │ map:     6.53 kB
dist/assets/ConfirmDialog-DUMtEYsN.js                         2.31 kB │ gzip:   0.96 kB │ map:     6.20 kB
dist/assets/StreamingReasoningText-D31RAjdv.js                2.34 kB │ gzip:   1.03 kB │ map:    10.98 kB
dist/assets/path-CRjrksrk.js                                  2.35 kB │ gzip:   1.00 kB │ map:     8.54 kB
dist/assets/TopicbarExportMenu-nq5lqy96.js                    2.37 kB │ gzip:   1.02 kB │ map:     6.81 kB
dist/assets/SearchSourcesPanel-Ii_-3ADm.js                    2.38 kB │ gzip:   1.00 kB │ map:     5.43 kB
dist/assets/ClearContextCard-DItbGuke.js                      2.47 kB │ gzip:   1.13 kB │ map:     7.33 kB
dist/assets/remote-DVWZcP4G.js                                2.49 kB │ gzip:   0.96 kB │ map:     8.58 kB
dist/assets/lang-ClCI_BXE.js                                  2.50 kB │ gzip:   0.89 kB │ map:     7.65 kB
dist/assets/todoVisibility-CIlzk_XV.js                        2.59 kB │ gzip:   0.96 kB │ map:     8.12 kB
dist/assets/sessionDiagnostics-BHFaDkJb.js                    2.63 kB │ gzip:   1.12 kB │ map:    12.91 kB
dist/assets/TranscriptQuestionNavigator-Bcp0kDCq.js           2.65 kB │ gzip:   1.15 kB │ map:     8.16 kB
dist/assets/wailsDesktopRuntime-vHT0Sgd_.js                   2.68 kB │ gzip:   0.99 kB │ map:    18.32 kB
dist/assets/StorageSettingsPage-DZjABDhV.js                   2.74 kB │ gzip:   0.97 kB │ map:     5.41 kB
dist/assets/sessionRecoveryVersions-C-cbD0mv.js               2.82 kB │ gzip:   1.18 kB │ map:     7.84 kB
dist/assets/controllerSwitchNotices-BuSZJ1I0.js               2.85 kB │ gzip:   1.08 kB │ map:     6.23 kB
dist/assets/TodoPanel-IH2QLJc5.js                             2.86 kB │ gzip:   1.33 kB │ map:     8.70 kB
dist/assets/Tooltip-rSVzVeCy.js                               2.88 kB │ gzip:   1.28 kB │ map:     9.17 kB
dist/assets/runtimeStateSync-D2LaBOnx.js                      2.89 kB │ gzip:   1.28 kB │ map:     8.53 kB
dist/assets/SessionTakeoverDialog-FiFYenu2.js                 3.01 kB │ gzip:   1.15 kB │ map:     7.30 kB
dist/assets/attachmentDisplay-Dc4_GFFI.js                     3.20 kB │ gzip:   1.14 kB │ map:     8.64 kB
dist/assets/ContextMenu-Cqy1er8t.js                           3.21 kB │ gzip:   1.32 kB │ map:     9.04 kB
dist/assets/AnchoredPopover-B4Z-y8-O.js                       3.32 kB │ gzip:   1.38 kB │ map:    10.30 kB
dist/assets/highlight-Co7VFck2.js                             3.36 kB │ gzip:   1.33 kB │ map:    14.30 kB
dist/assets/SessionRecoveryBanner-n8RMTrR7.js                 3.36 kB │ gzip:   1.37 kB │ map:     8.82 kB
dist/assets/regexSearch.worker-Bw0yItKX.js                    3.53 kB │ gzip:   1.34 kB │ map:     0.09 kB
dist/assets/TrashPage-Dj3UMy7v.js                             3.57 kB │ gzip:   1.52 kB │ map:    10.86 kB
dist/assets/QuestionJumpBar-z0sBBZc7.js                       3.63 kB │ gzip:   1.65 kB │ map:    11.91 kB
dist/assets/chunk-J7OUQ5F2-D7whx_L1.js                        3.65 kB │ gzip:   1.58 kB │ map:     6.07 kB
dist/assets/workspaceRefreshStore-MR8Bf_7X.js                 3.68 kB │ gzip:   1.36 kB │ map:    13.76 kB
dist/assets/arc-Bef1RsGF.js                                   3.70 kB │ gzip:   1.51 kB │ map:    14.51 kB
dist/assets/projectTreeRuntime-BLi96t0w.js                    3.76 kB │ gzip:   1.48 kB │ map:    13.13 kB
dist/assets/SessionRecoveryVersionsHost-DlCxGwym.js           3.84 kB │ gzip:   1.67 kB │ map:     7.66 kB
dist/assets/ExtensionFormDialog-D-kx9fyg.js                   3.86 kB │ gzip:   1.55 kB │ map:    10.90 kB
dist/assets/managementLocale-BOQGh6Q_.js                      4.08 kB │ gzip:   2.08 kB │ map:     6.11 kB
dist/assets/BlankProjectFlow-BkGkxVWe.js                      4.18 kB │ gzip:   1.68 kB │ map:    11.13 kB
dist/assets/terminalTheme-D1Xnsz3k.js                         4.29 kB │ gzip:   1.70 kB │ map:    12.02 kB
dist/assets/diagram-LBJQPF4R-DYQ3UF0y.js                      4.39 kB │ gzip:   1.87 kB │ map:    11.60 kB
dist/assets/themeExperience-Bzp1UpIf.js                       4.46 kB │ gzip:   1.29 kB │ map:    12.41 kB
dist/assets/FileReferenceMenu-CvGrMjH6.js                     4.60 kB │ gzip:   1.94 kB │ map:    16.08 kB
dist/assets/SidebarImConnectionDetail-dMWnAVKJ.js             4.63 kB │ gzip:   1.22 kB │ map:    10.18 kB
dist/assets/CommandPalette-LDK-RsMl.js                        4.67 kB │ gzip:   1.71 kB │ map:    17.09 kB
dist/assets/SettingsSelect-MfPSs1cw.js                        4.85 kB │ gzip:   2.06 kB │ map:    11.83 kB
dist/assets/terminal-DbVPU2wp.js                              5.00 kB │ gzip:   1.83 kB │ map:    18.12 kB
dist/assets/defaultLocale-CmbRFqoc.js                         5.17 kB │ gzip:   2.25 kB │ map:    20.29 kB
dist/assets/sidebarImProjection-D0I30kPs.js                   5.21 kB │ gzip:   1.80 kB │ map:    16.16 kB
dist/assets/map-BVMY07sT.js                                   5.26 kB │ gzip:   1.96 kB │ map:    35.34 kB
dist/assets/completionSummary-CSqCSMfN.js                     5.33 kB │ gzip:   1.74 kB │ map:    13.06 kB
dist/assets/ModelSwitcher-BbbpvGAK.js                         5.38 kB │ gzip:   2.16 kB │ map:    14.73 kB
dist/assets/transcriptSelectionStore-Dh_HCIn7.js              5.49 kB │ gzip:   1.72 kB │ map:    18.19 kB
dist/assets/TurnResultSummary-CyyT-6vT.js                     5.79 kB │ gzip:   2.35 kB │ map:    15.77 kB
dist/assets/ProviderModelDialog-DCg1CkWn.js                   5.85 kB │ gzip:   1.84 kB │ map:    13.37 kB
dist/assets/RecoveryLineageDialog-CD2HfQoP.js                 6.03 kB │ gzip:   1.99 kB │ map:    14.56 kB
dist/assets/ComposerGuidanceShelf-_WYiBtgx.js                 6.05 kB │ gzip:   2.23 kB │ map:    17.07 kB
dist/assets/MarkdownHistory-TzQpdsDW.js                       6.17 kB │ gzip:   2.41 kB │ map:    25.19 kB
dist/assets/chunk-4I5QYGJK-Bj_UTFhs.js                        6.28 kB │ gzip:   2.82 kB │ map:    24.66 kB
dist/assets/useUpdater-C714sZFc.js                            6.36 kB │ gzip:   2.46 kB │ map:    23.29 kB
dist/assets/linear-CVOyf0XJ.js                                6.37 kB │ gzip:   2.43 kB │ map:    24.48 kB
dist/assets/diagram-UB23O5K3-D32EpMyr.js                      6.37 kB │ gzip:   2.60 kB │ map:    18.11 kB
dist/assets/pieDiagram-7S7Q4E2Y-B6W7t_W9.js                   6.40 kB │ gzip:   2.65 kB │ map:    19.69 kB
dist/assets/RemoteSessionSurface-IATDxr-E.js                  6.58 kB │ gzip:   2.41 kB │ map:    17.47 kB
dist/assets/transcriptSelectionDom-CRAiLWdy.js                6.63 kB │ gzip:   2.38 kB │ map:    18.64 kB
dist/assets/mermaid-parser.core-39YZv5MR.js                   6.93 kB │ gzip:   1.89 kB │ map:    16.16 kB
dist/assets/chunk-RYQCIY6F-BRVdvlVi.js                        7.14 kB │ gzip:   2.70 kB │ map:    29.40 kB
dist/assets/PromptShelf-BKD_3aaP.js                           7.33 kB │ gzip:   2.47 kB │ map:    23.86 kB
dist/assets/AskCard-CissIWHi.js                               7.59 kB │ gzip:   2.92 kB │ map:    25.62 kB
dist/assets/ShortcutsCheatsheet-DnuyEwBN.js                   7.72 kB │ gzip:   2.77 kB │ map:    21.46 kB
dist/assets/markdownPipeline-Bj3Zys2h.js                      7.78 kB │ gzip:   3.00 kB │ map:    29.09 kB
dist/assets/WorktreeMergeModal-DvmBwAiL.js                    8.52 kB │ gzip:   2.62 kB │ map:    23.95 kB
dist/assets/TranscriptSelectionMenu-BZOCc6X8.js               8.53 kB │ gzip:   3.04 kB │ map:    24.09 kB
dist/assets/diagram-7IWD3JNH-DsXtSrjU.js                      8.73 kB │ gzip:   3.74 kB │ map:    25.26 kB
dist/assets/dagre-VZM6K2ZE-kgUxsNcC.js                        8.89 kB │ gzip:   3.42 kB │ map:    29.01 kB
dist/assets/bridgeBenchFixtures-CkPITBV_.js                   8.92 kB │ gzip:   3.63 kB │ map:    22.79 kB
dist/assets/workspaceDrag-B8S4D_Iy.js                         8.97 kB │ gzip:   2.42 kB │ map:    28.66 kB
dist/assets/Markdown-CBJI6FI2.js                              9.42 kB │ gzip:   3.67 kB │ map:    26.78 kB
dist/assets/theme-B-SoAcdd.js                                 9.67 kB │ gzip:   3.43 kB │ map:    29.20 kB
dist/assets/controllerNotices-B6bs01rw.js                    10.39 kB │ gzip:   3.47 kB │ map:    19.88 kB
dist/assets/cynefinDiagram-MW4NZA55-CxWvLAji.js              10.49 kB │ gzip:   3.51 kB │ map:    29.28 kB
dist/assets/stateDiagram-OKZ733FA-CRGKwGzJ.js                10.75 kB │ gzip:   3.77 kB │ map:    31.32 kB
dist/assets/RemotePanel-Bd20ko4C.js                          10.96 kB │ gzip:   3.28 kB │ map:    27.84 kB
dist/assets/keyboardShortcuts-CVJ5gjad.js                    11.29 kB │ gzip:   2.80 kB │ map:    28.63 kB
dist/assets/DiagnosticsSettingsPage-DznHG50q.js              11.46 kB │ gzip:   3.66 kB │ map:    27.65 kB
dist/assets/ShortcutComboDisplay-Fvx3WTk0.js                 11.68 kB │ gzip:   3.92 kB │ map:    34.86 kB
dist/assets/diagram-B4RE2ZJO-CTlXTT1Q.js                     12.05 kB │ gzip:   4.26 kB │ map:    33.38 kB
dist/assets/RemoteHostsPage-Cv2ebxg5.js                      12.13 kB │ gzip:   3.17 kB │ map:    28.86 kB
dist/assets/LineNumberCode-B6Zi5Rsi.js                       12.32 kB │ gzip:   4.75 kB │ map:    45.95 kB
dist/assets/providerImageInput-BCvX1ruX.js                   12.83 kB │ gzip:   4.80 kB │ map:    20.70 kB
dist/assets/MCPInteractionCard-DFwVpn4J.js                   13.03 kB │ gzip:   3.64 kB │ map:    37.68 kB
dist/assets/TranscriptWindow-DOh8mB0t.js                     13.22 kB │ gzip:   4.85 kB │ map:    52.34 kB
dist/assets/TaskMonitorPanel-CqYtnolo.js                     13.62 kB │ gzip:   4.14 kB │ map:    37.86 kB
dist/assets/sessionExport-QbG3UQUs.js                        14.55 kB │ gzip:   5.20 kB │ map:    33.35 kB
dist/assets/chunk-6Q2QTUOP-h8iuTkvy.js                       15.82 kB │ gzip:   4.38 kB │ map:    45.98 kB
dist/assets/FrontendDiagnosticsControl-nn1TO3Xz.js           16.30 kB │ gzip:   6.16 kB │ map:    47.93 kB
dist/assets/diagram-Q27KOJAE-D_C23XkV.js                     16.63 kB │ gzip:   5.66 kB │ map:    54.53 kB
dist/assets/markdownComponents-llMVHbjD.js                   16.70 kB │ gzip:   5.75 kB │ map:    45.86 kB
dist/assets/MermaidDiagram-Bh3BcUfQ.js                       17.34 kB │ gzip:   5.96 kB │ map:    44.11 kB
dist/assets/esm-Hb3M_JTM.js                                  17.42 kB │ gzip:   6.18 kB │ map:    65.95 kB
dist/assets/ishikawaDiagram-WSZJBQD7-BDJQD4Jw.js             17.61 kB │ gzip:   6.56 kB │ map:    55.65 kB
dist/assets/SubagentsPanel-CoyuBfmA.js                       18.09 kB │ gzip:   4.66 kB │ map:    43.63 kB
dist/assets/RemoteConnectWizardEntry-CcVAWyTR.js             19.24 kB │ gzip:   5.04 kB │ map:    52.26 kB
dist/assets/ProjectTreeOrganization-Bg_1G0rf.js              19.56 kB │ gzip:   6.46 kB │ map:    58.24 kB
dist/assets/kanban-definition-27J2QSJJ-Blwxu7d3.js           20.21 kB │ gzip:   7.19 kB │ map:    60.90 kB
dist/assets/ApprovalModal-aQ-Ipj1x.js                        20.69 kB │ gzip:   6.23 kB │ map:    63.16 kB
dist/assets/markdownRemarkPlugins-DttY0GLE.js                21.93 kB │ gzip:   8.36 kB │ map:    92.74 kB
dist/assets/HistoryPanel-C8k_kAGW.js                         22.28 kB │ gzip:   6.40 kB │ map:    64.14 kB
dist/assets/ContextPanel-Dp9J3QrN.js                         22.80 kB │ gzip:   6.01 kB │ map:    60.00 kB
dist/assets/mindmap-definition-FAOFIHXS-DTQ2bHeO.js          23.35 kB │ gzip:   8.02 kB │ map:    69.24 kB
dist/assets/journeyDiagram-NVQOT4AX-oqT7o8nL.js              23.85 kB │ gzip:   8.29 kB │ map:    70.96 kB
dist/assets/sankeyDiagram-W5VNT64P-DDz0GG2t.js               24.44 kB │ gzip:   8.63 kB │ map:    79.12 kB
dist/assets/esm-nNtG-UAm.js                                  24.97 kB │ gzip:   7.45 kB │ map:    78.18 kB
dist/assets/wardleyDiagram-T6FBY63Y-DJc3eUxR.js              25.98 kB │ gzip:   6.65 kB │ map:    70.57 kB
dist/assets/graphlib-DZMbFQnf.js                             26.44 kB │ gzip:   8.54 kB │ map:   193.38 kB
dist/assets/erDiagram-JOGREHBK-Cr5pVfmj.js                   26.90 kB │ gzip:   9.46 kB │ map:    81.52 kB
dist/assets/UsageStatsPanel-DjSvpHhi.js                      27.83 kB │ gzip:   8.28 kB │ map:    79.41 kB
dist/assets/rough.esm-p8dw60of.js                            28.07 kB │ gzip:   9.14 kB │ map:    66.95 kB
dist/assets/gitGraphDiagram-DS77QQ5N-CF6P3sSS.js             29.58 kB │ gzip:   8.64 kB │ map:   104.30 kB
dist/assets/StatusBarItemsEditor-D6tOjuLz.js                 30.07 kB │ gzip:   8.47 kB │ map:    78.67 kB
dist/assets/timeline-definition-Z64GVDOM-J4VhIdmi.js         30.95 kB │ gzip:  10.04 kB │ map:    94.86 kB
dist/assets/requirementDiagram-LRYGKXZP-CTr6AbdY.js          31.20 kB │ gzip:   9.80 kB │ map:    89.99 kB
dist/assets/tauriBridge-CP1ZUtMS.js                          31.34 kB │ gzip:   7.64 kB │ map:   109.42 kB
dist/assets/MemoryPanel-7u60zNVR.js                          33.30 kB │ gzip:   7.36 kB │ map:   110.27 kB
dist/assets/chunk-NSK5VX7P-DIggLEHg.js                       33.92 kB │ gzip:   8.93 kB │ map:   120.27 kB
dist/assets/dagre-C1ovc7t7.js                                34.27 kB │ gzip:  11.90 kB │ map:   199.21 kB
dist/assets/chunk-7Z6QIM7H-B_hkPMj_.js                       34.48 kB │ gzip:   7.38 kB │ map:    90.91 kB
dist/assets/quadrantDiagram-CIZ2JOQS-B60LgZ8n.js             34.74 kB │ gzip:   9.83 kB │ map:   100.59 kB
dist/assets/chunk-5RXB4S5H-DtNoKxO5.js                       37.64 kB │ gzip:  12.22 kB │ map:   113.17 kB
dist/assets/mermaid.core-DWvP8tVB.js                         38.11 kB │ gzip:  12.34 kB │ map:   103.91 kB
dist/assets/index-DnVmcLLk.js                                41.84 kB │ gzip:  14.66 kB │ map:   106.82 kB
dist/assets/xychartDiagram-ELKLHX3M-CnsX52UD.js              43.60 kB │ gzip:  11.90 kB │ map:   125.82 kB
dist/assets/vennDiagram-T6HMQDX7-KtrR09NA.js                 44.13 kB │ gzip:  15.64 kB │ map:   167.19 kB
dist/assets/providerCatalog.generated-DUKx8eUP.js            46.25 kB │ gzip:   5.17 kB │ map:    72.80 kB
dist/assets/chunk-ZIRB5QZD-B-nxTeKg.js                       47.66 kB │ gzip:  14.56 kB │ map:   143.24 kB
dist/assets/chunk-GF5L2VYU-CwKWp5MN.js                       48.91 kB │ gzip:  15.78 kB │ map:   138.03 kB
dist/assets/chunk-WRU74C26-BM_BuTW9.js                       48.96 kB │ gzip:  15.11 kB │ map:   102.75 kB
dist/assets/src-C-7StM_w.js                                  50.82 kB │ gzip:  16.76 kB │ map:   181.64 kB
dist/assets/chunk-JQJVKLGR-D7Ocr6nP.js                       59.77 kB │ gzip:  19.54 kB │ map:   171.59 kB
dist/assets/c4Diagram-5PPSVZJV-BHZrokIE.js                   69.66 kB │ gzip:  19.44 kB │ map:   184.13 kB
dist/assets/MCPAppCard-ZUkwyUL2.js                           69.79 kB │ gzip:  18.92 kB │ map:   239.16 kB
dist/assets/HeartbeatPanel-0sbKZynP.js                       69.91 kB │ gzip:  19.31 kB │ map:   198.62 kB
dist/assets/blockDiagram-VBNYF7ZC-BWkK6f9Q.js                73.94 kB │ gzip:  20.94 kB │ map:   226.73 kB
dist/assets/ganttDiagram-PKOTCBZU-CcAcOyT3.js                74.04 kB │ gzip:  23.37 kB │ map:   216.76 kB
dist/assets/ProjectTree-i5McQm9R.js                          76.15 kB │ gzip:  21.19 kB │ map:   227.65 kB
dist/assets/CapabilitiesPanel-DoeV1cBZ.js                    76.91 kB │ gzip:  17.60 kB │ map:   216.72 kB
dist/assets/cose-bilkent-JH36ORCC-CYeMclBY.js                86.63 kB │ gzip:  22.23 kB │ map:   277.57 kB
dist/assets/chunk-QR6OTTB3-CU6zwsfV.js                      107.24 kB │ gzip:  25.27 kB │ map:   353.08 kB
dist/assets/WorkspacePanel-BLBYfzJp.js                      115.67 kB │ gzip:  27.87 kB │ map:   297.66 kB
dist/assets/sequenceDiagram-SI44F4Z6-B8RZ_vpD.js            116.65 kB │ gzip:  30.66 kB │ map:   314.93 kB
dist/assets/swimlanes-SLNWSIFB-BEmJ8wIR.js                  131.70 kB │ gzip:  41.18 kB │ map:   476.14 kB
dist/assets/Transcript-BCKANwHC.js                          142.32 kB │ gzip:  42.67 kB │ map:   450.52 kB
dist/assets/architectureDiagram-T3A2C74G-CuRsWil_.js        155.09 kB │ gzip:  42.16 kB │ map:   538.72 kB
dist/assets/transcriptScrollGeometry-sosgXKse.js            167.43 kB │ gzip:  46.17 kB │ map:   575.07 kB
dist/assets/bridge-Bn_fsOfk.js                              209.46 kB │ gzip:  59.58 kB │ map:   631.86 kB
dist/assets/vendor-highlight-BFj7drn0.js                    215.43 kB │ gzip:  72.09 kB │ map:   634.14 kB
dist/assets/vendor-react-BPtf2N0Y.js                        237.22 kB │ gzip:  66.13 kB │ map:   811.23 kB
dist/assets/chunk-I66GZJ75-DIheKVFX.js                      243.95 kB │ gzip:  39.72 kB │ map:   597.58 kB
dist/assets/zh-DOb03PXZ.js                                  270.46 kB │ gzip:  81.01 kB │ map:   373.46 kB
dist/assets/zh-TW-DpOZiTfN.js                               271.06 kB │ gzip:  81.72 kB │ map:   374.15 kB
dist/assets/i18n-CNjr61eF.js                                282.29 kB │ gzip:  77.04 kB │ map:   392.53 kB
dist/assets/SettingsPanel-albcHrfc.js                       294.26 kB │ gzip:  68.20 kB │ map:   717.39 kB
dist/assets/v4-Cownxrke.js                                  301.83 kB │ gzip:  65.44 kB │ map:   819.84 kB
dist/assets/TerminalPanel-CsQrzR1V.js                       347.83 kB │ gzip:  89.14 kB │ map:   684.11 kB
dist/assets/App-DkV49ulD.js                                 398.34 kB │ gzip: 115.29 kB │ map: 1,250.44 kB
dist/assets/cytoscape.esm-Cs62AURi.js                       455.27 kB │ gzip: 143.53 kB │ map: 1,639.28 kB
dist/assets/TauriChatWorkspace-BdN5SEb7.js                  460.52 kB │ gzip: 103.59 kB │ map: 1,089.07 kB
dist/assets/chunk-KEIR6QF5-D-BI7O4Z.js                      704.24 kB │ gzip: 147.99 kB │ map: 1,863.07 kB
dist/assets/vendor-markdown-C-g7vXyR.js                     709.92 kB │ gzip: 204.77 kB │ map: 2,473.58 kB
dist/assets/markdown.worker-D2IRvtwx.js                   1,095.55 kB │ gzip: 227.81 kB │ map:     0.08 kB

✓ built in 7.85s
[plugin builtin:vite-reporter] 
(!) Some chunks are larger than 600 kB after minification. Consider:
- Using dynamic import() to code-split the application
- Use build.rolldownOptions.output.codeSplitting to improve chunking: https://rolldown.rs/reference/OutputOptions.codeSplitting
- Adjust chunk size limit for this warning via build.chunkSizeWarningLimit.
[33m[PLUGIN_TIMINGS] [0mYour build spent 96% of 7.8s inside plugin hooks (7.5s).
Not measurable — 4 hooks whose calls overlap, so elapsed time covers work other calls were doing. Profile with `node --cpu-prof`:
  - vite:terser renderChunk (366 calls)
  - vite:asset load (18 calls)
  - vite:css transform (23 calls)
  … and 1 more
See https://rolldown.rs/reference/InputOptions.checks#plugintimings for more details.


bundle budgets
  PASS  initial JavaScript gzip: 162.3 KiB / 469.3 KiB
  PASS  largest initial JavaScript chunk gzip: 74.8 KiB / 280.0 KiB
  PASS  render-blocking CSS: none (all styles deferred)
  PASS  deferred app-shell CSS gzip: 120.3 KiB / 120.9 KiB
  PASS  zh-DOb03PXZ.js gzip: 78.1 KiB / 78.9 KiB
  PASS  zh-TW-DpOZiTfN.js gzip: 78.7 KiB / 79.3 KiB
  PASS  initial raw JavaScript and CSS: 1437.3 KiB / 2435.1 KiB
  PASS  largest initial JavaScript chunk raw: 275.7 KiB / 1000.0 KiB
     Running [tauri_cli] Command `cargo build --bins --features tauri/custom-protocol --release`
warning: `/Users/jerry/.cargo/config` is deprecated in favor of `config.toml`
  |
  = help: if you need to support cargo 1.38 or earlier, you can symlink `config` to `config.toml`
   Compiling reasonix-tauri v0.1.0 (/Users/jerry/temp/app/reasonix-tauri/desktop/tauri)
    Finished `release` profile [optimized] target(s) in 28.77s
       Built [tauri_cli::build] application at: /Users/jerry/temp/app/reasonix-tauri/desktop/tauri/target/release/reasonix-tauri
    Bundling [tauri_bundler::bundle::macos::app] Reasonix Tauri Preview.app (/Users/jerry/temp/app/reasonix-tauri/desktop/tauri/target/release/bundle/macos/Reasonix Tauri Preview.app)
     Running [tauri_bundler::utils] Command `xattr  -crs /Users/jerry/temp/app/reasonix-tauri/desktop/tauri/target/release/bundle/macos/Reasonix Tauri Preview.app`
     Signing [tauri_bundler::bundle::macos::sign] with identity "-"
Signing with identity "-"
Signing /Users/jerry/temp/app/reasonix-tauri/desktop/tauri/target/release/bundle/macos/Reasonix Tauri Preview.app/Contents/MacOS/reasonix-desktop-bridge
     Running [tauri_macos_sign] Command `codesign  --force -s - --options runtime --entitlements ./Entitlements.plist /Users/jerry/temp/app/reasonix-tauri/desktop/tauri/target/release/bundle/macos/Reasonix Tauri Preview.app/Contents/MacOS/reasonix-desktop-bridge`
/Users/jerry/temp/app/reasonix-tauri/desktop/tauri/target/release/bundle/macos/Reasonix Tauri Preview.app/Contents/MacOS/reasonix-desktop-bridge: replacing existing signature
Signing with identity "-"
Signing /Users/jerry/temp/app/reasonix-tauri/desktop/tauri/target/release/bundle/macos/Reasonix Tauri Preview.app/Contents/MacOS/reasonix-tauri
     Running [tauri_macos_sign] Command `codesign  --force -s - --options runtime --entitlements ./Entitlements.plist /Users/jerry/temp/app/reasonix-tauri/desktop/tauri/target/release/bundle/macos/Reasonix Tauri Preview.app/Contents/MacOS/reasonix-tauri`
/Users/jerry/temp/app/reasonix-tauri/desktop/tauri/target/release/bundle/macos/Reasonix Tauri Preview.app/Contents/MacOS/reasonix-tauri: replacing existing signature
Signing with identity "-"
Signing /Users/jerry/temp/app/reasonix-tauri/desktop/tauri/target/release/bundle/macos/Reasonix Tauri Preview.app
     Running [tauri_macos_sign] Command `codesign  --force -s - --options runtime --entitlements ./Entitlements.plist /Users/jerry/temp/app/reasonix-tauri/desktop/tauri/target/release/bundle/macos/Reasonix Tauri Preview.app`
/Users/jerry/temp/app/reasonix-tauri/desktop/tauri/target/release/bundle/macos/Reasonix Tauri Preview.app: replacing existing signature
        Warn [tauri_bundler::bundle::macos::app] skipping app notarization, no APPLE_ID & APPLE_PASSWORD & APPLE_TEAM_ID or APPLE_API_KEY & APPLE_API_ISSUER & APPLE_API_KEY_PATH environment variables found
    Bundling [tauri_bundler::bundle::macos::dmg] Reasonix Tauri Preview_0.1.0_aarch64.dmg (/Users/jerry/temp/app/reasonix-tauri/desktop/tauri/target/release/bundle/dmg/Reasonix Tauri Preview_0.1.0_aarch64.dmg)
     Running [tauri_bundler::bundle::macos::dmg] bundle_dmg.sh
     Running [tauri_bundler::utils] Command `/Users/jerry/temp/app/reasonix-tauri/desktop/tauri/target/release/bundle/dmg/bundle_dmg.sh  --volname Reasonix Tauri Preview --icon Reasonix Tauri Preview.app 180 170 --app-drop-link 480 170 --window-size 660 400 --hide-extension Reasonix Tauri Preview.app --volicon /Users/jerry/temp/app/reasonix-tauri/desktop/tauri/target/release/bundle/dmg/icon.icns Reasonix Tauri Preview_0.1.0_aarch64.dmg Reasonix Tauri Preview.app`
Creating disk image...
hdiutil: WARNING: 'hdiutil create -volname -format ...' is deprecated. Please use 'diskutil image create from/blank --volumeName --format ...' instead.
created: /Users/jerry/temp/app/reasonix-tauri/desktop/tauri/target/release/bundle/macos/rw.55541.Reasonix Tauri Preview_0.1.0_aarch64.dmg
hdiutil: WARNING: 'hdiutil resize ...' is deprecated. Please use 'diskutil image resize ...' instead.
hdiutil: WARNING: 'hdiutil resize -size ...' is deprecated. Please use 'diskutil image resize --size ...' instead.
Mounting disk image...
hdiutil: WARNING: 'hdiutil attach -nobrowse ...' is deprecated. Please use 'diskutil image attach --mountOptions nobrowse ...' instead.
Device name:     /dev/disk4
Searching for mounted interstitial disk image using /dev/disk4s...
Mount dir:       /Volumes/dmg.4HNvr6
Making link to Applications dir...
/Volumes/dmg.4HNvr6
Copying volume icon file '/Users/jerry/temp/app/reasonix-tauri/desktop/tauri/target/release/bundle/dmg/icon.icns'...
Will sleep for 2 seconds to workaround occasions "Can't get disk (-1728)" issues...
Running AppleScript to make Finder stuff pretty: /usr/bin/osascript "/var/folders/j8/bqc5mc190_q6f4ytd9d32hlm0000gn/T/createdmg.tmp.XXXXXXXXXX.Oydrsedgxw" "dmg.4HNvr6"
waited 1 seconds for .DS_STORE to be created.
Done running the AppleScript...
Fixing permissions...
Done fixing permissions
Skipping blessing on sandbox
Deleting .fseventsd
Unmounting disk image...
hdiutil: WARNING: 'hdiutil detach ...' is deprecated. Please use 'diskutil eject ...' instead.
"disk4" ejected.
Compressing disk image...
正在准备映像引擎…
正在读取Protective Master Boot Record（MBR：0）…
   (CRC32 $C849E191：Protective Master Boot Record（MBR：0）)
正在读取GPT Header（Primary GPT Header：1）…
   (CRC32 $373E172D：GPT Header（Primary GPT Header：1）)
正在读取GPT Partition Data（Primary GPT Table：2）…
   (CRC32 $207A6752：GPT Partition Data（Primary GPT Table：2）)
正在读取（Apple_Free：3）…
   (CRC32 $00000000：（Apple_Free：3）)
正在读取disk image（Apple_HFS：4）…
   (CRC32 $DD080460：disk image（Apple_HFS：4）)
正在读取（Apple_Free：5）…
   (CRC32 $00000000：（Apple_Free：5）)
正在读取GPT Partition Data（Backup GPT Table：6）…
   (CRC32 $207A6752：GPT Partition Data（Backup GPT Table：6）)
正在读取GPT Header（Backup GPT Header：7）…
   (CRC32 $E0CAD6BD：GPT Header（Backup GPT Header：7）)
正在添加资源…
已耗时： 4.672s
文件大小：40561246字节，校验和：CRC32 $08E62085
已处理扇区：219216，已压缩165068
速度：17.2MB/秒
节省：63.9%
hdiutil: WARNING: 'hdiutil convert -format ...' is deprecated. Please use 'diskutil image create from --format ...' instead.
created: /Users/jerry/temp/app/reasonix-tauri/desktop/tauri/target/release/bundle/macos/Reasonix Tauri Preview_0.1.0_aarch64.dmg
hdiutil does not support internet-enable. Note it was removed in macOS 10.15.
Disk image done
    Finished [tauri_bundler::bundle] 2 bundles at:
        /Users/jerry/temp/app/reasonix-tauri/desktop/tauri/target/release/bundle/macos/Reasonix Tauri Preview.app
        /Users/jerry/temp/app/reasonix-tauri/desktop/tauri/target/release/bundle/dmg/Reasonix Tauri Preview_0.1.0_aarch64.dmg

