正在检查“Protective Master Boot Record（MBR：0）”的校验和…
Protective Master Boot Record（MBR：0）：已验证CRC32 $C849E191
正在检查“GPT Header（Primary GPT Header：1）”的校验和…
    GPT Header（Primary GPT Header：1）：已验证CRC32 $373E172D
正在检查“GPT Partition Data（Primary GPT Table：2）”的校验和…
GPT Partition Data（Primary GPT Table：已验证CRC32 $207A6752
正在检查“（Apple_Free：3）”的校验和…
                      （Apple_Free：3）：已验证CRC32 $00000000
正在检查“disk image（Apple_HFS：4）”的校验和…
             disk image（Apple_HFS：4）：已验证CRC32 $DD080460
正在检查“（Apple_Free：5）”的校验和…
                      （Apple_Free：5）：已验证CRC32 $00000000
正在检查“GPT Partition Data（Backup GPT Table：6）”的校验和…
GPT Partition Data（Backup GPT Table：：已验证CRC32 $207A6752
正在检查“GPT Header（Backup GPT Header：7）”的校验和…
     GPT Header（Backup GPT Header：7）：已验证CRC32 $E0CAD6BD
已验证CRC32 $08E62085
hdiutil: WARNING: 'hdiutil attach -readonly -nobrowse -mountpoint ...' is deprecated. Please use 'diskutil image attach --readOnly --mountOptions nobrowse --mountPoint ...' instead.
/dev/disk4          	GUID_partition_scheme          	
/dev/disk4s1        	Apple_HFS                      	/private/tmp/reasonix-d-explicit-boundary-installed-85vr2dm3/mount
hdiutil: WARNING: 'hdiutil detach ...' is deprecated. Please use 'diskutil eject ...' instead.
"disk4" ejected.
{"app": "/private/tmp/reasonix-d-explicit-boundary-installed-85vr2dm3/Reasonix Tauri Preview.app", "dmg": "/Users/jerry/temp/app/reasonix-tauri/desktop/tauri/target/release/bundle/dmg/Reasonix Tauri Preview_0.1.0_aarch64.dmg", "dmgSha256": "82e900855c73cfd3799cff5c82e9bc864ac3e10d45b20068dbaeb41d2e8a8276", "artifactSha256": {"reasonix-tauri": "cbb590ba4a2dd45afa322508387ddc07383993550bd9a48e17fedb4fc617a384", "reasonix-desktop-bridge": "cd7262010182d96253c0aa6e6a8038b18ce9f194e35cbfac5cc75106a1ba46b3"}}
