正在检查“Protective Master Boot Record（MBR：0）”的校验和…
Protective Master Boot Record（MBR：0）：已验证CRC32 $D7B61264
正在检查“GPT Header（Primary GPT Header：1）”的校验和…
    GPT Header（Primary GPT Header：1）：已验证CRC32 $7E9B3E7F
正在检查“GPT Partition Data（Primary GPT Table：2）”的校验和…
GPT Partition Data（Primary GPT Table：已验证CRC32 $58B9952C
正在检查“（Apple_Free：3）”的校验和…
                      （Apple_Free：3）：已验证CRC32 $00000000
正在检查“disk image（Apple_HFS：4）”的校验和…
             disk image（Apple_HFS：4）：已验证CRC32 $7BCD4B20
正在检查“GPT Partition Data（Backup GPT Table：5）”的校验和…
GPT Partition Data（Backup GPT Table：：已验证CRC32 $58B9952C
正在检查“GPT Header（Backup GPT Header：6）”的校验和…
     GPT Header（Backup GPT Header：6）：已验证CRC32 $83930189
已验证CRC32 $5ADEB500
hdiutil: WARNING: 'hdiutil attach -readonly -nobrowse -mountpoint ...' is deprecated. Please use 'diskutil image attach --readOnly --mountOptions nobrowse --mountPoint ...' instead.
/dev/disk4          	GUID_partition_scheme          	
/dev/disk4s1        	Apple_HFS                      	/private/tmp/reasonix-d-input-observation-installed-rh0um20b/mount
hdiutil: WARNING: 'hdiutil detach ...' is deprecated. Please use 'diskutil eject ...' instead.
"disk4" ejected.
{"app": "/private/tmp/reasonix-d-input-observation-installed-rh0um20b/Reasonix Tauri Preview.app", "dmg": "/Users/jerry/temp/app/reasonix-tauri/desktop/tauri/target/release/bundle/dmg/Reasonix Tauri Preview_0.1.0_aarch64.dmg", "dmgSha256": "5c48aaf1d9498e1273eb1687f522377be7c4a11b115ed6c57d6d1303e3d4aff1", "artifactSha256": {"reasonix-tauri": "041949c6917d9b77d10fc1b837cc0f0ea4c0cc1dd66b44ccf63ffff6bde14d85", "reasonix-desktop-bridge": "1adfc780af2305c149bc5795ee9f66809979642f1044a5e867448c50a48ea493"}}
