LaunchServices native kernel exit: {"phase": "exercise", "pid": 78326, "rawKernelStatus": 0, "exitCode": 0, "signaled": false}
native macOS window managed exercise: OK
LaunchServices native kernel exit: {"phase": "restore-maximized", "pid": 78350, "rawKernelStatus": 0, "exitCode": 0, "signaled": false}
native macOS window managed restore-maximized: OK
LaunchServices native kernel exit: {"phase": "restore-normal", "pid": 78365, "rawKernelStatus": 0, "exitCode": 0, "signaled": false}
native macOS window managed restore-normal: OK
LaunchServices native kernel exit: {"phase": "appearance-rollback-unconfigured", "pid": 78382, "rawKernelStatus": 0, "exitCode": 0, "signaled": false}
native macOS window managed appearance-rollback-unconfigured: OK
LaunchServices native kernel exit: {"phase": "application-hide", "pid": 78397, "rawKernelStatus": 0, "exitCode": 0, "signaled": false}
native macOS window managed application-hide: OK
LaunchServices native kernel exit: {"phase": "background-close", "pid": 78414, "rawKernelStatus": 0, "exitCode": 0, "signaled": false}
native macOS window managed background-close: OK
LaunchServices native kernel exit: {"phase": "menu-shortcuts", "pid": 78429, "rawKernelStatus": 0, "exitCode": 0, "signaled": false}
native macOS window managed menu-shortcuts: OK
LaunchServices native kernel exit: {"phase": "menu-settings-hidden", "pid": 78445, "rawKernelStatus": 0, "exitCode": 0, "signaled": false}
native macOS window managed menu-settings-hidden: OK
LaunchServices native kernel exit: {"phase": "menu-settings-minimized", "pid": 78462, "rawKernelStatus": 0, "exitCode": 0, "signaled": false}
native macOS window managed menu-settings-minimized: OK
LaunchServices native kernel exit: {"phase": "menu-settings-app-hidden", "pid": 78477, "rawKernelStatus": 0, "exitCode": 0, "signaled": false}
native macOS window managed menu-settings-app-hidden: OK
LaunchServices native kernel exit: {"phase": "task-background-menu-quit", "pid": 78494, "rawKernelStatus": 0, "exitCode": 0, "signaled": false}
native macOS window managed task-background-menu-quit: OK
LaunchServices native kernel exit: {"phase": "appearance-dark", "pid": 78522, "rawKernelStatus": 0, "exitCode": 0, "signaled": false}
native macOS window managed appearance-dark: OK
LaunchServices native kernel exit: {"phase": "restore-appearance-dark", "pid": 78540, "rawKernelStatus": 0, "exitCode": 0, "signaled": false}
native macOS window managed restore-appearance-dark: OK
LaunchServices native kernel exit: {"phase": "restore-appearance-light", "pid": 78557, "rawKernelStatus": 0, "exitCode": 0, "signaled": false}
native macOS window managed restore-appearance-light: OK
LaunchServices native kernel exit: {"phase": "restore-appearance-auto", "pid": 78576, "rawKernelStatus": 0, "exitCode": 0, "signaled": false}
native macOS window managed restore-appearance-auto: OK
LaunchServices native kernel exit: {"phase": "appearance-rollback", "pid": 78610, "rawKernelStatus": 0, "exitCode": 0, "signaled": false}
native macOS window managed appearance-rollback: OK
LaunchServices native kernel exit: {"phase": "restore-appearance-rollback", "pid": 78625, "rawKernelStatus": 0, "exitCode": 0, "signaled": false}
native macOS window managed restore-appearance-rollback: OK
LaunchServices native kernel exit: {"phase": "clipboard-native", "pid": 78693, "rawKernelStatus": 0, "exitCode": 0, "signaled": false}
native macOS window managed clipboard-native: OK
LaunchServices native kernel exit: {"phase": "dialog-cancel", "pid": 78711, "rawKernelStatus": 0, "exitCode": 0, "signaled": false}
native macOS window managed dialog-cancel: OK
LaunchServices native kernel exit: {"phase": "tray-language", "pid": 78749, "rawKernelStatus": 0, "exitCode": 0, "signaled": false}
native macOS window managed tray-language: OK
LaunchServices native kernel exit: {"phase": "menu-editing", "pid": 78768, "rawKernelStatus": 0, "exitCode": 0, "signaled": false}
native macOS window managed menu-editing: OK
LaunchServices native kernel exit: {"phase": "second-instance", "pid": 78791, "rawKernelStatus": 0, "exitCode": 0, "signaled": false}
native macOS window managed second-instance: OK
LaunchServices native kernel exit: {"phase": "close-quit", "pid": 78810, "rawKernelStatus": 0, "exitCode": 0, "signaled": false}
native macOS window managed close-quit: OK
LaunchServices native kernel exit: {"phase": "restore-close-quit", "pid": 78825, "rawKernelStatus": 0, "exitCode": 0, "signaled": false}
native macOS window managed restore-close-quit: OK
native macOS window managed: 24/24 stages passed
LaunchServices native kernel exit: {"phase": "exercise", "pid": 78843, "rawKernelStatus": 0, "exitCode": 0, "signaled": false}
native macOS window explicit exercise: OK
LaunchServices native kernel exit: {"phase": "restore-maximized", "pid": 78859, "rawKernelStatus": 0, "exitCode": 0, "signaled": false}
native macOS window explicit restore-maximized: OK
LaunchServices native kernel exit: {"phase": "restore-normal", "pid": 78876, "rawKernelStatus": 0, "exitCode": 0, "signaled": false}
native macOS window explicit restore-normal: OK
LaunchServices native kernel exit: {"phase": "appearance-rollback-unconfigured", "pid": 78891, "rawKernelStatus": 0, "exitCode": 0, "signaled": false}
native macOS window explicit appearance-rollback-unconfigured: OK
LaunchServices native kernel exit: {"phase": "application-hide", "pid": 78906, "rawKernelStatus": 0, "exitCode": 0, "signaled": false}
native macOS window explicit application-hide: OK
LaunchServices native kernel exit: {"phase": "background-close", "pid": 78923, "rawKernelStatus": 0, "exitCode": 0, "signaled": false}
native macOS window explicit background-close: OK
LaunchServices native kernel exit: {"phase": "menu-shortcuts", "pid": 78940, "rawKernelStatus": 0, "exitCode": 0, "signaled": false}
native macOS window explicit menu-shortcuts: OK
LaunchServices native kernel exit: {"phase": "menu-settings-hidden", "pid": 78961, "rawKernelStatus": 0, "exitCode": 0, "signaled": false}
native macOS window explicit menu-settings-hidden: OK
LaunchServices native kernel exit: {"phase": "menu-settings-minimized", "pid": 78976, "rawKernelStatus": 0, "exitCode": 0, "signaled": false}
native macOS window explicit menu-settings-minimized: OK
LaunchServices native kernel exit: {"phase": "menu-settings-app-hidden", "pid": 79003, "rawKernelStatus": 0, "exitCode": 0, "signaled": false}
native macOS window explicit menu-settings-app-hidden: OK
LaunchServices native kernel exit: {"phase": "task-background-menu-quit", "pid": 79018, "rawKernelStatus": 0, "exitCode": 0, "signaled": false}
native macOS window explicit task-background-menu-quit: OK
LaunchServices native kernel exit: {"phase": "appearance-dark", "pid": 79046, "rawKernelStatus": 0, "exitCode": 0, "signaled": false}
native macOS window explicit appearance-dark: OK
LaunchServices native kernel exit: {"phase": "restore-appearance-dark", "pid": 79068, "rawKernelStatus": 0, "exitCode": 0, "signaled": false}
native macOS window explicit restore-appearance-dark: OK
LaunchServices native kernel exit: {"phase": "restore-appearance-light", "pid": 79083, "rawKernelStatus": 0, "exitCode": 0, "signaled": false}
native macOS window explicit restore-appearance-light: OK
LaunchServices native kernel exit: {"phase": "restore-appearance-auto", "pid": 79098, "rawKernelStatus": 0, "exitCode": 0, "signaled": false}
native macOS window explicit restore-appearance-auto: OK
LaunchServices native kernel exit: {"phase": "appearance-rollback", "pid": 79115, "rawKernelStatus": 0, "exitCode": 0, "signaled": false}
native macOS window explicit appearance-rollback: OK
LaunchServices native kernel exit: {"phase": "restore-appearance-rollback", "pid": 79130, "rawKernelStatus": 0, "exitCode": 0, "signaled": false}
native macOS window explicit restore-appearance-rollback: OK
LaunchServices native kernel exit: {"phase": "clipboard-native", "pid": 79205, "rawKernelStatus": 0, "exitCode": 0, "signaled": false}
native macOS window explicit clipboard-native: OK
LaunchServices native kernel exit: {"phase": "dialog-cancel", "pid": 79224, "rawKernelStatus": 0, "exitCode": 0, "signaled": false}
native macOS window explicit dialog-cancel: OK
LaunchServices native kernel exit: {"phase": "tray-language", "pid": 79251, "rawKernelStatus": 0, "exitCode": 0, "signaled": false}
native macOS window explicit tray-language: OK
LaunchServices native kernel exit: {"phase": "menu-editing", "pid": 79270, "rawKernelStatus": 0, "exitCode": 0, "signaled": false}
native macOS window explicit menu-editing: OK
LaunchServices native kernel exit: {"phase": "second-instance", "pid": 79291, "rawKernelStatus": 0, "exitCode": 0, "signaled": false}
native macOS window explicit second-instance: OK
LaunchServices native kernel exit: {"phase": "close-quit", "pid": 79310, "rawKernelStatus": 0, "exitCode": 0, "signaled": false}
native macOS window explicit close-quit: OK
LaunchServices native kernel exit: {"phase": "restore-close-quit", "pid": 79325, "rawKernelStatus": 0, "exitCode": 0, "signaled": false}
native macOS window explicit restore-close-quit: OK
native macOS window explicit: 24/24 stages passed
