native macOS window managed exercise: OK
native macOS window managed restore-maximized: OK
native macOS window managed restore-normal: OK
native macOS window managed appearance-rollback-unconfigured: OK
native macOS window managed application-hide: OK
native macOS window managed background-close: OK
native macOS window managed menu-shortcuts: OK
native macOS window managed menu-settings-hidden: OK
native macOS window managed menu-settings-minimized: OK
native macOS window managed menu-settings-app-hidden: OK
native macOS window managed task-background-menu-quit: OK
native macOS window managed appearance-dark: OK
native macOS window managed restore-appearance-dark: OK
native macOS window managed restore-appearance-light: OK
native macOS window managed restore-appearance-auto: OK
native macOS window managed appearance-rollback: OK
native macOS window managed restore-appearance-rollback: OK
native macOS window managed clipboard-native: OK
native macOS window managed dialog-cancel: OK
native macOS window managed tray-language: OK
native macOS window managed menu-editing: OK
native macOS window managed second-instance: OK
native macOS window managed close-quit: OK
native macOS window managed restore-close-quit: OK
native macOS window managed: 24/24 stages passed
native macOS window explicit exercise: OK
native macOS window explicit restore-maximized: OK
native macOS window explicit restore-normal: OK
native macOS window explicit appearance-rollback-unconfigured: OK
native macOS window explicit application-hide: OK
native macOS window explicit background-close: OK
native macOS window explicit menu-shortcuts: OK
native macOS window explicit menu-settings-hidden: OK
native window trace: {"stage": "settings-ready", "state": {"mainPageFinished": false, "focused": false, "minimized": false, "visible": true, "applicationActive": false, "applicationHidden": false, "nativeKeyWindow": false, "nativeMainWindow": false, "nativeCanBecomeKey": true, "nativeOnActiveSpace": true, "nativeMiniaturizable": true, "nativeMiniaturized": false, "nativeVisible": true, "applicationFinishedLaunching": true, "runningApplicationActive": false, "applicationOcclusionVisible": false, "nativeOcclusionVisible": false, "applicationRunning": true, "applicationModalWindowPresent": false, "nativeAttachedSheet": false, "nativeIsSheet": false, "nativeInLiveResize": false, "restoreRequests": 0, "restoreCompletions": 0, "reopenEvents": 0, "willMiniaturize": 0, "didMiniaturize": 0, "didDeminiaturize": 0, "becameKey": 0, "resignedKey": 0, "appearanceRequests": 1, "appearanceSkipped": 1, "occlusionChanges": 0, "applicationBecameActive": 0, "applicationResignedActive": 0, "nativeStyleMask": 32783, "applicationActivationPolicy": 0, "runningActivationPolicy": 0, "monitors": [{"x": 0, "y": 60, "width": 3840, "height": 1966, "scale": 2.0}, {"x": -3840, "y": 60, "width": 3840, "height": 2100, "scale": 2.0}], "nativeTransitions": ["appearance-request", "appearance-skipped"], "nativeTimedTransitions": [{"elapsedMs": 133, "transition": "appearance-request"}, {"elapsedMs": 133, "transition": "appearance-skipped"}], "nativeWindowNumber": 1876, "nativeWindowLevel": 0}}
native window trace: {"stage": "settings-shown", "state": {"mainPageFinished": true, "focused": false, "minimized": false, "visible": true, "applicationActive": false, "applicationHidden": false, "nativeKeyWindow": false, "nativeMainWindow": false, "nativeCanBecomeKey": true, "nativeOnActiveSpace": true, "nativeMiniaturizable": true, "nativeMiniaturized": false, "nativeVisible": true, "applicationFinishedLaunching": true, "runningApplicationActive": true, "applicationOcclusionVisible": false, "nativeOcclusionVisible": false, "applicationRunning": true, "applicationModalWindowPresent": false, "nativeAttachedSheet": false, "nativeIsSheet": false, "nativeInLiveResize": false, "restoreRequests": 1, "restoreCompletions": 1, "reopenEvents": 0, "willMiniaturize": 0, "didMiniaturize": 0, "didDeminiaturize": 0, "becameKey": 0, "resignedKey": 0, "appearanceRequests": 1, "appearanceSkipped": 1, "occlusionChanges": 0, "applicationBecameActive": 0, "applicationResignedActive": 0, "nativeStyleMask": 32783, "applicationActivationPolicy": 0, "runningActivationPolicy": 0, "monitors": [{"x": 0, "y": 60, "width": 3840, "height": 1966, "scale": 2.0}, {"x": -3840, "y": 60, "width": 3840, "height": 2100, "scale": 2.0}], "nativeTransitions": ["appearance-request", "appearance-skipped"], "nativeTimedTransitions": [{"elapsedMs": 133, "transition": "appearance-request"}, {"elapsedMs": 133, "transition": "appearance-skipped"}], "nativeWindowNumber": 1876, "nativeWindowLevel": 0}}
native window trace: {"stage": "settings-minimize-ready", "state": {"mainPageFinished": true, "focused": true, "minimized": false, "visible": true, "applicationActive": true, "applicationHidden": false, "nativeKeyWindow": true, "nativeMainWindow": true, "nativeCanBecomeKey": true, "nativeOnActiveSpace": true, "nativeMiniaturizable": true, "nativeMiniaturized": false, "nativeVisible": true, "applicationFinishedLaunching": true, "runningApplicationActive": true, "applicationOcclusionVisible": true, "nativeOcclusionVisible": true, "applicationRunning": true, "applicationModalWindowPresent": false, "nativeAttachedSheet": false, "nativeIsSheet": false, "nativeInLiveResize": false, "restoreRequests": 1, "restoreCompletions": 1, "reopenEvents": 0, "willMiniaturize": 0, "didMiniaturize": 0, "didDeminiaturize": 0, "becameKey": 1, "resignedKey": 0, "appearanceRequests": 2, "appearanceSkipped": 2, "occlusionChanges": 1, "applicationBecameActive": 1, "applicationResignedActive": 0, "nativeStyleMask": 32783, "applicationActivationPolicy": 0, "runningActivationPolicy": 0, "monitors": [{"x": 0, "y": 60, "width": 3840, "height": 1966, "scale": 2.0}, {"x": -3840, "y": 60, "width": 3840, "height": 2100, "scale": 2.0}], "nativeTransitions": ["appearance-request", "appearance-skipped", "became-key", "application-became-active", "occlusion-changed", "appearance-request", "appearance-skipped"], "nativeTimedTransitions": [{"elapsedMs": 133, "transition": "appearance-request"}, {"elapsedMs": 133, "transition": "appearance-skipped"}, {"elapsedMs": 529, "transition": "became-key"}, {"elapsedMs": 530, "transition": "application-became-active"}, {"elapsedMs": 558, "transition": "occlusion-changed"}, {"elapsedMs": 572, "transition": "appearance-request"}, {"elapsedMs": 572, "transition": "appearance-skipped"}], "nativeWindowNumber": 1876, "nativeWindowLevel": 0}}
native window trace: {"stage": "settings-minimize-requested", "state": {"mainPageFinished": true, "focused": true, "minimized": false, "visible": true, "applicationActive": true, "applicationHidden": false, "nativeKeyWindow": true, "nativeMainWindow": true, "nativeCanBecomeKey": true, "nativeOnActiveSpace": true, "nativeMiniaturizable": true, "nativeMiniaturized": false, "nativeVisible": true, "applicationFinishedLaunching": true, "runningApplicationActive": true, "applicationOcclusionVisible": true, "nativeOcclusionVisible": true, "applicationRunning": true, "applicationModalWindowPresent": false, "nativeAttachedSheet": false, "nativeIsSheet": false, "nativeInLiveResize": false, "restoreRequests": 1, "restoreCompletions": 1, "reopenEvents": 0, "willMiniaturize": 0, "didMiniaturize": 0, "didDeminiaturize": 0, "becameKey": 1, "resignedKey": 0, "appearanceRequests": 2, "appearanceSkipped": 2, "occlusionChanges": 1, "applicationBecameActive": 1, "applicationResignedActive": 0, "nativeStyleMask": 32783, "applicationActivationPolicy": 0, "runningActivationPolicy": 0, "monitors": [{"x": 0, "y": 60, "width": 3840, "height": 1966, "scale": 2.0}, {"x": -3840, "y": 60, "width": 3840, "height": 2100, "scale": 2.0}], "nativeTransitions": ["appearance-request", "appearance-skipped", "became-key", "application-became-active", "occlusion-changed", "appearance-request", "appearance-skipped"], "nativeTimedTransitions": [{"elapsedMs": 133, "transition": "appearance-request"}, {"elapsedMs": 133, "transition": "appearance-skipped"}, {"elapsedMs": 529, "transition": "became-key"}, {"elapsedMs": 530, "transition": "application-became-active"}, {"elapsedMs": 558, "transition": "occlusion-changed"}, {"elapsedMs": 572, "transition": "appearance-request"}, {"elapsedMs": 572, "transition": "appearance-skipped"}], "nativeWindowNumber": 1876, "nativeWindowLevel": 0}}
Private window failure fixture retained: /private/tmp/reasonix-native-window-smoke-e9zqkmss; completed stages: 8
native macOS window smoke failed: menu-settings-minimized: native window timeout: minimized settings window; actual=Ok(Object {"appearanceRequests": Number(2), "appearanceSkipped": Number(2), "applicationActivationPolicy": Number(0), "applicationActive": Bool(false), "applicationBecameActive": Number(1), "applicationFinishedLaunching": Bool(true), "applicationHidden": Bool(false), "applicationModalWindowPresent": Bool(false), "applicationOcclusionVisible": Bool(false), "applicationResignedActive": Number(1), "applicationRunning": Bool(true), "becameKey": Number(1), "didDeminiaturize": Number(0), "didMiniaturize": Number(0), "focused": Bool(false), "geometry": Object {"height": Number(1400), "scale": Number(2.0), "width": Number(2000), "x": Number(920), "y": Number(344)}, "mainPageFinished": Bool(true), "maximized": Bool(false), "minimized": Bool(false), "monitors": Array [Object {"height": Number(1966), "scale": Number(2.0), "width": Number(3840), "x": Number(0), "y": Number(60)}, Object {"height": Number(2100), "scale": Number(2.0), "width": Number(3840), "x": Number(-3840), "y": Number(60)}], "nativeAttachedSheet": Bool(false), "nativeCanBecomeKey": Bool(true), "nativeInLiveResize": Bool(false), "nativeIsSheet": Bool(false), "nativeKeyWindow": Bool(false), "nativeMainWindow": Bool(false), "nativeMiniaturizable": Bool(true), "nativeMiniaturized": Bool(false), "nativeOcclusionVisible": Bool(false), "nativeOnActiveSpace": Bool(true), "nativeStyleMask": Number(32783), "nativeTimedTransitions": Array [Object {"elapsedMs": Number(133), "transition": String("appearance-request")}, Object {"elapsedMs": Number(133), "transition": String("appearance-skipped")}, Object {"elapsedMs": Number(529), "transition": String("became-key")}, Object {"elapsedMs": Number(530), "transition": String("application-became-active")}, Object {"elapsedMs": Number(558), "transition": String("occlusion-changed")}, Object {"elapsedMs": Number(572), "transition": String("appearance-request")}, Object {"elapsedMs": Number(572), "transition": String("appearance-skipped")}, Object {"elapsedMs": Number(590), "transition": String("resigned-key")}, Object {"elapsedMs": Number(1209), "transition": String("occlusion-changed")}, Object {"elapsedMs": Number(1524), "transition": String("application-resigned-active")}], "nativeTransitions": Array [String("appearance-request"), String("appearance-skipped"), String("became-key"), String("application-became-active"), String("occlusion-changed"), String("appearance-request"), String("appearance-skipped"), String("resigned-key"), String("occlusion-changed"), String("application-resigned-active")], "nativeVisible": Bool(true), "nativeWindowLevel": Number(0), "nativeWindowNumber": Number(1876), "occlusionChanges": Number(2), "reopenEvents": Number(0), "resignedKey": Number(1), "restoreCompletions": Number(1), "restoreRequests": Number(1), "runningActivationPolicy": Number(0), "runningApplicationActive": Bool(false), "visible": Bool(true), "willMiniaturize": Number(0)})
