
> reasonix-desktop-frontend@0.0.0 tauri:build /Users/jerry/temp/app/reasonix-tauri/desktop/frontend
> node scripts/tauri-build.mjs

Preview source: 64c745c1a4aa6bc1eccc45c70be9b1a54d7165c4 (uncommitted changes)
        Info Looking up installed tauri packages to check mismatched versions...
     Running beforeBuildCommand `cd frontend && pnpm build`

> reasonix-desktop-frontend@0.0.0 build /Users/jerry/temp/app/reasonix-tauri/desktop/frontend
> pnpm lint:hooks && pnpm check:waapi && pnpm check:scroll-writer && pnpm check:app-layers && pnpm check:wails-bindings && node scripts/check-css-syntax.mjs src/styles.css src/components/RemoteConnectWizard.css src/components/TranscriptSelectionMenu.css src/components/MCPInteractionCard.css src/components/SubagentDetails.css && node scripts/check-z-index-tokens.mjs src/styles.css src/components/RemoteConnectWizard.css && node scripts/check-theme-token-contract.mjs && tsc --noEmit && vite build && node scripts/check-bundle-budget.mjs


> reasonix-desktop-frontend@0.0.0 lint:hooks /Users/jerry/temp/app/reasonix-tauri/desktop/frontend
> eslint "src/**/*.{ts,tsx}"


> reasonix-desktop-frontend@0.0.0 check:waapi /Users/jerry/temp/app/reasonix-tauri/desktop/frontend
> node scripts/check-waapi-contract.mjs

waapi-contract: production Web Animations options use explicit CSS-compatible easing

> reasonix-desktop-frontend@0.0.0 check:scroll-writer /Users/jerry/temp/app/reasonix-tauri/desktop/frontend
> node scripts/check-single-scroll-writer.mjs

check-single-scroll-writer: OK

> reasonix-desktop-frontend@0.0.0 check:app-layers /Users/jerry/temp/app/reasonix-tauri/desktop/frontend
> node scripts/check-app-entry-contract.mjs && node scripts/check-app-layers.test.mjs && node scripts/check-app-layers.mjs

app-entry-contract: App.tsx is a pure composition boundary
PASS AST layer checks resolve runtime edges and reject transitive boundary violations
check-app-layers: migrated App modules satisfy the AST dependency contracts

> reasonix-desktop-frontend@0.0.0 check:wails-bindings /Users/jerry/temp/app/reasonix-tauri/desktop/frontend
> node scripts/check-wails-binding-contract.mjs --self-test

Wails AppBindings: 587 Go methods match the TypeScript contract
CSS syntax check passed: src/styles.css
CSS syntax check passed: src/components/RemoteConnectWizard.css
CSS syntax check passed: src/components/TranscriptSelectionMenu.css
CSS syntax check passed: src/components/MCPInteractionCard.css
CSS syntax check passed: src/components/SubagentDetails.css
z-index token check passed: src/styles.css, src/components/RemoteConnectWizard.css
Theme token contract OK (21 CSS files, 325 defined tokens).
vite v8.2.1 building client environment for production...
[2Ktransforming...✓ 5082 modules transformed.
rendering chunks...
computing gzip size...
dist/assets/logo-wordmark-0KJq8oA3.svg                        4.11 kB │ gzip:   2.00 kB
dist/assets/KaTeX_Size3-Regular-CTq5MqoE.woff                 4.42 kB
dist/assets/KaTeX_Size4-Regular-Dl5lxZxV.woff2                4.92 kB
dist/index.html                                               5.03 kB │ gzip:   2.45 kB
dist/assets/KaTeX_Size2-Regular-Dy4dx90m.woff2                5.20 kB
dist/assets/KaTeX_Size1-Regular-mCD8mA8B.woff2                5.46 kB
dist/assets/KaTeX_Size4-Regular-BF-4gkZK.woff                 5.98 kB
dist/assets/KaTeX_Size2-Regular-oD1tc_U0.woff                 6.18 kB
dist/assets/KaTeX_Size1-Regular-C195tn64.woff                 6.49 kB
dist/assets/KaTeX_Caligraphic-Regular-Di6jR-x-.woff2          6.90 kB
dist/assets/KaTeX_Caligraphic-Bold-Dq_IR9rO.woff2             6.91 kB
dist/assets/KaTeX_Size3-Regular-DgpXs0kz.ttf                  7.58 kB
dist/assets/KaTeX_Caligraphic-Regular-CTRA-rTL.woff           7.65 kB
dist/assets/KaTeX_Caligraphic-Bold-BEiXGLvX.woff              7.71 kB
dist/assets/KaTeX_Script-Regular-D3wIWfF6.woff2               9.64 kB
dist/assets/KaTeX_SansSerif-Regular-DDBCnlJ7.woff2           10.34 kB
dist/assets/KaTeX_Size4-Regular-DWFBv043.ttf                 10.36 kB
dist/assets/KaTeX_Script-Regular-D5yQViql.woff               10.58 kB
dist/assets/preview-Cjyi1QUI.webp                            10.88 kB
dist/assets/KaTeX_Fraktur-Regular-CTYiF6lA.woff2             11.31 kB
dist/assets/KaTeX_Fraktur-Bold-CL6g_b3V.woff2                11.34 kB
dist/assets/KaTeX_Size2-Regular-B7gKUWhC.ttf                 11.50 kB
dist/assets/KaTeX_SansSerif-Italic-C3H0VqGB.woff2            12.02 kB
dist/assets/KaTeX_SansSerif-Bold-D1sUS0GD.woff2              12.21 kB
dist/assets/KaTeX_Size1-Regular-Dbsnue_I.ttf                 12.22 kB
dist/assets/KaTeX_SansSerif-Regular-CS6fqUqJ.woff            12.31 kB
dist/assets/KaTeX_Caligraphic-Regular-wX97UBjC.ttf           12.34 kB
dist/assets/KaTeX_Caligraphic-Bold-ATXxdsX0.ttf              12.36 kB
dist/assets/KaTeX_Fraktur-Regular-Dxdc4cR9.woff              13.20 kB
dist/assets/KaTeX_Fraktur-Bold-BsDP51OF.woff                 13.29 kB
dist/assets/KaTeX_Typewriter-Regular-CO6r4hn1.woff2          13.56 kB
dist/assets/KaTeX_SansSerif-Italic-DN2j7dab.woff             14.11 kB
dist/assets/KaTeX_SansSerif-Bold-DbIhKOiC.woff               14.40 kB
dist/assets/preview-r9LdTZqz.webp                            15.90 kB
dist/assets/KaTeX_Typewriter-Regular-C0xS9mPB.woff           16.02 kB
dist/assets/preview-CjHmMupr.webp                            16.06 kB
dist/assets/KaTeX_Math-BoldItalic-CZnvNsCZ.woff2             16.40 kB
dist/assets/KaTeX_Math-Italic-t53AETM-.woff2                 16.44 kB
dist/assets/KaTeX_Script-Regular-C5JkGWo-.ttf                16.64 kB
dist/assets/KaTeX_Main-BoldItalic-DxDJ3AOS.woff2             16.78 kB
dist/assets/KaTeX_Main-Italic-NWA7e6Wa.woff2                 16.98 kB
dist/assets/preview-CI-HTpkY.webp                            18.04 kB
dist/assets/KaTeX_Math-BoldItalic-iY-2wyZ7.woff              18.66 kB
dist/assets/KaTeX_Math-Italic-DA0__PXp.woff                  18.74 kB
dist/assets/preview-CNOvHT_G.webp                            19.24 kB
dist/assets/KaTeX_Main-BoldItalic-SpSLRI95.woff              19.41 kB
dist/assets/KaTeX_SansSerif-Regular-BNo7hRIc.ttf             19.43 kB
dist/assets/KaTeX_Fraktur-Regular-CB_wures.ttf               19.57 kB
dist/assets/KaTeX_Fraktur-Bold-BdnERNNW.ttf                  19.58 kB
dist/assets/preview-B3k14wog.webp                            19.61 kB
dist/assets/KaTeX_Main-Italic-BMLOBm91.woff                  19.67 kB
dist/assets/preview-C-AcPbIZ.webp                            20.69 kB
dist/assets/KaTeX_SansSerif-Italic-YYjJ1zSn.ttf              22.36 kB
dist/assets/KaTeX_SansSerif-Bold-CFMepnvq.ttf                24.50 kB
dist/assets/KaTeX_Main-Bold-Cx986IdX.woff2                   25.32 kB
dist/assets/preview-BiAKy0Mw.webp                            25.51 kB
dist/assets/KaTeX_Main-Regular-B22Nviop.woff2                26.27 kB
dist/assets/KaTeX_Typewriter-Regular-D3Ib7_Hf.ttf            27.55 kB
dist/assets/KaTeX_AMS-Regular-BQhdFMY1.woff2                 28.07 kB
dist/assets/KaTeX_Main-Bold-Jm3AIy58.woff                    29.91 kB
dist/assets/KaTeX_Main-Regular-Dr94JaBh.woff                 30.77 kB
dist/assets/KaTeX_Math-BoldItalic-B3XSjfu4.ttf               31.19 kB
dist/assets/KaTeX_Math-Italic-flOr_0UB.ttf                   31.30 kB
dist/assets/KaTeX_Main-BoldItalic-DzxPMmG6.ttf               32.96 kB
dist/assets/KaTeX_AMS-Regular-DMm9YOAa.woff                  33.51 kB
dist/assets/KaTeX_Main-Italic-3WenGoN9.ttf                   33.58 kB
dist/assets/seti-BYvugthT.woff                               37.28 kB
dist/assets/KaTeX_Main-Bold-waoOVXN0.ttf                     51.33 kB
dist/assets/KaTeX_Main-Regular-ypZvNtVU.ttf                  53.58 kB
dist/assets/KaTeX_AMS-Regular-DRggAlZN.ttf                   63.63 kB
dist/assets/background-BsQJ3W_Q.webp                        113.33 kB
dist/assets/background-FAYnLeBY.webp                        151.32 kB
dist/assets/background-DuSJBFLa.webp                        188.83 kB
dist/assets/background-DToqMniy.webp                        219.95 kB
dist/assets/background-BVQt9_r_.webp                        229.75 kB
dist/assets/background-Ci5UPFsb.webp                        241.72 kB
dist/assets/background-BmUURQn1.webp                        267.37 kB
dist/assets/background-3LGG1L92.webp                        275.62 kB
dist/assets/MarkdownImage-D49CLL-D.css                        0.52 kB │ gzip:   0.31 kB
dist/assets/TranscriptSelectionMenu-DKp1xNmZ.css              0.58 kB │ gzip:   0.27 kB
dist/assets/SettingsOptions-CWC9Fyn6.css                      1.02 kB │ gzip:   0.44 kB
dist/assets/SubagentDetails-DNhdAxE2.css                      1.27 kB │ gzip:   0.45 kB
dist/assets/TrashPage-Crpni5Fa.css                            1.53 kB │ gzip:   0.46 kB
dist/assets/WorkspacePanelStability-DX5aB4BY.css              1.71 kB │ gzip:   0.64 kB
dist/assets/FrontendDiagnosticsPanel-C3cfMyyu.css             2.31 kB │ gzip:   0.78 kB
dist/assets/SettingsSelect-CIRZBENp.css                       2.40 kB │ gzip:   0.76 kB
dist/assets/ManagementPageShell-DmrE6WER.css                  2.58 kB │ gzip:   0.77 kB
dist/assets/WorktreeMergeModal-Ap4LagEX.css                   3.97 kB │ gzip:   1.02 kB
dist/assets/TerminalPanel-sLQPUA_C.css                        4.00 kB │ gzip:   1.02 kB
dist/assets/MCPInteractionCard-Vz-1HukR.css                   4.24 kB │ gzip:   1.13 kB
dist/assets/RemoteConnectWizardEntry-3Pv88lCR.css             7.92 kB │ gzip:   1.77 kB
dist/assets/UsageStatsPanel-BbL5k0lI.css                      8.13 kB │ gzip:   1.83 kB
dist/assets/SettingsPanelEntry-CWeU-Fy5.css                   8.39 kB │ gzip:   1.95 kB
dist/assets/SettingsPanel-CssQ_4eR.css                       26.75 kB │ gzip:   4.74 kB
dist/assets/vendor-markdown-BhkZgEot.css                     29.38 kB │ gzip:   7.93 kB
dist/assets/HeartbeatPanel-CzcVSRD4.css                      29.90 kB │ gzip:   5.05 kB
dist/assets/TauriChatWorkspace-BkKs91JN.css                 112.42 kB │ gzip:  17.02 kB
dist/assets/styles-DKJy_W7d.css                             885.10 kB │ gzip: 124.60 kB
dist/assets/array-BKHaHXxq.js                                 0.07 kB │ gzip:   0.07 kB │ map:     0.29 kB
dist/assets/setState-DkhXNwlH.js                              0.08 kB │ gzip:   0.09 kB │ map:     0.76 kB
dist/assets/SettingsPanelEntry-DB6R1zy2.js                    0.11 kB │ gzip:   0.09 kB
dist/assets/minus-DEMUepEQ.js                                 0.11 kB │ gzip:   0.13 kB │ map:     0.74 kB
dist/assets/pie-RZYD4A2V-eC87ukV3.js                          0.12 kB │ gzip:   0.12 kB
dist/assets/info-DKCQHKI2-DUrOPpsB.js                         0.12 kB │ gzip:   0.12 kB
dist/assets/channel-CJ24q2im.js                               0.12 kB │ gzip:   0.13 kB │ map:     0.51 kB
dist/assets/radar-I7S5WNFK-ekdG6e-r.js                        0.12 kB │ gzip:   0.12 kB
dist/assets/packet-7NZHBO7P-QPpJwTOo.js                       0.12 kB │ gzip:   0.12 kB
dist/assets/cynefin-VYW2F7L2--KznPMK0.js                      0.12 kB │ gzip:   0.12 kB
dist/assets/treemap-6X3UGDF4-BQ16vndx.js                      0.12 kB │ gzip:   0.12 kB
dist/assets/wardley-OPB4EBWU-BIFZLj6i.js                      0.12 kB │ gzip:   0.12 kB
dist/assets/check-O9HpWIzw.js                                 0.12 kB │ gzip:   0.14 kB │ map:     0.75 kB
dist/assets/gitGraph-TEB2WS4Q-DZFvwdmA.js                     0.12 kB │ gzip:   0.12 kB
dist/assets/railroad-3IZDKUUU-D6EyUZR-.js                     0.12 kB │ gzip:   0.12 kB
dist/assets/treeView-QDETBFTQ-CkZXFqCw.js                     0.12 kB │ gzip:   0.12 kB
dist/assets/array-BYpjckN4.js                                 0.13 kB │ gzip:   0.12 kB │ map:     0.54 kB
dist/assets/chevron-right-CrdDvza1.js                         0.13 kB │ gzip:   0.14 kB │ map:     0.79 kB
dist/assets/frontendDiagnosticsBuild-CMJPy0GG.js              0.13 kB │ gzip:   0.11 kB │ map:     0.58 kB
dist/assets/railroad-peg-LSFZ7HO6-DiQxmCE1.js                 0.13 kB │ gzip:   0.13 kB
dist/assets/architecture-TIHT7OUA-NOVXTN3S.js                 0.13 kB │ gzip:   0.13 kB
dist/assets/chevron-down-Do5uutOd.js                          0.13 kB │ gzip:   0.14 kB │ map:     0.79 kB
dist/assets/chevron-up-4fRUbuiU.js                            0.13 kB │ gzip:   0.14 kB │ map:     0.78 kB
dist/assets/railroad-abnf-AHOZXSZD-PCEfrCtR.js                0.13 kB │ gzip:   0.13 kB
dist/assets/railroad-ebnf-EBAXGLYW-DmcaNjHD.js                0.13 kB │ gzip:   0.13 kB
dist/assets/eventmodeling-45OFAUF4-Bv9aH3ec.js                0.13 kB │ gzip:   0.13 kB
dist/assets/MarkdownImageContext-DsGSWVhS.js                  0.14 kB │ gzip:   0.14 kB │ map:     0.28 kB
dist/assets/square-DN0b4opV.js                                0.14 kB │ gzip:   0.15 kB │ map:     0.84 kB
dist/assets/loader-circle-DyBtN_tD.js                         0.14 kB │ gzip:   0.15 kB │ map:     0.81 kB
dist/assets/x-BtNyIA4p.js                                     0.15 kB │ gzip:   0.15 kB │ map:     0.82 kB
dist/assets/init-BWMzOYn8.js                                  0.15 kB │ gzip:   0.13 kB │ map:     1.00 kB
dist/assets/plus-DuIIwKla.js                                  0.15 kB │ gzip:   0.15 kB │ map:     0.83 kB
dist/assets/arrow-left-RFfYa20u.js                            0.16 kB │ gzip:   0.16 kB │ map:     0.87 kB
dist/assets/arrow-down-P0KGSs07.js                            0.17 kB │ gzip:   0.16 kB │ map:     0.87 kB
dist/assets/arrow-right-k6WOcLav.js                           0.17 kB │ gzip:   0.16 kB │ map:     0.88 kB
dist/assets/clock-CHXIDk8i.js                                 0.17 kB │ gzip:   0.16 kB │ map:     0.88 kB
dist/assets/chunk-Y2CYZVJY-BGfd48p4.js                        0.17 kB │ gzip:   0.15 kB │ map:     0.70 kB
dist/assets/search-cL_gWBxn.js                                0.17 kB │ gzip:   0.17 kB │ map:     0.89 kB
dist/assets/ResizableDrawer-0ieKCaSa.js                       0.18 kB │ gzip:   0.15 kB │ map:     6.24 kB
dist/assets/circle-check-CXQZwmYx.js                          0.18 kB │ gzip:   0.17 kB │ map:     0.92 kB
dist/assets/command-BWMm9Um5.js                               0.18 kB │ gzip:   0.16 kB │ map:     0.84 kB
dist/assets/play-CcE5Yc2L.js                                  0.19 kB │ gzip:   0.17 kB │ map:     0.85 kB
dist/assets/chunk-2Q5K7J3B-Dzv-BOK0.js                        0.19 kB │ gzip:   0.16 kB │ map:     0.80 kB
dist/assets/rotate-ccw-DZo-XXWb.js                            0.20 kB │ gzip:   0.18 kB │ map:     0.91 kB
dist/assets/rotate-cw-DktJv2zR.js                             0.20 kB │ gzip:   0.18 kB │ map:     0.90 kB
dist/assets/circle-x-BfdD3IAO.js                              0.21 kB │ gzip:   0.17 kB │ map:     0.98 kB
dist/assets/code-xml-Bgs2OdVL.js                              0.21 kB │ gzip:   0.17 kB │ map:     0.96 kB
dist/assets/folder-0HaImYFB.js                                0.22 kB │ gzip:   0.19 kB │ map:     0.90 kB
dist/assets/ellipsis-BBqQhyMj.js                              0.23 kB │ gzip:   0.16 kB │ map:     1.06 kB
dist/assets/download-BbS3gES7.js                              0.23 kB │ gzip:   0.19 kB │ map:     0.98 kB
dist/assets/activity-DEhrhE_R.js                              0.23 kB │ gzip:   0.19 kB │ map:     0.91 kB
dist/assets/git-branch-rI7-DuiK.js                            0.23 kB │ gzip:   0.19 kB │ map:     1.04 kB
dist/assets/copy-DWOblNQQ.js                                  0.23 kB │ gzip:   0.20 kB │ map:     0.98 kB
dist/assets/deliveryContinue-APgbE_ZF.js                      0.23 kB │ gzip:   0.19 kB │ map:     1.81 kB
dist/assets/message-square-C4Y8-82z.js                        0.23 kB │ gzip:   0.20 kB │ map:     0.94 kB
dist/assets/sessionRecoveryVersionHostBridge-CvzDmaVj.js      0.23 kB │ gzip:   0.16 kB │ map:     1.12 kB
dist/assets/square-terminal-C_vi6QyN.js                       0.24 kB │ gzip:   0.20 kB │ map:     1.10 kB
dist/assets/external-link-BZ1G6FoU.js                         0.25 kB │ gzip:   0.19 kB │ map:     1.03 kB
dist/assets/circle-alert-3VfyUtOc.js                          0.25 kB │ gzip:   0.18 kB │ map:     1.13 kB
dist/assets/archive-CaPe5gx7.js                               0.25 kB │ gzip:   0.21 kB │ map:     1.05 kB
dist/assets/chunk-XXDRQBXY-DAq4ulXn.js                        0.26 kB │ gzip:   0.22 kB │ map:     0.97 kB
dist/assets/clipboard-BQL1Pi_f.js                             0.26 kB │ gzip:   0.21 kB │ map:     1.06 kB
dist/assets/triangle-alert-CClsL2Kn.js                        0.27 kB │ gzip:   0.21 kB │ map:     1.08 kB
dist/assets/chunk-JWPE2WC7-CVTKyB14.js                        0.27 kB │ gzip:   0.18 kB │ map:     0.80 kB
dist/assets/pencil-CWlknlcw.js                                0.28 kB │ gzip:   0.22 kB │ map:     1.00 kB
dist/assets/lightbulb-B6wPNWsm.js                             0.28 kB │ gzip:   0.22 kB │ map:     1.07 kB
dist/assets/coins-BtxUiYli.js                                 0.29 kB │ gzip:   0.22 kB │ map:     1.10 kB
dist/assets/folder-open-VLnFgRck.js                           0.29 kB │ gzip:   0.22 kB │ map:     0.99 kB
dist/assets/remoteNavigationCommands-CY5lOYOy.js              0.29 kB │ gzip:   0.22 kB │ map:     0.99 kB
dist/assets/TranscriptPresentationContext-CeHs8-S2.js         0.29 kB │ gzip:   0.22 kB │ map:     0.80 kB
dist/assets/hash-Cv_x5NF0.js                                  0.30 kB │ gzip:   0.19 kB │ map:     1.24 kB
dist/assets/list-DgywJTjv.js                                  0.30 kB │ gzip:   0.19 kB │ map:     1.19 kB
dist/assets/message-square-plus-CcMMgkPK.js                   0.31 kB │ gzip:   0.23 kB │ map:     1.15 kB
dist/assets/dist-js-BMomq_Bw.js                               0.31 kB │ gzip:   0.20 kB │ map:    25.11 kB
dist/assets/refresh-cw-Cf7UQEUl.js                            0.32 kB │ gzip:   0.23 kB │ map:     1.13 kB
dist/assets/trash-2-B_BY0KO5.js                               0.32 kB │ gzip:   0.21 kB │ map:     1.18 kB
dist/assets/exactPromptSubmit-CTOmvacg.js                     0.32 kB │ gzip:   0.23 kB │ map:     1.63 kB
dist/assets/refToken-BTD1uOXt.js                              0.33 kB │ gzip:   0.21 kB │ map:     1.40 kB
dist/assets/navigationOwner-BXox2Zjf.js                       0.33 kB │ gzip:   0.23 kB │ map:     1.74 kB
dist/assets/chunk-3NCLNEKW-CupS9UCK.js                        0.33 kB │ gzip:   0.26 kB │ map:     1.09 kB
dist/assets/server-0WQrFYRp.js                                0.34 kB │ gzip:   0.21 kB │ map:     1.35 kB
dist/assets/FrontendDiagnosticsPanel-BBlh-7xz.js              0.34 kB │ gzip:   0.22 kB │ map:     0.96 kB
dist/assets/pin-CfAoTtsA.js                                   0.34 kB │ gzip:   0.23 kB │ map:     1.05 kB
dist/assets/remoteWorkspace-BJySPRka.js                       0.34 kB │ gzip:   0.23 kB │ map:     1.47 kB
dist/assets/shield-alert-BuHO_nuL.js                          0.35 kB │ gzip:   0.26 kB │ map:     1.15 kB
dist/assets/externalLinks-CKsSxzCV.js                         0.36 kB │ gzip:   0.25 kB │ map:     1.30 kB
dist/assets/chunk-5VM5RSS4-BFaMbyqY.js                        0.37 kB │ gzip:   0.27 kB │ map:     0.75 kB
dist/assets/projectColors-BdYcISKb.js                         0.37 kB │ gzip:   0.23 kB │ map:     1.36 kB
dist/assets/file-text-UpqpD4-s.js                             0.39 kB │ gzip:   0.25 kB │ map:     1.28 kB
dist/assets/minimize-2-Dknmsiys.js                            0.42 kB │ gzip:   0.24 kB │ map:     1.98 kB
dist/assets/costRateBand-CY5_EQCk.js                          0.42 kB │ gzip:   0.24 kB │ map:     1.94 kB
dist/assets/TranscriptLayoutIntentContext-i1-j8j7M.js         0.42 kB │ gzip:   0.24 kB │ map:     1.53 kB
dist/assets/desktopWebViewHeartbeat-DQS6pn5V.js               0.45 kB │ gzip:   0.27 kB │ map:     1.11 kB
dist/assets/recoveryStatus-CuZ-_p8_.js                        0.46 kB │ gzip:   0.26 kB │ map:     1.51 kB
dist/assets/info-DxZSL8cB.js                                  0.47 kB │ gzip:   0.29 kB │ map:     2.12 kB
dist/assets/folder-tree-oR8QUfrW.js                           0.48 kB │ gzip:   0.27 kB │ map:     1.37 kB
dist/assets/mcpListAttribution-C7aswt6v.js                    0.48 kB │ gzip:   0.31 kB │ map:     1.72 kB
dist/assets/format-D7OnIEEX.js                                0.48 kB │ gzip:   0.28 kB │ map:     3.43 kB
dist/assets/settings-CqUPGqZa.js                              0.49 kB │ gzip:   0.26 kB │ map:     1.25 kB
dist/assets/sparkles-CkysnfcX.js                              0.49 kB │ gzip:   0.28 kB │ map:     1.36 kB
dist/assets/chunk-BIQX33UG-B2FvK90j.js                        0.51 kB │ gzip:   0.31 kB │ map:     1.84 kB
dist/assets/chunk-QBLGF6JB-BimHJyjI.js                        0.51 kB │ gzip:   0.32 kB │ map:     1.85 kB
dist/assets/chunk-EMLP6XTP-CWjrJb0d.js                        0.51 kB │ gzip:   0.31 kB │ map:     1.86 kB
dist/assets/chunk-OSBZ3O6U-wh0kd2Yl.js                        0.52 kB │ gzip:   0.32 kB │ map:     1.88 kB
dist/assets/chunk-CYSBUYHQ-B0FN_Uf-.js                        0.52 kB │ gzip:   0.32 kB │ map:     1.90 kB
dist/assets/ModalCloseButton-BTtEWTFB.js                      0.53 kB │ gzip:   0.34 kB │ map:     1.25 kB
dist/assets/chunk-5FCAYU7R-D_i1qqIR.js                        0.53 kB │ gzip:   0.34 kB │ map:     1.95 kB
dist/assets/chunk-KBJHAD2P-DZNbgh8o.js                        0.58 kB │ gzip:   0.40 kB │ map:     2.00 kB
dist/assets/brain-B26l5jlZ.js                                 0.58 kB │ gzip:   0.31 kB │ map:     1.58 kB
dist/assets/remoteErrors-VoSKhatD.js                          0.61 kB │ gzip:   0.26 kB │ map:     1.66 kB
dist/assets/useCommittedCommand-9zav-lEp.js                   0.61 kB │ gzip:   0.34 kB │ map:     2.24 kB
dist/assets/flowDiagram-UKHOOZJN-DuKof7wY.js                  0.62 kB │ gzip:   0.33 kB
dist/assets/markdownImage-2F1EAV-S.js                         0.62 kB │ gzip:   0.34 kB │ map:     1.89 kB
dist/assets/infoDiagram-6WML65LV-B9mqtF5M.js                  0.63 kB │ gzip:   0.41 kB │ map:     1.92 kB
dist/assets/cpu-BIsuDV-N.js                                   0.64 kB │ gzip:   0.28 kB │ map:     2.05 kB
dist/assets/chunk-YOTPTUD7-Bt_LEq53.js                        0.64 kB │ gzip:   0.40 kB │ map:     2.31 kB
dist/assets/motion-BHIBpcY2.js                                0.69 kB │ gzip:   0.39 kB │ map:     2.40 kB
dist/assets/capabilityMutations-Cx4wxr_7.js                   0.70 kB │ gzip:   0.42 kB │ map:     1.75 kB
dist/assets/sessionRuntimeOwner-i9lhw6_r.js                   0.72 kB │ gzip:   0.30 kB │ map:     2.70 kB
dist/assets/InlineConfirmButton-CuH7_HWg.js                   0.74 kB │ gzip:   0.42 kB │ map:     2.29 kB
dist/assets/defineProperty-DMTxG6H7.js                        0.76 kB │ gzip:   0.38 kB
dist/assets/inboxGuidanceSubmit-Cy40hhoY.js                   0.77 kB │ gzip:   0.36 kB │ map:     2.61 kB
dist/assets/contextPanelUtils-lKBlxVUV.js                     0.77 kB │ gzip:   0.37 kB │ map:     2.44 kB
dist/assets/MarkdownRenderer-CiDQdxzD.js                      0.78 kB │ gzip:   0.46 kB │ map:     2.92 kB
dist/assets/classDiagram-JCYQIIEL-BnGhUAfa.js                 0.79 kB │ gzip:   0.45 kB │ map:     1.52 kB
dist/assets/classDiagram-v2-OCEON4UE-BnGhUAfa.js              0.79 kB │ gzip:   0.45 kB │ map:     1.53 kB
dist/assets/stateDiagram-v2-UEYNNEHI-BSdbLa7O.js              0.80 kB │ gzip:   0.46 kB │ map:     1.51 kB
dist/assets/transcriptGrouping-IAUu3z7l.js                    0.80 kB │ gzip:   0.45 kB │ map:     5.31 kB
dist/assets/markdownByteEstimate-CB8EokL-.js                  0.81 kB │ gzip:   0.45 kB │ map:     2.86 kB
dist/assets/swimlanesDiagram-ULZ7WXOC-CAoBwgsM.js             0.87 kB │ gzip:   0.49 kB │ map:     1.51 kB
dist/assets/runtimeStateStore-DkAbgM6L.js                     0.88 kB │ gzip:   0.51 kB │ map:     3.51 kB
dist/assets/react-Cl1NIFYx.js                                 0.89 kB │ gzip:   0.47 kB │ map:     2.92 kB
dist/assets/chunk-5HE753X5-CS9PMEV3.js                        0.90 kB │ gzip:   0.47 kB │ map:     3.14 kB
dist/assets/sessionActionOwner-CduD0lnr.js                    0.93 kB │ gzip:   0.39 kB │ map:     4.72 kB
dist/assets/chunk-MOZMSUNE-B5T0u7jS.js                        0.97 kB │ gzip:   0.49 kB │ map:     3.22 kB
dist/assets/chunk-CQNSW5MT-BLkdOW1W.js                        0.99 kB │ gzip:   0.51 kB │ map:     3.29 kB
dist/assets/line-BvVP_ci3.js                                  1.00 kB │ gzip:   0.48 kB │ map:     3.29 kB
dist/assets/McpListLayers-D-CQlFQX.js                         1.00 kB │ gzip:   0.41 kB │ map:     2.16 kB
dist/assets/session-DqtbuK4u.js                               1.01 kB │ gzip:   0.36 kB │ map:     3.00 kB
dist/assets/inboxSubmit-BzQ_R2iu.js                           1.02 kB │ gzip:   0.49 kB │ map:     3.26 kB
dist/assets/composerGuidance-BQ2RUa7Z.js                      1.06 kB │ gzip:   0.53 kB │ map:     3.27 kB
dist/assets/appNavigation-CE9yj8GE.js                         1.08 kB │ gzip:   0.47 kB │ map:     3.42 kB
dist/assets/chunk-UBXNYLIW-DBPkefmb.js                        1.08 kB │ gzip:   0.61 kB │ map:     3.17 kB
dist/assets/useMountTransition-BU3SFv9W.js                    1.08 kB │ gzip:   0.49 kB │ map:     4.58 kB
dist/assets/sizeCapture-X5ZJPWSS-DTqFx22c.js                  1.10 kB │ gzip:   0.53 kB │ map:     2.91 kB
dist/assets/chunk-5TONJI2A-D2kCyGPb.js                        1.11 kB │ gzip:   0.59 kB │ map:     4.11 kB
dist/assets/UndoRewindBanner-Du1p1owC.js                      1.13 kB │ gzip:   0.54 kB │ map:     2.88 kB
dist/assets/WindowsWindowControls-B0MBQajN.js                 1.13 kB │ gzip:   0.44 kB │ map:     1.97 kB
dist/assets/SubagentOutcomeCard-CAyv9Wn5.js                   1.13 kB │ gzip:   0.58 kB │ map:     2.86 kB
dist/assets/mockMCPInteraction-CSo0wxS-.js                    1.13 kB │ gzip:   0.55 kB │ map:     3.01 kB
dist/assets/chunk-JG7HCLWE-bqzg8ldc.js                        1.14 kB │ gzip:   0.60 kB │ map:     4.18 kB
dist/assets/rolldown-runtime-B0ziMyKk.js                      1.19 kB │ gzip:   0.66 kB
dist/assets/chunk-U6XO7XAA-CFSmFROp.js                        1.20 kB │ gzip:   0.64 kB │ map:     4.35 kB
dist/assets/useNavigationIntentFence-CosVFMI8.js              1.21 kB │ gzip:   0.60 kB │ map:     3.17 kB
dist/assets/preload-helper-BAhTmhLg.js                        1.25 kB │ gzip:   0.69 kB
dist/assets/money-Br58Vl5S.js                                 1.30 kB │ gzip:   0.61 kB │ map:     4.72 kB
dist/assets/ordinal-DDMBK6TR.js                               1.30 kB │ gzip:   0.59 kB │ map:     4.53 kB
dist/assets/core-BZtDrZHx.js                                  1.31 kB │ gzip:   0.58 kB │ map:    14.61 kB
dist/assets/HljsCode-BtMByM2y.js                              1.36 kB │ gzip:   0.76 kB │ map:     5.08 kB
dist/assets/CodeViewer-C7wcuQpj.js                            1.38 kB │ gzip:   0.72 kB │ map:     2.37 kB
dist/assets/searchSourcesPresentation-BkxmZrNw.js             1.41 kB │ gzip:   0.75 kB │ map:     4.42 kB
dist/assets/ManagementPageShell-Dkanp0xN.js                   1.42 kB │ gzip:   0.63 kB │ map:     5.49 kB
dist/assets/sessionRecoveryRuntime-C2SgTSqQ.js                1.42 kB │ gzip:   0.74 kB │ map:     5.25 kB
dist/assets/toast-B5fCssHx.js                                 1.48 kB │ gzip:   0.72 kB │ map:     3.99 kB
dist/assets/SettingsOptions-yPWaV4iE.js                       1.48 kB │ gzip:   0.84 kB │ map:     3.30 kB
dist/assets/diff-_2G0u5Ag.js                                  1.49 kB │ gzip:   0.72 kB │ map:     5.77 kB
dist/assets/RecoveryWaitBanner-dzQ47KpZ.js                    1.50 kB │ gzip:   0.62 kB │ map:     3.06 kB
dist/assets/createLucideIcon-DsCRaO0f.js                      1.55 kB │ gzip:   0.84 kB │ map:     8.95 kB
dist/assets/SubagentPreview-Bf6wBiK9.js                       1.56 kB │ gzip:   0.50 kB │ map:     3.28 kB
dist/assets/sessionExportData-CPywTeZt.js                     1.60 kB │ gzip:   0.72 kB │ map:     4.48 kB
dist/assets/searchSources-C1X1B9wS.js                         1.60 kB │ gzip:   0.74 kB │ map:     5.72 kB
dist/assets/chunk-R7FJI6CG-DyG5Edjt.js                        1.62 kB │ gzip:   0.81 kB │ map:     5.52 kB
dist/assets/CopyButton-BHB2hvtu.js                            1.64 kB │ gzip:   0.79 kB │ map:     4.61 kB
dist/assets/HljsDiff-BNnAoqdc.js                              1.64 kB │ gzip:   0.81 kB │ map:     4.52 kB
dist/assets/RuntimeDecisionCard-Cz8ZbBaW.js                   1.68 kB │ gzip:   0.84 kB │ map:     4.40 kB
dist/assets/railroadDiagram-AXF67PYL-Xf4QeFBs.js              1.72 kB │ gzip:   0.79 kB │ map:     4.56 kB
dist/assets/chunk-5JV3BV7I-CvyJFUjq.js                        1.81 kB │ gzip:   0.75 kB │ map:     5.61 kB
dist/assets/rewindCommit-HQHDiwbT.js                          1.85 kB │ gzip:   0.82 kB │ map:     5.16 kB
dist/assets/chunk-W5SLKNZC-riTHF4bA.js                        1.86 kB │ gzip:   0.90 kB │ map:     5.71 kB
dist/assets/abnfDiagram-N423BO3Z-BNKoRDk2.js                  1.87 kB │ gzip:   0.92 kB │ map:     5.39 kB
dist/assets/MemoryCitations-C6f4pwXU.js                       1.90 kB │ gzip:   0.82 kB │ map:     4.77 kB
dist/assets/sessionExperience-DArfIg2r.js                     1.94 kB │ gzip:   0.69 kB │ map:     5.18 kB
dist/assets/tabMetaRefresh-J_Pw4nHM.js                        1.96 kB │ gzip:   0.94 kB │ map:     7.22 kB
dist/assets/ProjectTreeFolderActivity-DYHF0ZDu.js             1.98 kB │ gzip:   0.95 kB │ map:     4.45 kB
dist/assets/chunk-2GRJ4B5K-CJBX6X_3.js                        1.98 kB │ gzip:   0.89 kB │ map:     6.14 kB
dist/assets/WorktreeBadge-Bcc9-R0Z.js                         2.05 kB │ gzip:   0.90 kB │ map:     6.87 kB
dist/assets/pegDiagram-VL7TDLO6-jiEYCf2t.js                   2.08 kB │ gzip:   0.96 kB │ map:     5.78 kB
dist/assets/ebnfDiagram-BXEA7PRR-D_7CSmr1.js                  2.12 kB │ gzip:   0.91 kB │ map:     5.95 kB
dist/assets/ReasoningSummary-CQFrSta2.js                      2.17 kB │ gzip:   1.04 kB │ map:     8.53 kB
dist/assets/AssistantReasoningPanel-BIuhtbpB.js               2.24 kB │ gzip:   1.01 kB │ map:     6.02 kB
dist/assets/PinnedFilesShelf-CS9BrpBK.js                      2.25 kB │ gzip:   1.04 kB │ map:     4.46 kB
dist/assets/chunk-7BUUIJ7U-BGKARiK2.js                        2.26 kB │ gzip:   0.84 kB │ map:    10.07 kB
dist/assets/dist-CuK8MNRU.js                                  2.28 kB │ gzip:   1.01 kB │ map:     6.53 kB
dist/assets/ConfirmDialog-DUMtEYsN.js                         2.31 kB │ gzip:   0.96 kB │ map:     6.20 kB
dist/assets/StreamingReasoningText-D31RAjdv.js                2.34 kB │ gzip:   1.03 kB │ map:    10.98 kB
dist/assets/path-CRjrksrk.js                                  2.35 kB │ gzip:   1.00 kB │ map:     8.54 kB
dist/assets/clipboard-ByMBvWNy.js                             2.36 kB │ gzip:   0.90 kB │ map:     7.13 kB
dist/assets/TopicbarExportMenu-DE_PaWnk.js                    2.37 kB │ gzip:   1.02 kB │ map:     6.81 kB
dist/assets/SearchSourcesPanel-DwjpQFTb.js                    2.38 kB │ gzip:   1.00 kB │ map:     5.43 kB
dist/assets/ClearContextCard-CPVJmv3S.js                      2.47 kB │ gzip:   1.13 kB │ map:     7.33 kB
dist/assets/remote-DVWZcP4G.js                                2.49 kB │ gzip:   0.96 kB │ map:     8.58 kB
dist/assets/lang-ClCI_BXE.js                                  2.50 kB │ gzip:   0.89 kB │ map:     7.65 kB
dist/assets/todoVisibility-CIlzk_XV.js                        2.59 kB │ gzip:   0.96 kB │ map:     8.12 kB
dist/assets/sessionDiagnostics-BHFaDkJb.js                    2.63 kB │ gzip:   1.12 kB │ map:    12.91 kB
dist/assets/TranscriptQuestionNavigator-W33sRg0T.js           2.65 kB │ gzip:   1.15 kB │ map:     8.16 kB
dist/assets/StorageSettingsPage-BiaqWFUL.js                   2.74 kB │ gzip:   0.97 kB │ map:     5.41 kB
dist/assets/sessionRecoveryVersions-C-cbD0mv.js               2.82 kB │ gzip:   1.18 kB │ map:     7.84 kB
dist/assets/controllerSwitchNotices-DerD9hxU.js               2.85 kB │ gzip:   1.08 kB │ map:     6.23 kB
dist/assets/TodoPanel-CzTPJqfZ.js                             2.86 kB │ gzip:   1.33 kB │ map:     8.70 kB
dist/assets/Tooltip-rSVzVeCy.js                               2.88 kB │ gzip:   1.28 kB │ map:     9.17 kB
dist/assets/runtimeStateSync-sZEnChqX.js                      2.89 kB │ gzip:   1.28 kB │ map:     8.53 kB
dist/assets/SessionTakeoverDialog-BEQTvQW-.js                 3.01 kB │ gzip:   1.15 kB │ map:     7.30 kB
dist/assets/attachmentDisplay-Dc4_GFFI.js                     3.20 kB │ gzip:   1.14 kB │ map:     8.64 kB
dist/assets/ContextMenu-Cqy1er8t.js                           3.21 kB │ gzip:   1.32 kB │ map:     9.04 kB
dist/assets/AnchoredPopover-B4Z-y8-O.js                       3.32 kB │ gzip:   1.38 kB │ map:    10.30 kB
dist/assets/highlight-Co7VFck2.js                             3.36 kB │ gzip:   1.33 kB │ map:    14.30 kB
dist/assets/SessionRecoveryBanner-B3cU1ybI.js                 3.36 kB │ gzip:   1.37 kB │ map:     8.82 kB
dist/assets/regexSearch.worker-Bw0yItKX.js                    3.53 kB │ gzip:   1.34 kB │ map:     0.09 kB
dist/assets/TrashPage-CTXbQ1gU.js                             3.57 kB │ gzip:   1.52 kB │ map:    10.86 kB
dist/assets/QuestionJumpBar-DO9vZ6Qf.js                       3.63 kB │ gzip:   1.65 kB │ map:    11.91 kB
dist/assets/chunk-J7OUQ5F2-D7whx_L1.js                        3.65 kB │ gzip:   1.58 kB │ map:     6.07 kB
dist/assets/workspaceRefreshStore-C6JhuafA.js                 3.68 kB │ gzip:   1.37 kB │ map:    13.76 kB
dist/assets/arc-Bef1RsGF.js                                   3.70 kB │ gzip:   1.51 kB │ map:    14.51 kB
dist/assets/projectTreeRuntime-BLi96t0w.js                    3.76 kB │ gzip:   1.48 kB │ map:    13.13 kB
dist/assets/SessionRecoveryVersionsHost-RMGIrqJN.js           3.82 kB │ gzip:   1.66 kB │ map:     7.66 kB
dist/assets/ExtensionFormDialog-B4qswMcu.js                   3.86 kB │ gzip:   1.55 kB │ map:    10.90 kB
dist/assets/managementLocale-BOeMB9QN.js                      4.08 kB │ gzip:   2.08 kB │ map:     6.11 kB
dist/assets/BlankProjectFlow-C9jTsE4s.js                      4.18 kB │ gzip:   1.68 kB │ map:    11.13 kB
dist/assets/terminalTheme-CH0ZHPkU.js                         4.29 kB │ gzip:   1.70 kB │ map:    12.02 kB
dist/assets/diagram-LBJQPF4R-DYQ3UF0y.js                      4.39 kB │ gzip:   1.87 kB │ map:    11.60 kB
dist/assets/themeExperience-DBDy9L_1.js                       4.46 kB │ gzip:   1.29 kB │ map:    12.41 kB
dist/assets/FileReferenceMenu-a-2VxACs.js                     4.60 kB │ gzip:   1.94 kB │ map:    16.08 kB
dist/assets/SidebarImConnectionDetail-9XFE9-YQ.js             4.63 kB │ gzip:   1.22 kB │ map:    10.18 kB
dist/assets/CommandPalette-DW2RSX5u.js                        4.67 kB │ gzip:   1.71 kB │ map:    17.09 kB
dist/assets/SettingsSelect-MfPSs1cw.js                        4.85 kB │ gzip:   2.06 kB │ map:    11.83 kB
dist/assets/terminal-DxcJeft2.js                              5.00 kB │ gzip:   1.83 kB │ map:    18.12 kB
dist/assets/defaultLocale-CmbRFqoc.js                         5.17 kB │ gzip:   2.25 kB │ map:    20.29 kB
dist/assets/sidebarImProjection-D0I30kPs.js                   5.21 kB │ gzip:   1.80 kB │ map:    16.16 kB
dist/assets/map-BVMY07sT.js                                   5.26 kB │ gzip:   1.96 kB │ map:    35.34 kB
dist/assets/completionSummary-CSqCSMfN.js                     5.33 kB │ gzip:   1.74 kB │ map:    13.06 kB
dist/assets/ModelSwitcher-BN3VOK4z.js                         5.38 kB │ gzip:   2.17 kB │ map:    14.73 kB
dist/assets/transcriptSelectionStore-Dh_HCIn7.js              5.49 kB │ gzip:   1.72 kB │ map:    18.19 kB
dist/assets/TurnResultSummary-v0jkOg04.js                     5.79 kB │ gzip:   2.35 kB │ map:    15.77 kB
dist/assets/ProviderModelDialog-BHMVOuB2.js                   5.85 kB │ gzip:   1.84 kB │ map:    13.37 kB
dist/assets/RecoveryLineageDialog-BMHnBwfS.js                 6.03 kB │ gzip:   2.00 kB │ map:    14.56 kB
dist/assets/ComposerGuidanceShelf-DUhybP0D.js                 6.05 kB │ gzip:   2.23 kB │ map:    17.07 kB
dist/assets/MarkdownHistory-CzSlJBKo.js                       6.17 kB │ gzip:   2.41 kB │ map:    25.19 kB
dist/assets/chunk-4I5QYGJK-Bj_UTFhs.js                        6.28 kB │ gzip:   2.82 kB │ map:    24.66 kB
dist/assets/useUpdater-CuyJnWAJ.js                            6.36 kB │ gzip:   2.46 kB │ map:    23.29 kB
dist/assets/linear-CVOyf0XJ.js                                6.37 kB │ gzip:   2.43 kB │ map:    24.48 kB
dist/assets/diagram-UB23O5K3-D32EpMyr.js                      6.37 kB │ gzip:   2.60 kB │ map:    18.11 kB
dist/assets/pieDiagram-7S7Q4E2Y-B6W7t_W9.js                   6.40 kB │ gzip:   2.65 kB │ map:    19.69 kB
dist/assets/RemoteSessionSurface-k1tANPLu.js                  6.58 kB │ gzip:   2.41 kB │ map:    17.47 kB
dist/assets/transcriptSelectionDom-CRAiLWdy.js                6.63 kB │ gzip:   2.38 kB │ map:    18.64 kB
dist/assets/mermaid-parser.core-39YZv5MR.js                   6.93 kB │ gzip:   1.89 kB │ map:    16.16 kB
dist/assets/chunk-RYQCIY6F-BRVdvlVi.js                        7.14 kB │ gzip:   2.70 kB │ map:    29.40 kB
dist/assets/PromptShelf-E3gRDl1h.js                           7.33 kB │ gzip:   2.47 kB │ map:    23.86 kB
dist/assets/AskCard-B_YIfYoq.js                               7.59 kB │ gzip:   2.92 kB │ map:    25.62 kB
dist/assets/ShortcutsCheatsheet-DE9abUAn.js                   7.72 kB │ gzip:   2.77 kB │ map:    21.46 kB
dist/assets/markdownPipeline-Bj3Zys2h.js                      7.78 kB │ gzip:   3.00 kB │ map:    29.09 kB
dist/assets/WorktreeMergeModal-B6LzbEhv.js                    8.52 kB │ gzip:   2.62 kB │ map:    23.95 kB
dist/assets/TranscriptSelectionMenu-Be2lurYd.js               8.53 kB │ gzip:   3.04 kB │ map:    24.09 kB
dist/assets/diagram-7IWD3JNH-DsXtSrjU.js                      8.73 kB │ gzip:   3.74 kB │ map:    25.26 kB
dist/assets/dagre-VZM6K2ZE-kgUxsNcC.js                        8.89 kB │ gzip:   3.42 kB │ map:    29.01 kB
dist/assets/bridgeBenchFixtures-CkPITBV_.js                   8.92 kB │ gzip:   3.63 kB │ map:    22.79 kB
dist/assets/workspaceDrag-B8S4D_Iy.js                         8.97 kB │ gzip:   2.42 kB │ map:    28.66 kB
dist/assets/Markdown-TJiL2ira.js                              9.40 kB │ gzip:   3.66 kB │ map:    26.78 kB
dist/assets/theme-BMo7QHsn.js                                 9.86 kB │ gzip:   3.44 kB │ map:    29.56 kB
dist/assets/controllerNotices-D1llcU90.js                    10.39 kB │ gzip:   3.48 kB │ map:    19.88 kB
dist/assets/cynefinDiagram-MW4NZA55-CxWvLAji.js              10.49 kB │ gzip:   3.51 kB │ map:    29.28 kB
dist/assets/stateDiagram-OKZ733FA-CRGKwGzJ.js                10.75 kB │ gzip:   3.77 kB │ map:    31.32 kB
dist/assets/RemotePanel-C1TLEIf-.js                          10.96 kB │ gzip:   3.28 kB │ map:    27.84 kB
dist/assets/keyboardShortcuts-CVJ5gjad.js                    11.29 kB │ gzip:   2.80 kB │ map:    28.63 kB
dist/assets/DiagnosticsSettingsPage-CfJ774xS.js              11.46 kB │ gzip:   3.67 kB │ map:    27.65 kB
dist/assets/ShortcutComboDisplay-Fvx3WTk0.js                 11.68 kB │ gzip:   3.92 kB │ map:    34.86 kB
dist/assets/diagram-B4RE2ZJO-CTlXTT1Q.js                     12.05 kB │ gzip:   4.26 kB │ map:    33.38 kB
dist/assets/RemoteHostsPage-BoVCP6K3.js                      12.13 kB │ gzip:   3.17 kB │ map:    28.86 kB
dist/assets/LineNumberCode-DbreFJpL.js                       12.32 kB │ gzip:   4.75 kB │ map:    45.95 kB
dist/assets/providerImageInput-DD3mQIR9.js                   12.83 kB │ gzip:   4.80 kB │ map:    20.70 kB
dist/assets/MCPInteractionCard-DWaqaXy8.js                   13.03 kB │ gzip:   3.64 kB │ map:    37.68 kB
dist/assets/TranscriptWindow-DOh8mB0t.js                     13.22 kB │ gzip:   4.85 kB │ map:    52.34 kB
dist/assets/TaskMonitorPanel-B3rYQdpg.js                     13.62 kB │ gzip:   4.14 kB │ map:    37.86 kB
dist/assets/sessionExport-QbG3UQUs.js                        14.55 kB │ gzip:   5.20 kB │ map:    33.35 kB
dist/assets/chunk-6Q2QTUOP-h8iuTkvy.js                       15.82 kB │ gzip:   4.38 kB │ map:    45.98 kB
dist/assets/FrontendDiagnosticsControl-DYgANftQ.js           16.30 kB │ gzip:   6.16 kB │ map:    47.93 kB
dist/assets/diagram-Q27KOJAE-D_C23XkV.js                     16.63 kB │ gzip:   5.66 kB │ map:    54.53 kB
dist/assets/markdownComponents-Ds76KnX7.js                   16.69 kB │ gzip:   5.74 kB │ map:    45.86 kB
dist/assets/MermaidDiagram-Dz_Zk00O.js                       17.34 kB │ gzip:   5.96 kB │ map:    44.11 kB
dist/assets/esm-Hb3M_JTM.js                                  17.42 kB │ gzip:   6.18 kB │ map:    65.95 kB
dist/assets/ishikawaDiagram-WSZJBQD7-BDJQD4Jw.js             17.61 kB │ gzip:   6.56 kB │ map:    55.65 kB
dist/assets/SubagentsPanel-5x-dGRiA.js                       18.09 kB │ gzip:   4.66 kB │ map:    43.63 kB
dist/assets/RemoteConnectWizardEntry-ChYWbEC1.js             19.24 kB │ gzip:   5.04 kB │ map:    52.26 kB
dist/assets/ProjectTreeOrganization-7J4B40m9.js              19.56 kB │ gzip:   6.46 kB │ map:    58.24 kB
dist/assets/kanban-definition-27J2QSJJ-Blwxu7d3.js           20.21 kB │ gzip:   7.19 kB │ map:    60.90 kB
dist/assets/ApprovalModal-Bi2OKtky.js                        20.69 kB │ gzip:   6.23 kB │ map:    63.16 kB
dist/assets/markdownRemarkPlugins-DttY0GLE.js                21.93 kB │ gzip:   8.36 kB │ map:    92.74 kB
dist/assets/HistoryPanel-CroIEUaS.js                         22.28 kB │ gzip:   6.40 kB │ map:    64.14 kB
dist/assets/ContextPanel-Dfw0JSVN.js                         22.80 kB │ gzip:   6.01 kB │ map:    60.00 kB
dist/assets/mindmap-definition-FAOFIHXS-DTQ2bHeO.js          23.35 kB │ gzip:   8.02 kB │ map:    69.24 kB
dist/assets/journeyDiagram-NVQOT4AX-oqT7o8nL.js              23.85 kB │ gzip:   8.29 kB │ map:    70.96 kB
dist/assets/sankeyDiagram-W5VNT64P-DDz0GG2t.js               24.44 kB │ gzip:   8.63 kB │ map:    79.12 kB
dist/assets/esm-nNtG-UAm.js                                  24.97 kB │ gzip:   7.45 kB │ map:    78.18 kB
dist/assets/wardleyDiagram-T6FBY63Y-DJc3eUxR.js              25.98 kB │ gzip:   6.65 kB │ map:    70.57 kB
dist/assets/graphlib-DZMbFQnf.js                             26.44 kB │ gzip:   8.54 kB │ map:   193.38 kB
dist/assets/erDiagram-JOGREHBK-Cr5pVfmj.js                   26.90 kB │ gzip:   9.46 kB │ map:    81.52 kB
dist/assets/UsageStatsPanel-C5Du968R.js                      27.83 kB │ gzip:   8.28 kB │ map:    79.41 kB
dist/assets/rough.esm-p8dw60of.js                            28.07 kB │ gzip:   9.14 kB │ map:    66.95 kB
dist/assets/gitGraphDiagram-DS77QQ5N-CF6P3sSS.js             29.58 kB │ gzip:   8.64 kB │ map:   104.30 kB
dist/assets/StatusBarItemsEditor-DOKjiZP_.js                 30.07 kB │ gzip:   8.47 kB │ map:    78.67 kB
dist/assets/tauriBridge-ekposaZi.js                          30.94 kB │ gzip:   7.49 kB │ map:   108.43 kB
dist/assets/timeline-definition-Z64GVDOM-J4VhIdmi.js         30.95 kB │ gzip:  10.04 kB │ map:    94.86 kB
dist/assets/requirementDiagram-LRYGKXZP-CTr6AbdY.js          31.20 kB │ gzip:   9.80 kB │ map:    89.99 kB
dist/assets/MemoryPanel-mLqGonvq.js                          33.30 kB │ gzip:   7.36 kB │ map:   110.27 kB
dist/assets/chunk-NSK5VX7P-DIggLEHg.js                       33.92 kB │ gzip:   8.93 kB │ map:   120.27 kB
dist/assets/dagre-C1ovc7t7.js                                34.27 kB │ gzip:  11.90 kB │ map:   199.21 kB
dist/assets/chunk-7Z6QIM7H-B_hkPMj_.js                       34.48 kB │ gzip:   7.38 kB │ map:    90.91 kB
dist/assets/quadrantDiagram-CIZ2JOQS-B60LgZ8n.js             34.74 kB │ gzip:   9.83 kB │ map:   100.59 kB
dist/assets/chunk-5RXB4S5H-DtNoKxO5.js                       37.64 kB │ gzip:  12.22 kB │ map:   113.17 kB
dist/assets/mermaid.core-DWvP8tVB.js                         38.11 kB │ gzip:  12.34 kB │ map:   103.91 kB
dist/assets/index-6D4yTv_H.js                                41.82 kB │ gzip:  14.65 kB │ map:   106.82 kB
dist/assets/xychartDiagram-ELKLHX3M-CnsX52UD.js              43.60 kB │ gzip:  11.90 kB │ map:   125.82 kB
dist/assets/vennDiagram-T6HMQDX7-KtrR09NA.js                 44.13 kB │ gzip:  15.64 kB │ map:   167.19 kB
dist/assets/providerCatalog.generated-DUKx8eUP.js            46.25 kB │ gzip:   5.17 kB │ map:    72.80 kB
dist/assets/chunk-ZIRB5QZD-B-nxTeKg.js                       47.66 kB │ gzip:  14.56 kB │ map:   143.24 kB
dist/assets/chunk-GF5L2VYU-CwKWp5MN.js                       48.91 kB │ gzip:  15.78 kB │ map:   138.03 kB
dist/assets/chunk-WRU74C26-BM_BuTW9.js                       48.96 kB │ gzip:  15.11 kB │ map:   102.75 kB
dist/assets/src-C-7StM_w.js                                  50.82 kB │ gzip:  16.76 kB │ map:   181.64 kB
dist/assets/chunk-JQJVKLGR-D7Ocr6nP.js                       59.77 kB │ gzip:  19.54 kB │ map:   171.59 kB
dist/assets/c4Diagram-5PPSVZJV-BHZrokIE.js                   69.66 kB │ gzip:  19.44 kB │ map:   184.13 kB
dist/assets/MCPAppCard-s85_N3W4.js                           69.79 kB │ gzip:  18.92 kB │ map:   239.16 kB
dist/assets/HeartbeatPanel-Vt3sxg2G.js                       69.91 kB │ gzip:  19.30 kB │ map:   198.62 kB
dist/assets/blockDiagram-VBNYF7ZC-BWkK6f9Q.js                73.94 kB │ gzip:  20.94 kB │ map:   226.73 kB
dist/assets/ganttDiagram-PKOTCBZU-CcAcOyT3.js                74.04 kB │ gzip:  23.37 kB │ map:   216.76 kB
dist/assets/ProjectTree-CUx2vg9P.js                          76.14 kB │ gzip:  21.19 kB │ map:   227.65 kB
dist/assets/CapabilitiesPanel-Cxu6dEPc.js                    76.91 kB │ gzip:  17.60 kB │ map:   216.72 kB
dist/assets/cose-bilkent-JH36ORCC-CYeMclBY.js                86.63 kB │ gzip:  22.23 kB │ map:   277.57 kB
dist/assets/chunk-QR6OTTB3-CU6zwsfV.js                      107.24 kB │ gzip:  25.27 kB │ map:   353.08 kB
dist/assets/WorkspacePanel-CRmVcDTn.js                      115.67 kB │ gzip:  27.87 kB │ map:   297.66 kB
dist/assets/sequenceDiagram-SI44F4Z6-B8RZ_vpD.js            116.65 kB │ gzip:  30.66 kB │ map:   314.93 kB
dist/assets/swimlanes-SLNWSIFB-BEmJ8wIR.js                  131.70 kB │ gzip:  41.18 kB │ map:   476.14 kB
dist/assets/Transcript-bKJHRjhj.js                          142.31 kB │ gzip:  42.66 kB │ map:   450.52 kB
dist/assets/architectureDiagram-T3A2C74G-CuRsWil_.js        155.09 kB │ gzip:  42.16 kB │ map:   538.72 kB
dist/assets/transcriptScrollGeometry-RXdPMOpp.js            167.42 kB │ gzip:  46.16 kB │ map:   575.07 kB
dist/assets/bridge-BB68r9mR.js                              209.45 kB │ gzip:  59.57 kB │ map:   631.86 kB
dist/assets/vendor-highlight-BFj7drn0.js                    215.43 kB │ gzip:  72.09 kB │ map:   634.14 kB
dist/assets/vendor-react-BPtf2N0Y.js                        237.22 kB │ gzip:  66.13 kB │ map:   811.23 kB
dist/assets/chunk-I66GZJ75-DIheKVFX.js                      243.95 kB │ gzip:  39.72 kB │ map:   597.58 kB
dist/assets/zh-BzBbC5HU.js                                  269.85 kB │ gzip:  80.86 kB │ map:   372.73 kB
dist/assets/zh-TW-CmDvb2g2.js                               270.44 kB │ gzip:  81.55 kB │ map:   373.42 kB
dist/assets/i18n-Br1H1FB7.js                                281.64 kB │ gzip:  76.89 kB │ map:   391.76 kB
dist/assets/SettingsPanel-Bqi43uih.js                       294.25 kB │ gzip:  68.19 kB │ map:   717.39 kB
dist/assets/v4-Cownxrke.js                                  301.83 kB │ gzip:  65.44 kB │ map:   819.84 kB
dist/assets/TerminalPanel-CACf8GxW.js                       347.83 kB │ gzip:  89.14 kB │ map:   684.11 kB
dist/assets/App-C4zjXGeK.js                                 398.28 kB │ gzip: 115.29 kB │ map: 1,250.44 kB
dist/assets/cytoscape.esm-Cs62AURi.js                       455.27 kB │ gzip: 143.53 kB │ map: 1,639.28 kB
dist/assets/TauriChatWorkspace-CPS33jYo.js                  459.91 kB │ gzip: 103.45 kB │ map: 1,087.82 kB
dist/assets/chunk-KEIR6QF5-D-BI7O4Z.js                      704.24 kB │ gzip: 147.99 kB │ map: 1,863.07 kB
dist/assets/vendor-markdown-C-g7vXyR.js                     709.92 kB │ gzip: 204.77 kB │ map: 2,473.58 kB
dist/assets/markdown.worker-D2IRvtwx.js                   1,095.55 kB │ gzip: 227.81 kB │ map:     0.08 kB

✓ built in 10.83s
[plugin builtin:vite-reporter] 
(!) Some chunks are larger than 600 kB after minification. Consider:
- Using dynamic import() to code-split the application
- Use build.rolldownOptions.output.codeSplitting to improve chunking: https://rolldown.rs/reference/OutputOptions.codeSplitting
- Adjust chunk size limit for this warning via build.chunkSizeWarningLimit.
[33m[PLUGIN_TIMINGS] [0mYour build spent 97% of 10.8s inside plugin hooks (10.4s).
Not measurable — 4 hooks whose calls overlap, so elapsed time covers work other calls were doing. Profile with `node --cpu-prof`:
  - vite:terser renderChunk (366 calls)
  - vite:asset load (18 calls)
  - vite:css transform (23 calls)
  … and 1 more
See https://rolldown.rs/reference/InputOptions.checks#plugintimings for more details.


bundle budgets
  PASS  initial JavaScript gzip: 161.9 KiB / 469.3 KiB
  PASS  largest initial JavaScript chunk gzip: 74.7 KiB / 280.0 KiB
  PASS  render-blocking CSS: none (all styles deferred)
  PASS  deferred app-shell CSS gzip: 120.3 KiB / 120.9 KiB
  PASS  zh-BzBbC5HU.js gzip: 77.9 KiB / 78.9 KiB
  PASS  zh-TW-CmDvb2g2.js gzip: 78.6 KiB / 79.3 KiB
  PASS  initial raw JavaScript and CSS: 1436.2 KiB / 2435.1 KiB
  PASS  largest initial JavaScript chunk raw: 275.0 KiB / 1000.0 KiB
warning: `/Users/jerry/.cargo/config` is deprecated in favor of `config.toml`
  |
  = help: if you need to support cargo 1.38 or earlier, you can symlink `config` to `config.toml`
   Compiling reasonix-tauri v0.1.0 (/Users/jerry/temp/app/reasonix-tauri/desktop/tauri)
    Finished `release` profile [optimized] target(s) in 37.07s
       Built application at: /Users/jerry/temp/app/reasonix-tauri/desktop/tauri/target/release/reasonix-tauri
    Bundling Reasonix Tauri Preview.app (/Users/jerry/temp/app/reasonix-tauri/desktop/tauri/target/release/bundle/macos/Reasonix Tauri Preview.app)
     Signing with identity "-"
Signing with identity "-"
Signing /Users/jerry/temp/app/reasonix-tauri/desktop/tauri/target/release/bundle/macos/Reasonix Tauri Preview.app/Contents/MacOS/reasonix-desktop-bridge
/Users/jerry/temp/app/reasonix-tauri/desktop/tauri/target/release/bundle/macos/Reasonix Tauri Preview.app/Contents/MacOS/reasonix-desktop-bridge: replacing existing signature
Signing with identity "-"
Signing /Users/jerry/temp/app/reasonix-tauri/desktop/tauri/target/release/bundle/macos/Reasonix Tauri Preview.app/Contents/MacOS/reasonix-tauri
/Users/jerry/temp/app/reasonix-tauri/desktop/tauri/target/release/bundle/macos/Reasonix Tauri Preview.app/Contents/MacOS/reasonix-tauri: replacing existing signature
Signing with identity "-"
Signing /Users/jerry/temp/app/reasonix-tauri/desktop/tauri/target/release/bundle/macos/Reasonix Tauri Preview.app
/Users/jerry/temp/app/reasonix-tauri/desktop/tauri/target/release/bundle/macos/Reasonix Tauri Preview.app: replacing existing signature
        Warn skipping app notarization, no APPLE_ID & APPLE_PASSWORD & APPLE_TEAM_ID or APPLE_API_KEY & APPLE_API_ISSUER & APPLE_API_KEY_PATH environment variables found
    Bundling Reasonix Tauri Preview_0.1.0_aarch64.dmg (/Users/jerry/temp/app/reasonix-tauri/desktop/tauri/target/release/bundle/dmg/Reasonix Tauri Preview_0.1.0_aarch64.dmg)
     Running bundle_dmg.sh
failed to bundle project error running bundle_dmg.sh: `failed to run /Users/jerry/temp/app/reasonix-tauri/desktop/tauri/target/release/bundle/dmg/bundle_dmg.sh`
       Error failed to bundle project error running bundle_dmg.sh: `failed to run /Users/jerry/temp/app/reasonix-tauri/desktop/tauri/target/release/bundle/dmg/bundle_dmg.sh`
 ELIFECYCLE  Command failed with exit code 1.
