       Debug [tauri_cli::helpers::app_paths] resolving Tauri directory from /Users/jerry/temp/app/reasonix-tauri/desktop/frontend
       Debug [ignore::gitignore] opened gitignore file: /var/folders/j8/bqc5mc190_q6f4ytd9d32hlm0000gn/T/.gitignore
       Debug [globset] built glob set; 0 literals, 3 basenames, 0 extensions, 0 prefixes, 0 suffixes, 0 required extensions, 0 regexes
       Debug [ignore::gitignore] opened gitignore file: /Users/jerry/temp/app/reasonix-tauri/.gitignore
       Debug [globset] glob converted to regex: Glob { glob: "desktop/build/*", re: "(?-u)^desktop/build/[^/]*$", opts: GlobOptions { case_insensitive: false, literal_separator: true, backslash_escape: true, empty_alternates: false }, tokens: Tokens([Literal('d'), Literal('e'), Literal('s'), Literal('k'), Literal('t'), Literal('o'), Literal('p'), Literal('/'), Literal('b'), Literal('u'), Literal('i'), Literal('l'), Literal('d'), Literal('/'), ZeroOrMore]) }
       Debug [globset] glob converted to regex: Glob { glob: "desktop/frontend/dist/*", re: "(?-u)^desktop/frontend/dist/[^/]*$", opts: GlobOptions { case_insensitive: false, literal_separator: true, backslash_escape: true, empty_alternates: false }, tokens: Tokens([Literal('d'), Literal('e'), Literal('s'), Literal('k'), Literal('t'), Literal('o'), Literal('p'), Literal('/'), Literal('f'), Literal('r'), Literal('o'), Literal('n'), Literal('t'), Literal('e'), Literal('n'), Literal('d'), Literal('/'), Literal('d'), Literal('i'), Literal('s'), Literal('t'), Literal('/'), ZeroOrMore]) }
       Debug [globset] glob converted to regex: Glob { glob: "**/.firebase-crash-migration-state.json.tmp-*", re: "(?-u)^(?:/?|.*/)\\.firebase\\-crash\\-migration\\-state\\.json\\.tmp\\-[^/]*$", opts: GlobOptions { case_insensitive: false, literal_separator: true, backslash_escape: true, empty_alternates: false }, tokens: Tokens([RecursivePrefix, Literal('.'), Literal('f'), Literal('i'), Literal('r'), Literal('e'), Literal('b'), Literal('a'), Literal('s'), Literal('e'), Literal('-'), Literal('c'), Literal('r'), Literal('a'), Literal('s'), Literal('h'), Literal('-'), Literal('m'), Literal('i'), Literal('g'), Literal('r'), Literal('a'), Literal('t'), Literal('i'), Literal('o'), Literal('n'), Literal('-'), Literal('s'), Literal('t'), Literal('a'), Literal('t'), Literal('e'), Literal('.'), Literal('j'), Literal('s'), Literal('o'), Literal('n'), Literal('.'), Literal('t'), Literal('m'), Literal('p'), Literal('-'), ZeroOrMore]) }
       Debug [globset] glob converted to regex: Glob { glob: ".reasonix/*", re: "(?-u)^\\.reasonix/[^/]*$", opts: GlobOptions { case_insensitive: false, literal_separator: true, backslash_escape: true, empty_alternates: false }, tokens: Tokens([Literal('.'), Literal('r'), Literal('e'), Literal('a'), Literal('s'), Literal('o'), Literal('n'), Literal('i'), Literal('x'), Literal('/'), ZeroOrMore]) }
       Debug [globset] built glob set; 31 literals, 16 basenames, 4 extensions, 0 prefixes, 0 suffixes, 1 required extensions, 4 regexes
       Debug [ignore::gitignore] opened gitignore file: /Users/jerry/temp/app/reasonix-tauri/desktop/.gitignore
       Debug [globset] glob converted to regex: Glob { glob: "build/*", re: "(?-u)^build/[^/]*$", opts: GlobOptions { case_insensitive: false, literal_separator: true, backslash_escape: true, empty_alternates: false }, tokens: Tokens([Literal('b'), Literal('u'), Literal('i'), Literal('l'), Literal('d'), Literal('/'), ZeroOrMore]) }
       Debug [globset] glob converted to regex: Glob { glob: "build/windows/*", re: "(?-u)^build/windows/[^/]*$", opts: GlobOptions { case_insensitive: false, literal_separator: true, backslash_escape: true, empty_alternates: false }, tokens: Tokens([Literal('b'), Literal('u'), Literal('i'), Literal('l'), Literal('d'), Literal('/'), Literal('w'), Literal('i'), Literal('n'), Literal('d'), Literal('o'), Literal('w'), Literal('s'), Literal('/'), ZeroOrMore]) }
       Debug [globset] glob converted to regex: Glob { glob: "build/windows/installer/*", re: "(?-u)^build/windows/installer/[^/]*$", opts: GlobOptions { case_insensitive: false, literal_separator: true, backslash_escape: true, empty_alternates: false }, tokens: Tokens([Literal('b'), Literal('u'), Literal('i'), Literal('l'), Literal('d'), Literal('/'), Literal('w'), Literal('i'), Literal('n'), Literal('d'), Literal('o'), Literal('w'), Literal('s'), Literal('/'), Literal('i'), Literal('n'), Literal('s'), Literal('t'), Literal('a'), Literal('l'), Literal('l'), Literal('e'), Literal('r'), Literal('/'), ZeroOrMore]) }
       Debug [globset] glob converted to regex: Glob { glob: "build/darwin/*", re: "(?-u)^build/darwin/[^/]*$", opts: GlobOptions { case_insensitive: false, literal_separator: true, backslash_escape: true, empty_alternates: false }, tokens: Tokens([Literal('b'), Literal('u'), Literal('i'), Literal('l'), Literal('d'), Literal('/'), Literal('d'), Literal('a'), Literal('r'), Literal('w'), Literal('i'), Literal('n'), Literal('/'), ZeroOrMore]) }
       Debug [globset] glob converted to regex: Glob { glob: "build/linux/*", re: "(?-u)^build/linux/[^/]*$", opts: GlobOptions { case_insensitive: false, literal_separator: true, backslash_escape: true, empty_alternates: false }, tokens: Tokens([Literal('b'), Literal('u'), Literal('i'), Literal('l'), Literal('d'), Literal('/'), Literal('l'), Literal('i'), Literal('n'), Literal('u'), Literal('x'), Literal('/'), ZeroOrMore]) }
       Debug [globset] glob converted to regex: Glob { glob: "build/linux/icons/**/*", re: "(?-u)^build/linux/icons(?:/|/.*/)[^/]*$", opts: GlobOptions { case_insensitive: false, literal_separator: true, backslash_escape: true, empty_alternates: false }, tokens: Tokens([Literal('b'), Literal('u'), Literal('i'), Literal('l'), Literal('d'), Literal('/'), Literal('l'), Literal('i'), Literal('n'), Literal('u'), Literal('x'), Literal('/'), Literal('i'), Literal('c'), Literal('o'), Literal('n'), Literal('s'), RecursiveZeroOrMore, ZeroOrMore]) }
       Debug [globset] built glob set; 19 literals, 0 basenames, 1 extensions, 0 prefixes, 0 suffixes, 0 required extensions, 6 regexes
       Debug [ignore::gitignore] opened gitignore file: /Users/jerry/temp/app/reasonix-tauri/desktop/frontend/.gitignore
       Debug [globset] glob converted to regex: Glob { glob: "dist/*", re: "(?-u)^dist/[^/]*$", opts: GlobOptions { case_insensitive: false, literal_separator: true, backslash_escape: true, empty_alternates: false }, tokens: Tokens([Literal('d'), Literal('i'), Literal('s'), Literal('t'), Literal('/'), ZeroOrMore]) }
       Debug [globset] built glob set; 4 literals, 5 basenames, 1 extensions, 0 prefixes, 0 suffixes, 0 required extensions, 1 regexes
       Debug [ignore::walk] ignoring /Users/jerry/temp/app/reasonix-tauri/desktop/frontend/.DS_Store: Ignore(IgnoreMatch(Gitignore(Glob { from: Some("/var/folders/j8/bqc5mc190_q6f4ytd9d32hlm0000gn/T/.gitignore"), original: ".DS_Store", actual: "**/.DS_Store", is_whitelist: false, is_only_dir: false })))
       Debug [ignore::walk] ignoring /Users/jerry/temp/app/reasonix-tauri/desktop/frontend/dist/legacy-ui-store.html: Ignore(IgnoreMatch(Gitignore(Glob { from: Some("/Users/jerry/temp/app/reasonix-tauri/desktop/frontend/.gitignore"), original: "dist/*", actual: "dist/*", is_whitelist: false, is_only_dir: false })))
       Debug [ignore::walk] ignoring /Users/jerry/temp/app/reasonix-tauri/desktop/frontend/dist/index.html: Ignore(IgnoreMatch(Gitignore(Glob { from: Some("/Users/jerry/temp/app/reasonix-tauri/desktop/frontend/.gitignore"), original: "dist/*", actual: "dist/*", is_whitelist: false, is_only_dir: false })))
       Debug [ignore::walk] ignoring /Users/jerry/temp/app/reasonix-tauri/desktop/frontend/dist/.DS_Store: Ignore(IgnoreMatch(Gitignore(Glob { from: Some("/Users/jerry/temp/app/reasonix-tauri/desktop/frontend/.gitignore"), original: "dist/*", actual: "dist/*", is_whitelist: false, is_only_dir: false })))
       Debug [ignore::walk] whitelisting /Users/jerry/temp/app/reasonix-tauri/desktop/frontend/dist/.gitkeep: Whitelist(IgnoreMatch(Gitignore(Glob { from: Some("/Users/jerry/temp/app/reasonix-tauri/desktop/frontend/.gitignore"), original: "!dist/.gitkeep", actual: "dist/.gitkeep", is_whitelist: true, is_only_dir: false })))
       Debug [ignore::walk] ignoring /Users/jerry/temp/app/reasonix-tauri/desktop/frontend/dist/sounds: Ignore(IgnoreMatch(Gitignore(Glob { from: Some("/Users/jerry/temp/app/reasonix-tauri/desktop/frontend/.gitignore"), original: "dist/*", actual: "dist/*", is_whitelist: false, is_only_dir: false })))
       Debug [ignore::walk] ignoring /Users/jerry/temp/app/reasonix-tauri/desktop/frontend/dist/provider-icons: Ignore(IgnoreMatch(Gitignore(Glob { from: Some("/Users/jerry/temp/app/reasonix-tauri/desktop/frontend/.gitignore"), original: "dist/*", actual: "dist/*", is_whitelist: false, is_only_dir: false })))
       Debug [ignore::walk] ignoring /Users/jerry/temp/app/reasonix-tauri/desktop/frontend/dist/assets: Ignore(IgnoreMatch(Gitignore(Glob { from: Some("/Users/jerry/temp/app/reasonix-tauri/desktop/frontend/.gitignore"), original: "dist/*", actual: "dist/*", is_whitelist: false, is_only_dir: false })))
       Debug [ignore::walk] ignoring /Users/jerry/temp/app/reasonix-tauri/desktop/frontend/node_modules: Ignore(IgnoreMatch(Gitignore(Glob { from: Some("/Users/jerry/temp/app/reasonix-tauri/desktop/frontend/.gitignore"), original: "node_modules", actual: "**/node_modules", is_whitelist: false, is_only_dir: false })))
       Debug [ignore::walk] ignoring /Users/jerry/temp/app/reasonix-tauri/desktop/frontend/.npmrc: Ignore(IgnoreMatch(Hidden))
       Debug [ignore::walk] ignoring /Users/jerry/temp/app/reasonix-tauri/desktop/frontend/public/.DS_Store: Ignore(IgnoreMatch(Gitignore(Glob { from: Some("/var/folders/j8/bqc5mc190_q6f4ytd9d32hlm0000gn/T/.gitignore"), original: ".DS_Store", actual: "**/.DS_Store", is_whitelist: false, is_only_dir: false })))
       Debug [ignore::walk] ignoring /Users/jerry/temp/app/reasonix-tauri/desktop/frontend/.gitignore: Ignore(IgnoreMatch(Hidden))
       Debug [ignore::walk] ignoring /Users/jerry/temp/app/reasonix-tauri/desktop/frontend/.nvmrc: Ignore(IgnoreMatch(Hidden))

thread '<unnamed>' (5420627) panicked at crates/tauri-cli/src/helpers/app_paths.rs:133:5:
Couldn't recognize the current folder as a Tauri project. It must contain a `tauri.conf.json`, `tauri.conf.json5` or `Tauri.toml` file in any subfolder.
note: run with `RUST_BACKTRACE=1` environment variable to display a backtrace
undefined
 ERR_PNPM_RECURSIVE_EXEC_FIRST_FAIL  Command was killed with SIGABRT (Aborted): tauri build --verbose
