正在检查“Protective Master Boot Record（MBR：0）”的校验和…
Protective Master Boot Record（MBR：0）：已验证CRC32 $CC31BD93
正在检查“GPT Header（Primary GPT Header：1）”的校验和…
    GPT Header（Primary GPT Header：1）：已验证CRC32 $67DFE281
正在检查“GPT Partition Data（Primary GPT Table：2）”的校验和…
GPT Partition Data（Primary GPT Table：已验证CRC32 $186920A6
正在检查“（Apple_Free：3）”的校验和…
                      （Apple_Free：3）：已验证CRC32 $00000000
正在检查“disk image（Apple_HFS：4）”的校验和…
             disk image（Apple_HFS：4）：已验证CRC32 $4FE5B5CB
正在检查“GPT Partition Data（Backup GPT Table：5）”的校验和…
GPT Partition Data（Backup GPT Table：：已验证CRC32 $186920A6
正在检查“GPT Header（Backup GPT Header：6）”的校验和…
     GPT Header（Backup GPT Header：6）：已验证CRC32 $B4F5C147
已验证CRC32 $333BD856
hdiutil: verify: checksum of "/Users/jerry/temp/app/reasonix-tauri/desktop/tauri/target/release/bundle/dmg/Reasonix Tauri Preview_0.1.0_aarch64.dmg" is VALID
预计CRC32 $333BD856
hdiutil: WARNING: 'hdiutil attach -readonly -nobrowse -mountpoint ...' is deprecated. Please use 'diskutil image attach --readOnly --mountOptions nobrowse --mountPoint ...' instead.
/dev/disk5          	GUID_partition_scheme          	
/dev/disk5s1        	Apple_HFS                      	/private/tmp/reasonix-d-minimize-trace-installed-m0k8pkmw/mount
hdiutil: WARNING: 'hdiutil detach ...' is deprecated. Please use 'diskutil eject ...' instead.
"disk5" ejected.
Installed app: /private/tmp/reasonix-d-minimize-trace-installed-m0k8pkmw/Reasonix Tauri Preview.app
original-api: exit 1
presented-comparison: exit 1
package: exit 0
