native macOS window managed exercise: OK
native macOS window managed restore-maximized: OK
native macOS window managed restore-normal: OK
native macOS window managed appearance-rollback-unconfigured: OK
native macOS window managed application-hide: OK
native macOS window managed background-close: OK
native macOS window managed menu-shortcuts: OK
native macOS window managed menu-settings-hidden: OK
native macOS window managed menu-settings-minimized: OK
native macOS window managed menu-settings-app-hidden: OK
native macOS window managed task-background-menu-quit: OK
native macOS window managed appearance-dark: OK
native macOS window managed restore-appearance-dark: OK
native macOS window managed restore-appearance-light: OK
native macOS window managed restore-appearance-auto: OK
native macOS window managed appearance-rollback: OK
native macOS window managed restore-appearance-rollback: OK
native macOS window managed clipboard-native: OK
native macOS window managed dialog-cancel: OK
native macOS window managed menu-editing: OK
native macOS window managed second-instance: OK
native macOS window managed close-quit: OK
native macOS window managed restore-close-quit: OK
native macOS window managed: 23/23 stages passed
native window trace: {"stage": "exercise-ready", "state": {"mainPageFinished": false, "focused": true, "minimized": false, "visible": true, "applicationActive": true, "applicationHidden": false, "nativeKeyWindow": true, "nativeMainWindow": true, "nativeCanBecomeKey": true, "nativeOnActiveSpace": true, "nativeMiniaturizable": true, "nativeMiniaturized": false, "nativeVisible": true, "applicationFinishedLaunching": true, "runningApplicationActive": true, "applicationOcclusionVisible": true, "nativeOcclusionVisible": true, "applicationRunning": true, "applicationModalWindowPresent": false, "nativeAttachedSheet": false, "nativeIsSheet": false, "nativeInLiveResize": false, "restoreRequests": 0, "restoreCompletions": 0, "reopenEvents": 0, "willMiniaturize": 0, "didMiniaturize": 0, "didDeminiaturize": 0, "becameKey": 1, "resignedKey": 0, "appearanceRequests": 1, "appearanceSkipped": 1, "nativeStyleMask": 32783, "applicationActivationPolicy": 0, "runningActivationPolicy": 0, "monitors": [{"x": 0, "y": 60, "width": 3840, "height": 1966, "scale": 2.0}, {"x": -3840, "y": 60, "width": 3840, "height": 2100, "scale": 2.0}], "nativeTransitions": ["appearance-request", "appearance-skipped", "became-key"]}}
native window trace: {"stage": "exercise-shown", "state": {"mainPageFinished": false, "focused": true, "minimized": false, "visible": true, "applicationActive": true, "applicationHidden": false, "nativeKeyWindow": true, "nativeMainWindow": true, "nativeCanBecomeKey": true, "nativeOnActiveSpace": true, "nativeMiniaturizable": true, "nativeMiniaturized": false, "nativeVisible": true, "applicationFinishedLaunching": true, "runningApplicationActive": true, "applicationOcclusionVisible": false, "nativeOcclusionVisible": false, "applicationRunning": true, "applicationModalWindowPresent": false, "nativeAttachedSheet": false, "nativeIsSheet": false, "nativeInLiveResize": false, "restoreRequests": 2, "restoreCompletions": 2, "reopenEvents": 0, "willMiniaturize": 0, "didMiniaturize": 0, "didDeminiaturize": 0, "becameKey": 2, "resignedKey": 1, "appearanceRequests": 1, "appearanceSkipped": 1, "nativeStyleMask": 32783, "applicationActivationPolicy": 0, "runningActivationPolicy": 0, "monitors": [{"x": 0, "y": 60, "width": 3840, "height": 1966, "scale": 2.0}, {"x": -3840, "y": 60, "width": 3840, "height": 2100, "scale": 2.0}], "nativeTransitions": ["appearance-request", "appearance-skipped", "became-key", "resigned-key", "became-key"]}}
native window trace: {"stage": "exercise-minimize-requested", "state": {"mainPageFinished": false, "focused": true, "minimized": false, "visible": true, "applicationActive": true, "applicationHidden": false, "nativeKeyWindow": true, "nativeMainWindow": true, "nativeCanBecomeKey": true, "nativeOnActiveSpace": true, "nativeMiniaturizable": true, "nativeMiniaturized": false, "nativeVisible": true, "applicationFinishedLaunching": true, "runningApplicationActive": true, "applicationOcclusionVisible": false, "nativeOcclusionVisible": false, "applicationRunning": true, "applicationModalWindowPresent": false, "nativeAttachedSheet": false, "nativeIsSheet": false, "nativeInLiveResize": false, "restoreRequests": 2, "restoreCompletions": 2, "reopenEvents": 0, "willMiniaturize": 0, "didMiniaturize": 0, "didDeminiaturize": 0, "becameKey": 2, "resignedKey": 1, "appearanceRequests": 1, "appearanceSkipped": 1, "nativeStyleMask": 32783, "applicationActivationPolicy": 0, "runningActivationPolicy": 0, "monitors": [{"x": 0, "y": 60, "width": 3840, "height": 1966, "scale": 2.0}, {"x": -3840, "y": 60, "width": 3840, "height": 2100, "scale": 2.0}], "nativeTransitions": ["appearance-request", "appearance-skipped", "became-key", "resigned-key", "became-key"]}}
Private window failure fixture retained: /private/tmp/reasonix-native-window-smoke-l73p1flf; completed stages: 0
native macOS window smoke failed: exercise: native window timeout: minimized window; actual=Ok(Object {"appearanceRequests": Number(2), "appearanceSkipped": Number(2), "applicationActivationPolicy": Number(0), "applicationActive": Bool(true), "applicationFinishedLaunching": Bool(true), "applicationHidden": Bool(false), "applicationModalWindowPresent": Bool(false), "applicationOcclusionVisible": Bool(false), "applicationRunning": Bool(true), "becameKey": Number(2), "didDeminiaturize": Number(0), "didMiniaturize": Number(0), "focused": Bool(false), "geometry": Object {"height": Number(1400), "scale": Number(2.0), "width": Number(2000), "x": Number(920), "y": Number(344)}, "mainPageFinished": Bool(true), "maximized": Bool(false), "minimized": Bool(false), "monitors": Array [Object {"height": Number(1966), "scale": Number(2.0), "width": Number(3840), "x": Number(0), "y": Number(60)}, Object {"height": Number(2100), "scale": Number(2.0), "width": Number(3840), "x": Number(-3840), "y": Number(60)}], "nativeAttachedSheet": Bool(false), "nativeCanBecomeKey": Bool(true), "nativeInLiveResize": Bool(false), "nativeIsSheet": Bool(false), "nativeKeyWindow": Bool(false), "nativeMainWindow": Bool(false), "nativeMiniaturizable": Bool(true), "nativeMiniaturized": Bool(false), "nativeOcclusionVisible": Bool(false), "nativeOnActiveSpace": Bool(true), "nativeStyleMask": Number(32783), "nativeTransitions": Array [String("appearance-request"), String("appearance-skipped"), String("became-key"), String("resigned-key"), String("became-key"), String("resigned-key"), String("appearance-request"), String("appearance-skipped")], "nativeVisible": Bool(true), "reopenEvents": Number(0), "resignedKey": Number(2), "restoreCompletions": Number(2), "restoreRequests": Number(2), "runningActivationPolicy": Number(0), "runningApplicationActive": Bool(true), "visible": Bool(true), "willMiniaturize": Number(0)})
