正在检查“Protective Master Boot Record（MBR：0）”的校验和…
Protective Master Boot Record（MBR：0）：已验证CRC32 $D7B61264
正在检查“GPT Header（Primary GPT Header：1）”的校验和…
    GPT Header（Primary GPT Header：1）：已验证CRC32 $54B34BD9
正在检查“GPT Partition Data（Primary GPT Table：2）”的校验和…
GPT Partition Data（Primary GPT Table：已验证CRC32 $0FC48A76
正在检查“（Apple_Free：3）”的校验和…
                      （Apple_Free：3）：已验证CRC32 $00000000
正在检查“disk image（Apple_HFS：4）”的校验和…
             disk image（Apple_HFS：4）：已验证CRC32 $E59590F5
正在检查“GPT Partition Data（Backup GPT Table：5）”的校验和…
GPT Partition Data（Backup GPT Table：：已验证CRC32 $0FC48A76
正在检查“GPT Header（Backup GPT Header：6）”的校验和…
     GPT Header（Backup GPT Header：6）：已验证CRC32 $A9BB742F
已验证CRC32 $FD52E093
hdiutil: WARNING: 'hdiutil attach -readonly -nobrowse -mountpoint ...' is deprecated. Please use 'diskutil image attach --readOnly --mountOptions nobrowse --mountPoint ...' instead.
/dev/disk4          	GUID_partition_scheme          	
/dev/disk4s1        	Apple_HFS                      	/private/tmp/reasonix-d-restore-queue-installed-jqbr97s1/mount
hdiutil: WARNING: 'hdiutil detach ...' is deprecated. Please use 'diskutil eject ...' instead.
"disk4" ejected.
{"app": "/private/tmp/reasonix-d-restore-queue-installed-jqbr97s1/Reasonix Tauri Preview.app", "dmg": "/Users/jerry/temp/app/reasonix-tauri/desktop/tauri/target/release/bundle/dmg/Reasonix Tauri Preview_0.1.0_aarch64.dmg", "dmgSha256": "decaeb013a46457e8f61c8ecf5c863ffb27299299b8c7ef703efabdb53e842a1", "artifactSha256": {"reasonix-tauri": "e7f5f9ae76c5f64c2330dc83082e292da66b35f4834abcb2f4dc930d4bbd6a7a", "reasonix-desktop-bridge": "45c469eab915637650996dd94861213b4edbcd6267937f86e92f5a4a55a6ce83"}}
