正在检查“Protective Master Boot Record（MBR：0）”的校验和…
Protective Master Boot Record（MBR：0）：已验证CRC32 $D4FD4108
正在检查“GPT Header（Primary GPT Header：1）”的校验和…
    GPT Header（Primary GPT Header：1）：已验证CRC32 $A8C15EA0
正在检查“GPT Partition Data（Primary GPT Table：2）”的校验和…
GPT Partition Data（Primary GPT Table：已验证CRC32 $12FA473C
正在检查“（Apple_Free：3）”的校验和…
                      （Apple_Free：3）：已验证CRC32 $00000000
正在检查“disk image（Apple_HFS：4）”的校验和…
             disk image（Apple_HFS：4）：已验证CRC32 $EB28FAC3
正在检查“（Apple_Free：5）”的校验和…
                      （Apple_Free：5）：已验证CRC32 $00000000
正在检查“GPT Partition Data（Backup GPT Table：6）”的校验和…
GPT Partition Data（Backup GPT Table：：已验证CRC32 $12FA473C
正在检查“GPT Header（Backup GPT Header：7）”的校验和…
     GPT Header（Backup GPT Header：7）：已验证CRC32 $99C6F82F
已验证CRC32 $BBF212B9
hdiutil: WARNING: 'hdiutil attach -readonly -nobrowse -mountpoint ...' is deprecated. Please use 'diskutil image attach --readOnly --mountOptions nobrowse --mountPoint ...' instead.
/dev/disk4          	GUID_partition_scheme          	
/dev/disk4s1        	Apple_HFS                      	/private/tmp/reasonix-d-native-reload-installed-wlpysxiy/mount
hdiutil: WARNING: 'hdiutil detach ...' is deprecated. Please use 'diskutil eject ...' instead.
"disk4" ejected.
{"app": "/private/tmp/reasonix-d-native-reload-installed-wlpysxiy/Reasonix Tauri Preview.app", "dmg": "/Users/jerry/temp/app/reasonix-tauri/desktop/tauri/target/release/bundle/dmg/Reasonix Tauri Preview_0.1.0_aarch64.dmg", "dmgSha256": "782fa75b00e23c1d5a48c9ee48a91b297b8cddb8630a64ec28ec2fdc40df94bf", "artifactSha256": {"reasonix-tauri": "dda2b3c7fa2a016628df7fa0b0bf90f3f9050be4acf6f240574b568de13d0237", "reasonix-desktop-bridge": "7352e79707cdcb83d7f55348afe251e5065c335c27a3b9c1e6506d6d3f403649"}}
