warning: `/Users/jerry/.cargo/config` is deprecated in favor of `config.toml`
  |
  = help: if you need to support cargo 1.38 or earlier, you can symlink `config` to `config.toml`
   Compiling reasonix-tauri v0.1.0 (/Users/jerry/temp/app/reasonix-tauri/desktop/tauri)
    Finished `test` profile [unoptimized + debuginfo] target(s) in 9.06s
     Running unittests src/main.rs (desktop/tauri/target/debug/deps/reasonix_tauri-4e84610828a36594)

running 236 tests
test bridge::tests::bridge_response_reader_stops_at_its_configured_limit ... ok
test bridge::tests::credential_accounts_follow_wails_environment_names ... ok
test bridge::tests::attachment_response_only_accepts_private_workspace_references ... ok
test bridge::tests::host_rejects_event_with_unsupported_protocol_version ... ok
test bridge::tests::bridge_events_deserialize_only_the_public_envelope ... ok
test bridge::tests::expired_event_cursor_requires_a_fresh_snapshot ... ok
test bridge::tests::bundled_child_terminal_receipt_after_output_error_confirms_exit ... ok
test bridge::tests::bundled_child_closed_channel_without_receipt_keeps_child_owned ... ok
test bridge::tests::bundled_child_output_errors_do_not_prove_process_exit ... ok
test bridge::tests::bridge_health_requires_current_session_storage_capability_and_instance ... ok
test bridge::tests::inventory_parser_accepts_omitted_empty_detail ... ok
test bridge::tests::host_rejects_response_with_unsupported_protocol_version ... ok
test bridge::tests::parses_chunked_json_responses_with_trailers ... ok
test bridge::tests::physical_inventory_counts_title_sidecar_drift_without_hiding_readable_transcript ... ok
test bridge::tests::pending_session_delete_page_is_bounded_unique_and_path_free ... ok
test bridge::tests::pending_session_title_recovery_response_is_bounded_and_unique ... ok
test bridge::tests::physical_inventory_preserves_path_conflict_diagnostics ... ok
test bridge::tests::bridge_requests_send_the_opaque_request_id ... ok
test bridge::tests::physical_inventory_rejects_missing_or_null_summary_arrays_even_when_empty ... ok
test bridge::tests::provider_summary_path_scopes_and_encodes_workspace ... ok
test bridge::tests::ready_file_rejects_non_loopback_address ... ok
test bridge::tests::ready_file_requires_matching_loopback_launch ... ok
test bridge::tests::response_parser_ignores_diagnostic_prefix_and_trailing_separator ... ok
test bridge::tests::response_parser_requires_successful_json_http_response ... ok
test bridge::tests::response_parser_preserves_only_known_session_state_codes ... ok
test bridge::tests::session_balance_contract_is_display_only_and_optional ... ok
test bridge::tests::session_directory_query_uses_composite_cursor_and_escaped_workspace ... ok
test bridge::tests::session_directory_page_rejects_tombstones_and_bad_paging ... ok
test bridge::tests::session_directory_snapshot_requires_a_complete_bounded_ordered_result ... ok
test bridge::tests::session_identifier_is_safe_for_an_http_path ... ok
test bridge::tests::sandbox_settings_wire_view_preserves_shell_inventory ... ok
test bridge::tests::session_snapshot_metrics_cross_the_generated_host_contract ... ok
test bridge::tests::settings_wire_views_preserve_model_efforts_and_hooks ... ok
test bridge::tests::deleting_a_session_removes_its_artifacts_and_keeps_other_sessions ... ok
test bridge::tests::host_syncs_session_order_through_a_real_bridge_when_provided ... ok
test bridge::tests::workspace_target_rejects_untrusted_response_fields ... ok
test credential_namespace::tests::aliases_share_an_identity_and_credential_metadata_is_private ... ok
test credential_namespace::tests::concurrent_first_launch_adopts_one_identity_without_lost_backup ... ok
test credential_namespace::tests::profiles_are_distinct_restart_stable_and_survive_moves_with_backup_recovery ... ok
test data_profile::tests::application_data_rejects_dangling_link_file_and_legacy_parent_alias ... ok
test data_profile::tests::bounded_project_folder_reader_rejects_growth_past_limit ... ok
test data_profile::tests::explicit_boundary_refuses_stable_aliases_ancestors_and_missing_descendants ... ok
test data_profile::tests::explicit_home_disables_automatic_import ... ok
test bridge::tests::managed_preview_sidecar_imports_and_repairs_sqlite_event_projection ... ok
test bridge::tests::opener_preference_roundtrips_and_survives_real_sidecar_restart ... ok
test bridge::tests::real_bridge_exposes_empty_inventory_and_recovery_lists ... ok
test data_profile::tests::import_copies_config_after_creating_a_private_backup ... ok
test data_profile::tests::import_refuses_to_overwrite_a_preview_config ... ok
test data_profile::tests::import_rejects_non_directory_backup_root_without_changing_files ... ok
test data_profile::tests::import_rejects_oversized_config_before_creating_a_backup ... ok
test data_profile::tests::import_rejects_redirected_backup_root_without_external_writes ... ok
test data_profile::tests::import_rejects_symlinked_stable_config ... ok
test data_profile::tests::linked_application_data_directory_cannot_create_preview_state_in_legacy_tree ... ok
test data_profile::tests::managed_profile_creates_private_root_and_preserves_existing_profile ... ok
test bridge::tests::real_bridge_rejects_a_stale_session_page_cursor ... ok
test data_profile::tests::managed_profile_rejects_dangling_link_and_regular_file ... ok
test data_profile::tests::managed_profile_rejects_linked_legacy_directory_without_touching_originals ... ok
test data_profile::tests::preview_profile_is_nested_under_tauri_app_data ... ok
test data_profile::tests::project_folder_import_copies_only_roots_and_never_overwrites_preview ... ok
test data_profile::tests::returning_to_stable_keeps_original_and_backup_after_preview_edits ... ok
test external_url_tests::accepts_web_links_and_rejects_credentials_and_local_files ... ok
test external_url_tests::markdown_email_links_use_only_the_mail_handler ... ok
test file_dialog_selection_tests::selected_path_and_explicit_cancel_are_distinct_from_callback_failure ... ok
test frontend_diagnostics_export_tests::export_name_uses_only_a_bounded_safe_report_id ... ok
test frontend_diagnostics_export_tests::export_rejects_unknown_schema_and_oversized_payload ... ok
test frontend_diagnostics_export_tests::export_replaces_selected_alias_without_modifying_other_file_names ... ok
test frontend_diagnostics_export_tests::export_writes_json_to_the_user_selected_path ... ok
test frontend_diagnostics_export_tests::exported_diagnostics_are_private_even_when_replacing_a_public_report ... ok
test frontend_diagnostics_export_tests::invalid_report_and_failed_publish_preserve_existing_destinations ... ok
test host_preferences::tests::active_official_theme_survives_restart_and_rejects_untrusted_ids ... ok
test host_preferences::tests::close_preference_survives_restart_and_ignores_corrupt_data ... ok
test host_preferences::tests::custom_theme_is_validated_persisted_activated_and_deleted ... ok
test host_preferences::tests::custom_theme_rejects_paths_unknown_tokens_and_css_values ... ok
test host_preferences::tests::failed_save_keeps_the_previous_runtime_choice ... ok
test host_preferences::tests::imported_theme_assets_are_published_separately_from_preferences ... ok
test host_preferences::tests::imported_theme_gets_a_safe_unique_preview_id ... ok
test host_preferences::tests::invalid_zoom_does_not_change_the_saved_value ... ok
test host_preferences::tests::legacy_close_only_preferences_keep_the_default_zoom ... ok
test host_preferences::tests::saving_a_theme_replaces_and_clears_scene_assets_transactionally ... ok
test identity_title_backfill_tests::includes_identity_only_sessions_missing_from_the_host_catalog ... ok
test initial_presentation::tests::both_readiness_orders_present_once_and_reload_does_not_reopen ... ok
test initial_presentation::tests::early_explicit_requests_coalesce_and_override_startup_intent ... ok
test initial_presentation::tests::exit_before_readiness_cancels_late_events_and_requests ... ok
test initial_presentation::tests::exit_cancels_an_already_consumed_presentation ... ok
test keychain::tests::delete_secret ... ok
test keychain::tests::error_categories_never_echo_platform_attributes_and_windows_are_scoped ... ok
test keychain::tests::explicit_import_keeps_legacy_store_and_refuses_overwrite ... ok
test keychain::tests::explicit_source_import_refuses_existing_target_before_reading_source_and_preserves_source_on_rollback ... ok
test keychain::tests::failed_bridge_response_reconciles_both_copies ... ok
test keychain::tests::import_and_manual_save_are_serialized_without_lost_user_write ... ok
test keychain::tests::import_bridge_failure_removes_target_and_preserves_source ... ok
test keychain::tests::load_nonexistent_returns_none ... ok
test keychain::tests::malformed_legacy_file_and_missing_or_denied_legacy_store_leave_target_empty ... ok
test keychain::tests::migrates_legacy_json_entries ... ok
test keychain::tests::migration_failure_codes_are_precise_and_redacted ... ok
test keychain::tests::missing_legacy_file_does_not_block_first_launch ... ok
test keychain::tests::native_keychain_profile_isolation_and_cleanup ... ignored, explicit native Keychain smoke; unique temporary namespaces and dummy values only
test keychain::tests::native_locked_keychain_preserves_secret_and_recovers ... ignored, requires a fresh owned private HOME/keychain fixture; run alone in a subprocess
test keychain::tests::native_wails_env_import_restart_delete_preserves_original ... ignored, requires a fresh owned private HOME/keychain fixture and installed bridge; run alone
test keychain::tests::native_wails_keyring_import_uses_core_account_and_preserves_sources ... ignored, requires an owned isolated HOME/keychain and freshly built bridge; run alone
test keychain::tests::overwrite_secret ... ok
test bridge::tests::real_bridge_workspace_target_resolves_global_project_restart_and_unowned_sessions ... ok
test bridge::tests::session_title_survives_a_sidecar_restart ... ok
test bridge::tests::shadow_reads_real_directory_and_physical_inventory_when_bridge_is_provided ... ok
test keychain::tests::recognizes_only_named_provider_api_keys ... ok
test keychain::tests::rejects_empty_keys ... ok
test keychain::tests::rejects_oversized_legacy_file_without_importing_any_keys ... ok
test keychain::tests::rejects_symlinked_legacy_file_without_importing_target ... ok
test keychain::tests::save_and_load_secret ... ok
test keychain::tests::unavailable_profile_preserves_recovery_instruction_without_bridge_access ... ok
test keychain::tests::uncertain_native_write_or_delete_rolls_back_before_bridge_sync ... ok
test keychain::tests::validates_every_legacy_entry_before_writing_credentials ... ok
test keychain::tests::window_cannot_change_unrelated_keychain_entries ... ok
test legacy_ui_fixture::tests::private_source_rejects_public_paths_symlinks_and_foreign_workspace ... ok
test legacy_ui_preferences::tests::snapshot_rejects_other_origins_unknown_keys_and_unbounded_values ... ok
test local_paths::macos_launch::tests::actual_launchservices_rejection_is_not_success ... ok
test local_paths::macos_launch::tests::stuck_owned_launcher_is_bounded_and_reaped ... ok
test bridge::tests::supervisor_recovers_from_an_unexpected_sidecar_exit ... ok
test local_paths::tests::documents_with_spaces_unicode_and_shell_characters_are_paths ... ok
test local_paths::tests::missing_source_does_not_open_a_save_dialog ... ok
test local_paths::tests::refuses_executable_documents_but_can_reveal_or_copy_them ... ok
test local_paths::tests::refuses_executable_modes_and_symlink_aliases ... ok
test local_paths::tests::rejects_devices_streams_relative_paths_and_nonfile_urls ... ok
test local_paths::tests::renderer_cannot_supply_a_program_path_or_arguments_as_an_opener_id ... ok
test local_paths::macos_launch::tests::successful_handoff_is_accepted ... ok
test local_paths::tests::save_cancel_and_failures_keep_the_source_and_existing_destination ... ok
test local_paths::tests::save_rejects_hardlink_alias_to_source_before_replacing_it ... ok
test local_paths::tests::save_refuses_replaced_source_while_dialog_was_open ... ok
test local_paths::tests::unreadable_source_is_refused_before_showing_a_save_dialog ... ok
test local_paths::tests::save_rejects_source_symlink_alias_and_preserves_private_permissions ... ok
test native_appearance::selection_tests::automatic_inheritance_never_matches_an_explicit_appearance_or_stale_cache ... ok
test native_appearance::selection_tests::explicit_selection_requires_the_actual_override_and_matching_tauri_cache ... ok
test local_paths::tests::workspace_launch_uses_authoritative_session_identity_and_existing_directory ... ok
test notifications::tests::click_capability_comes_from_backend_instead_of_compile_target ... ok
test bridge::tests::supervisor_starts_and_stops_a_real_bridge_when_provided ... ok
test notifications::tests::cold_start_clicks_restore_only_matching_profile_and_ack_is_durable ... ok
test data_profile::tests::explicit_home_matches_go_lexical_parent_resolution_without_rewriting_environment ... ok
test data_profile::tests::explicit_profile_disables_managed_event_store_capability ... ok
test data_profile::tests::explicit_state_and_cache_cannot_escape_into_stable_profile ... ok
test data_profile::tests::managed_profile_drops_inherited_state_and_cache_homes ... ok
test notifications::tests::failed_send_is_reported_without_private_details_and_uncertain_target_remains ... ok
test notifications::macos::tests::unbundled_process_reports_unavailable_without_touching_notification_center ... ok
test notifications::xdg::dbus_tests::real_broker_covers_delivery_actions_owner_restart_failure_and_shutdown ... ignored, requires an isolated dbus-daemon; Linux CI runs this explicitly
test notifications::xdg::tests::actions_only_navigate_requested_default_once_and_close_prevents_replay ... ok
test notifications::xdg::tests::capabilities_report_unknown_authorization_and_require_actions_and_live_callback ... ok
test notifications::xdg::tests::duplicate_id_invalidates_both_targets_and_expiry_and_capacity_are_bounded ... ok
test notifications::tests::permission_is_truthful_denial_does_not_reprompt_and_payload_is_fixed ... ok
test notifications::xdg::tests::service_generation_changes_only_trust_bus_owner_change_for_current_service ... ok
test notifications::xdg::tests::signal_parser_rejects_forged_sender_path_interface_member_and_malformed_body ... ok
test notifications::xdg::tests::expired_queued_request_and_shutdown_do_not_dispatch_and_hung_call_times_out ... ok
test notifications::xdg::tests::unavailable_bus_is_truthful_and_single_worker_retries_then_shutdown_releases_listener ... ok
test notifications::tests::registry_limits_expiry_and_corruption_fail_closed_without_overwrite ... ok
test notifications::tests::targets_are_private_and_symlink_or_failed_ack_preserves_pending_state ... ok
test opener_catalog::linux::tests::custom_terminal_install_accepts_only_known_direct_executable ... ok
test opener_catalog::linux::tests::desktop_actions_do_not_override_main_entry_and_malformed_entries_are_unavailable ... ok
test opener_catalog::linux::tests::executables_require_absolute_roots_and_executable_files_and_disappearance_is_rechecked ... ok
test opener_catalog::linux::tests::icon_keys_cannot_traverse_roots_and_oversized_files_are_ignored ... ok
test opener_catalog::linux::tests::terminal_launch_preserves_special_directory_as_one_argument_and_uses_file_parent ... ok
test opener_catalog::linux::tests::xdg_layout_uses_absolute_user_priority_defaults_and_filters_relative_paths ... ok
test opener_catalog::linux::tests::nested_desktop_editor_uses_gio_and_default_directory_app_supplies_name_and_icon ... ok
test opener_catalog::tests::custom_indexed_bundles_support_nul_separators_and_ignore_invalid_entries ... ok
test opener_catalog::tests::preference_falls_back_to_file_manager_then_first_without_mutating_saved_id ... ok
test opener_catalog::linux::tests::user_tombstones_override_system_and_tryexec_gates_even_existing_cli ... ok
test opener_catalog::windows::tests::discovery_prefers_path_then_registered_custom_install_then_defaults_and_rechecks_removal ... ok
test opener_catalog::windows::tests::folder_shell_plan_uses_explore_and_trailing_separator_despite_sibling_shortcut ... ok
test opener_catalog::windows::tests::fixed_catalog_discovers_all_baseline_editor_and_console_identities ... ok
test keychain::tests::real_bridge_import_save_restart_and_delete_keep_credentials_out_of_files ... ok
test opener_catalog::windows::tests::registered_values_reject_command_lines_relative_paths_and_non_executables ... ok
test opener_catalog::windows::tests::rgba_reconstruction_preserves_opaque_transparent_and_partial_alpha_in_png ... ok
test opener_catalog::windows::tests::installation_roots_cover_x86_editors_toolbox_version_trees_and_system_consoles ... ok
test opener_catalog::windows::tests::terminal_icon_prefers_package_then_renderable_console_before_zero_byte_alias ... ok
test runtime_info::tests::formats_a_known_instant_as_utc ... ok
test runtime_info::tests::identifies_the_frozen_stable_baseline_and_live_sidecar ... ok
test session_catalog_gate_tests::clean_continuation_uses_the_identity_page ... ok
test session_catalog_gate_tests::continuation_page_fails_closed_when_shadow_and_cursor_are_unavailable ... ok
test opener_catalog::windows::tests::terminal_plans_preserve_metacharacters_and_file_parent_without_shell_parameters ... ok
test session_catalog_gate_tests::continuation_rejects_a_new_shadow_snapshot_before_loading_a_page ... ok
test session_catalog_gate_tests::dirty_shadow_continuation_uses_matching_identity_page_read_only ... ok
test session_catalog_gate_tests::dirty_shadow_shows_identity_and_separate_legacy_rows_read_only ... ok
test session_catalog_gate_tests::first_page_race_falls_back_when_page_differs_from_shadow_snapshot ... ok
test session_catalog_gate_tests::first_page_uses_read_only_identity_page_when_shadow_is_unavailable ... ok
test session_catalog_gate_tests::identity_page_failure_falls_back_only_for_the_first_page ... ok
test session_catalog_gate_tests::identity_sidebar_requires_a_clean_successful_shadow_report ... ok
test session_catalog_gate_tests::page_must_be_the_exact_slice_of_the_audited_directory ... ok
test session_catalog_gate_tests::title_change_between_shadow_and_page_preserves_structural_snapshot_id ... ok
test session_shadow::tests::additional_directory_rows_do_not_invalidate_the_legacy_subset ... ok
test session_shadow::tests::duplicate_ids_fail_closed ... ok
test session_shadow::tests::physical_state_drift_blocks_a_clean_shadow_result ... ok
test session_shadow::tests::incomplete_or_unclaimed_inventory_cannot_look_clean ... ok
test session_shadow::tests::reports_metadata_order_and_file_state_without_private_values ... ok
test session_shadow::tests::unclaimed_files_do_not_hide_verified_identity_rows ... ok
test theme_asset_scope_tests::configured_asset_scope_serves_only_app_theme_assets ... ok
test theme_package_tests::exported_reasonix_theme_round_trips_tokens_and_recipes ... ok
test theme_package_tests::import_round_trips_theme_background_image_assets ... ok
test theme_package_tests::plugin_theme_assets_reject_existing_symlink_directories_and_files ... ok
test theme_package_tests::plugin_theme_ids_and_cached_assets_are_scoped ... ok
test theme_package_tests::theme_editor_image_data_urls_are_bounded_and_format_checked ... ok
test theme_package_tests::plugin_theme_files_must_be_regular_files_inside_the_plugin_root ... ok
test ui_origin::tests::malformed_identity_cannot_become_a_url_authority ... ok
test window_state::tests::accepts_only_sensible_window_sizes_and_scales ... ok
test window_state::tests::disconnected_monitor_and_extreme_coordinates_return_to_primary_work_area ... ok
test window_state::tests::equal_title_bar_overlap_prefers_primary_display ... ok
test window_state::tests::ignores_corrupt_or_unreasonable_state ... ok
test window_state::tests::keeps_logical_size_when_restoring_on_a_different_display_scale ... ok
test window_state::tests::persists_and_reads_old_size_only_state ... ok
test window_state::tests::restores_negative_coordinates_on_a_connected_secondary_monitor ... ok
test window_state::tests::restores_straddling_window_to_display_with_most_visible_title_bar ... ok
test workbench_catalog::tests::accepts_legacy_entries_without_a_title_and_rejects_invalid_titles ... ok
test ui_origin::tests::origin_is_distinct_durable_and_preserves_profile_identity_on_moves ... ok
test keychain::tests::real_bridge_restore_continues_after_one_credential_read_failure ... ok
test workbench_catalog::tests::failed_existing_session_update_does_not_change_in_memory_catalog ... ok
test opener_catalog::linux::tests::native_launcher_reports_spawn_and_exit_failures_without_diagnostics ... ok
test workbench_catalog::tests::invalid_or_duplicate_catalog_rows_fail_closed_without_dropping_source ... ok
test workbench_catalog::tests::forgets_deleted_session_and_persists_after_reload ... ok
test workbench_catalog::tests::oversized_catalog_fails_closed_without_truncating_source ... ok
test workbench_catalog::tests::rejects_unsafe_session_ids_and_workspace_paths ... ok
test workbench_catalog::tests::fills_missing_and_placeholder_titles_without_reordering_or_replacing_manual_titles ... ok
test workbench_catalog::tests::reloads_session_catalog_after_startup_read_failure_is_repaired ... ok
test workbench_order_sync_tests::accepts_complete_sync_and_rejects_partial_sync ... ok
test workbench_catalog::tests::remembers_recent_sessions_and_survives_reload ... ok
test workbench_page_lifecycle_tests::legacy_fallback_preserves_known_missing_identity_state ... ok
test workbench_projects::tests::bounded_catalog_reader_rejects_growth_past_limit ... ok
test workbench_projects::tests::invalid_project_title_does_not_write_catalog ... ok
test workbench_projects::tests::malformed_catalog_fails_closed_without_overwriting_source ... ok
test workbench_catalog::tests::reopening_existing_session_keeps_sidebar_order ... ok
test workbench_projects::tests::remembered_folders_preserve_path_spaces_and_deduplicate_trailing_separators ... ok
test workbench_projects::tests::project_title_updates_are_normalized_and_persistent ... ok
test workspace_availability_tests::workspace_availability_distinguishes_invalid_and_existing_directories ... ok
test workbench_projects::tests::oversized_catalog_is_rejected_before_creating_destination ... ok
test keychain::tests::real_bridge_wails_env_import_preserves_original_and_survives_restart ... ok
test notifications::tests::full_click_queue_preserves_the_consumers_head_until_ack ... ok
test workbench_catalog::tests::caps_catalog_and_fails_closed_on_corrupt_files ... ok
test notifications::tests::real_bridge_clicks_resolve_current_roots_and_never_create_missing_sessions ... ok
test opener_catalog::windows::tests::pattern_roots_are_literal_and_enumeration_is_bounded ... ok
test notifications::tests::target_registry_overflow_keeps_the_pending_consumers_head ... ok
test opener_catalog::tests::native_catalog_resolves_finder_terminal_and_png_icons_without_renderer_paths ... ok

test result: ok. 231 passed; 0 failed; 5 ignored; 0 measured; 0 filtered out; finished in 5.09s

