native macOS window managed exercise: OK
native macOS window managed restore-maximized: OK
native macOS window managed restore-normal: OK
native macOS window managed appearance-rollback-unconfigured: OK
native macOS window managed application-hide: OK
native macOS window managed background-close: OK
native macOS window managed menu-shortcuts: OK
native macOS window managed menu-settings-hidden: OK
native macOS window managed menu-settings-minimized: OK
native macOS window managed menu-settings-app-hidden: OK
native macOS window managed task-background-menu-quit: OK
native macOS window managed appearance-dark: OK
native macOS window managed restore-appearance-dark: OK
native macOS window managed restore-appearance-light: OK
native macOS window managed restore-appearance-auto: OK
native macOS window managed appearance-rollback: OK
native macOS window managed restore-appearance-rollback: OK
native macOS window managed clipboard-native: OK
native macOS window managed dialog-cancel: OK
native macOS window managed tray-language: OK
native macOS window managed menu-editing: OK
native macOS window managed second-instance: OK
native macOS window managed close-quit: OK
native macOS window managed restore-close-quit: OK
native macOS window managed: 24/24 stages passed
native macOS window explicit exercise: OK
native macOS window explicit restore-maximized: OK
native macOS window explicit restore-normal: OK
native macOS window explicit appearance-rollback-unconfigured: OK
native macOS window explicit application-hide: OK
native macOS window explicit background-close: OK
native macOS window explicit menu-shortcuts: OK
native macOS window explicit menu-settings-hidden: OK
native macOS window explicit menu-settings-minimized: OK
native macOS window explicit menu-settings-app-hidden: OK
native macOS window explicit task-background-menu-quit: OK
native macOS window explicit appearance-dark: OK
native macOS window explicit restore-appearance-dark: OK
native macOS window explicit restore-appearance-light: OK
native macOS window explicit restore-appearance-auto: OK
native macOS window explicit appearance-rollback: OK
native macOS window explicit restore-appearance-rollback: OK
native macOS window explicit clipboard-native: OK
native macOS window explicit dialog-cancel: OK
native macOS window explicit tray-language: OK
native macOS window explicit menu-editing: OK
native macOS window explicit second-instance: OK
native macOS window explicit close-quit: OK
native macOS window explicit restore-close-quit: OK
native macOS window explicit: 24/24 stages passed
