warning: `/Users/jerry/.cargo/config` is deprecated in favor of `config.toml`
  |
  = help: if you need to support cargo 1.38 or earlier, you can symlink `config` to `config.toml`
   Compiling objc2-exception-helper v0.1.1
   Compiling ring v0.17.14
   Compiling reasonix-tauri v0.1.0 (/Users/jerry/temp/app/reasonix-tauri/desktop/tauri)
   Compiling objc2 v0.6.4
   Compiling block2 v0.6.2
   Compiling objc2-core-foundation v0.3.2
   Compiling dispatch2 v0.3.1
   Compiling objc2-foundation v0.3.2
   Compiling objc2-core-graphics v0.3.2
   Compiling rustls v0.23.45
   Compiling rustls-webpki v0.103.15
   Compiling tokio-rustls v0.26.5
   Compiling rustls-platform-verifier v0.7.0
   Compiling hyper-rustls v0.27.10
   Compiling reqwest v0.13.5
   Compiling objc2-app-kit v0.3.2
   Compiling objc2-user-notifications v0.3.2
   Compiling objc2-web-kit v0.3.2
   Compiling muda v0.19.3
   Compiling tao v0.35.3
   Compiling window-vibrancy v0.6.0
   Compiling objc2-osa-kit v0.3.2
   Compiling arboard v3.6.1
   Compiling rfd v0.16.0
   Compiling osakit v0.3.1
   Compiling tauri-runtime v2.11.3
   Compiling wry v0.55.1
   Compiling tray-icon v0.24.2
   Compiling tauri-runtime-wry v2.11.4
   Compiling tauri v2.11.6
   Compiling tauri-plugin-fs v2.5.2
   Compiling tauri-plugin-updater v2.12.0
   Compiling tauri-plugin-clipboard-manager v2.3.3
   Compiling tauri-plugin-shell v2.3.6
   Compiling tauri-plugin-opener v2.5.5
   Compiling tauri-plugin-single-instance v2.4.5
   Compiling tauri-plugin-dialog v2.7.3
    Finished `release` profile [optimized] target(s) in 45.10s
