LaunchServices native kernel exit: {"phase": "exercise", "pid": 88807, "rawKernelStatus": 0, "exitCode": 0, "signaled": false}
native macOS window managed exercise: OK
LaunchServices native kernel exit: {"phase": "restore-maximized", "pid": 88822, "rawKernelStatus": 0, "exitCode": 0, "signaled": false}
native macOS window managed restore-maximized: OK
LaunchServices native kernel exit: {"phase": "restore-normal", "pid": 88878, "rawKernelStatus": 0, "exitCode": 0, "signaled": false}
native macOS window managed restore-normal: OK
LaunchServices native kernel exit: {"phase": "appearance-rollback-unconfigured", "pid": 88894, "rawKernelStatus": 0, "exitCode": 0, "signaled": false}
native macOS window managed appearance-rollback-unconfigured: OK
LaunchServices native kernel exit: {"phase": "application-hide", "pid": 88909, "rawKernelStatus": 0, "exitCode": 0, "signaled": false}
native macOS window managed application-hide: OK
LaunchServices native kernel exit: {"phase": "background-close", "pid": 88927, "rawKernelStatus": 0, "exitCode": 0, "signaled": false}
native macOS window managed background-close: OK
LaunchServices native kernel exit: {"phase": "menu-shortcuts", "pid": 88942, "rawKernelStatus": 0, "exitCode": 0, "signaled": false}
native macOS window managed menu-shortcuts: OK
LaunchServices native kernel exit: {"phase": "menu-settings-hidden", "pid": 88959, "rawKernelStatus": 0, "exitCode": 0, "signaled": false}
native macOS window managed menu-settings-hidden: OK
LaunchServices native kernel exit: {"phase": "menu-settings-minimized", "pid": 88976, "rawKernelStatus": 0, "exitCode": 0, "signaled": false}
native macOS window managed menu-settings-minimized: OK
LaunchServices native kernel exit: {"phase": "menu-settings-app-hidden", "pid": 88991, "rawKernelStatus": 0, "exitCode": 0, "signaled": false}
native macOS window managed menu-settings-app-hidden: OK
LaunchServices native kernel exit: {"phase": "task-background-menu-quit", "pid": 89008, "rawKernelStatus": 0, "exitCode": 0, "signaled": false}
native macOS window managed task-background-menu-quit: OK
LaunchServices native kernel exit: {"phase": "appearance-dark", "pid": 89036, "rawKernelStatus": 0, "exitCode": 0, "signaled": false}
native macOS window managed appearance-dark: OK
LaunchServices native kernel exit: {"phase": "restore-appearance-dark", "pid": 89053, "rawKernelStatus": 0, "exitCode": 0, "signaled": false}
native macOS window managed restore-appearance-dark: OK
LaunchServices native kernel exit: {"phase": "restore-appearance-light", "pid": 89068, "rawKernelStatus": 0, "exitCode": 0, "signaled": false}
native macOS window managed restore-appearance-light: OK
LaunchServices native kernel exit: {"phase": "restore-appearance-auto", "pid": 89083, "rawKernelStatus": 0, "exitCode": 0, "signaled": false}
native macOS window managed restore-appearance-auto: OK
LaunchServices native kernel exit: {"phase": "appearance-rollback", "pid": 89100, "rawKernelStatus": 0, "exitCode": 0, "signaled": false}
native macOS window managed appearance-rollback: OK
LaunchServices native kernel exit: {"phase": "restore-appearance-rollback", "pid": 89115, "rawKernelStatus": 0, "exitCode": 0, "signaled": false}
native macOS window managed restore-appearance-rollback: OK
LaunchServices native kernel exit: {"phase": "clipboard-native", "pid": 89151, "rawKernelStatus": 0, "exitCode": 0, "signaled": false}
native macOS window managed clipboard-native: OK
LaunchServices native kernel exit: {"phase": "dialog-cancel", "pid": 89173, "rawKernelStatus": 0, "exitCode": 0, "signaled": false}
native macOS window managed dialog-cancel: OK
LaunchServices native kernel exit: {"phase": "tray-language", "pid": 89208, "rawKernelStatus": 0, "exitCode": 0, "signaled": false}
native macOS window managed tray-language: OK
LaunchServices native kernel exit: {"phase": "menu-editing", "pid": 89227, "rawKernelStatus": 0, "exitCode": 0, "signaled": false}
native macOS window managed menu-editing: OK
LaunchServices native kernel exit: {"phase": "second-instance", "pid": 89245, "rawKernelStatus": 0, "exitCode": 0, "signaled": false}
native macOS window managed second-instance: OK
LaunchServices native kernel exit: {"phase": "close-quit", "pid": 89266, "rawKernelStatus": 0, "exitCode": 0, "signaled": false}
native macOS window managed close-quit: OK
LaunchServices native kernel exit: {"phase": "restore-close-quit", "pid": 89281, "rawKernelStatus": 0, "exitCode": 0, "signaled": false}
native macOS window managed restore-close-quit: OK
native macOS window managed: 24/24 stages passed
LaunchServices native kernel exit: {"phase": "exercise", "pid": 89328, "rawKernelStatus": 0, "exitCode": 0, "signaled": false}
native macOS window explicit exercise: OK
LaunchServices native kernel exit: {"phase": "restore-maximized", "pid": 89354, "rawKernelStatus": 0, "exitCode": 0, "signaled": false}
native macOS window explicit restore-maximized: OK
LaunchServices native kernel exit: {"phase": "restore-normal", "pid": 89369, "rawKernelStatus": 0, "exitCode": 0, "signaled": false}
native macOS window explicit restore-normal: OK
LaunchServices native kernel exit: {"phase": "appearance-rollback-unconfigured", "pid": 89386, "rawKernelStatus": 0, "exitCode": 0, "signaled": false}
native macOS window explicit appearance-rollback-unconfigured: OK
LaunchServices native kernel exit: {"phase": "application-hide", "pid": 89401, "rawKernelStatus": 0, "exitCode": 0, "signaled": false}
native macOS window explicit application-hide: OK
LaunchServices native kernel exit: {"phase": "background-close", "pid": 89418, "rawKernelStatus": 0, "exitCode": 0, "signaled": false}
native macOS window explicit background-close: OK
LaunchServices native kernel exit: {"phase": "menu-shortcuts", "pid": 89434, "rawKernelStatus": 0, "exitCode": 0, "signaled": false}
native macOS window explicit menu-shortcuts: OK
LaunchServices native kernel exit: {"phase": "menu-settings-hidden", "pid": 89450, "rawKernelStatus": 0, "exitCode": 0, "signaled": false}
native macOS window explicit menu-settings-hidden: OK
LaunchServices native kernel exit: {"phase": "menu-settings-minimized", "pid": 89467, "rawKernelStatus": 0, "exitCode": 0, "signaled": false}
native macOS window explicit menu-settings-minimized: OK
LaunchServices native kernel exit: {"phase": "menu-settings-app-hidden", "pid": 89484, "rawKernelStatus": 0, "exitCode": 0, "signaled": false}
native macOS window explicit menu-settings-app-hidden: OK
LaunchServices native kernel exit: {"phase": "task-background-menu-quit", "pid": 89502, "rawKernelStatus": 0, "exitCode": 0, "signaled": false}
native macOS window explicit task-background-menu-quit: OK
LaunchServices native kernel exit: {"phase": "appearance-dark", "pid": 89530, "rawKernelStatus": 0, "exitCode": 0, "signaled": false}
native macOS window explicit appearance-dark: OK
LaunchServices native kernel exit: {"phase": "restore-appearance-dark", "pid": 89545, "rawKernelStatus": 0, "exitCode": 0, "signaled": false}
native macOS window explicit restore-appearance-dark: OK
LaunchServices native kernel exit: {"phase": "restore-appearance-light", "pid": 89562, "rawKernelStatus": 0, "exitCode": 0, "signaled": false}
native macOS window explicit restore-appearance-light: OK
LaunchServices native kernel exit: {"phase": "restore-appearance-auto", "pid": 89577, "rawKernelStatus": 0, "exitCode": 0, "signaled": false}
native macOS window explicit restore-appearance-auto: OK
LaunchServices native kernel exit: {"phase": "appearance-rollback", "pid": 89592, "rawKernelStatus": 0, "exitCode": 0, "signaled": false}
native macOS window explicit appearance-rollback: OK
LaunchServices native kernel exit: {"phase": "restore-appearance-rollback", "pid": 89618, "rawKernelStatus": 0, "exitCode": 0, "signaled": false}
native macOS window explicit restore-appearance-rollback: OK
LaunchServices native kernel exit: {"phase": "clipboard-native", "pid": 89651, "rawKernelStatus": 0, "exitCode": 0, "signaled": false}
native macOS window explicit clipboard-native: OK
LaunchServices native kernel exit: {"phase": "dialog-cancel", "pid": 89671, "rawKernelStatus": 0, "exitCode": 0, "signaled": false}
native macOS window explicit dialog-cancel: OK
LaunchServices native kernel exit: {"phase": "tray-language", "pid": 89703, "rawKernelStatus": 0, "exitCode": 0, "signaled": false}
native macOS window explicit tray-language: OK
LaunchServices native kernel exit: {"phase": "menu-editing", "pid": 89726, "rawKernelStatus": 0, "exitCode": 0, "signaled": false}
native macOS window explicit menu-editing: OK
LaunchServices native kernel exit: {"phase": "second-instance", "pid": 89777, "rawKernelStatus": 0, "exitCode": 0, "signaled": false}
native macOS window explicit second-instance: OK
LaunchServices native kernel exit: {"phase": "close-quit", "pid": 89807, "rawKernelStatus": 0, "exitCode": 0, "signaled": false}
native macOS window explicit close-quit: OK
LaunchServices native kernel exit: {"phase": "restore-close-quit", "pid": 89822, "rawKernelStatus": 0, "exitCode": 0, "signaled": false}
native macOS window explicit restore-close-quit: OK
native macOS window explicit: 24/24 stages passed
