正在检查“Protective Master Boot Record（MBR：0）”的校验和…
Protective Master Boot Record（MBR：0）：已验证CRC32 $D7B61264
正在检查“GPT Header（Primary GPT Header：1）”的校验和…
    GPT Header（Primary GPT Header：1）：已验证CRC32 $EE429A3F
正在检查“GPT Partition Data（Primary GPT Table：2）”的校验和…
GPT Partition Data（Primary GPT Table：已验证CRC32 $9B079C98
正在检查“（Apple_Free：3）”的校验和…
                      （Apple_Free：3）：已验证CRC32 $00000000
正在检查“disk image（Apple_HFS：4）”的校验和…
             disk image（Apple_HFS：4）：已验证CRC32 $B8A2202C
正在检查“GPT Partition Data（Backup GPT Table：5）”的校验和…
GPT Partition Data（Backup GPT Table：：已验证CRC32 $9B079C98
正在检查“GPT Header（Backup GPT Header：6）”的校验和…
     GPT Header（Backup GPT Header：6）：已验证CRC32 $134AA5C9
已验证CRC32 $BF067FFF
hdiutil: WARNING: 'hdiutil attach -readonly -nobrowse -mountpoint ...' is deprecated. Please use 'diskutil image attach --readOnly --mountOptions nobrowse --mountPoint ...' instead.
/dev/disk4          	GUID_partition_scheme          	
/dev/disk4s1        	Apple_HFS                      	/private/tmp/reasonix-d-fullscreen-installed-y5w4n0kj/mount
hdiutil: WARNING: 'hdiutil detach ...' is deprecated. Please use 'diskutil eject ...' instead.
"disk4" ejected.
{"app": "/private/tmp/reasonix-d-fullscreen-installed-y5w4n0kj/Reasonix Tauri Preview.app", "dmg": "/Users/jerry/temp/app/reasonix-tauri/desktop/tauri/target/release/bundle/dmg/Reasonix Tauri Preview_0.1.0_aarch64.dmg", "dmgSha256": "c7e5c54f31ff9d35f569f192bbd2c99a1e1c199ed73626a67e5b64b0cbab6106", "artifactSha256": {"reasonix-tauri": "22ee53cbfe6324f63a1f63d73d477cb3017be21cd5866ee4dfab1f50efc20e35", "reasonix-desktop-bridge": "6f7f6352af9eed4043abe9600b6ad80712088d9363b4a94d69d824628035e447"}}
