正在检查“Protective Master Boot Record（MBR：0）”的校验和…
Protective Master Boot Record（MBR：0）：已验证CRC32 $D558E8BE
正在检查“GPT Header（Primary GPT Header：1）”的校验和…
    GPT Header（Primary GPT Header：1）：已验证CRC32 $97BB775A
正在检查“GPT Partition Data（Primary GPT Table：2）”的校验和…
GPT Partition Data（Primary GPT Table：已验证CRC32 $7C082267
正在检查“（Apple_Free：3）”的校验和…
                      （Apple_Free：3）：已验证CRC32 $00000000
正在检查“disk image（Apple_HFS：4）”的校验和…
             disk image（Apple_HFS：4）：已验证CRC32 $B08CFABB
正在检查“（Apple_Free：5）”的校验和…
                      （Apple_Free：5）：已验证CRC32 $00000000
正在检查“GPT Partition Data（Backup GPT Table：6）”的校验和…
GPT Partition Data（Backup GPT Table：：已验证CRC32 $7C082267
正在检查“GPT Header（Backup GPT Header：7）”的校验和…
     GPT Header（Backup GPT Header：7）：已验证CRC32 $2D039E49
已验证CRC32 $A53DE732
hdiutil: WARNING: 'hdiutil attach -readonly -nobrowse -mountpoint ...' is deprecated. Please use 'diskutil image attach --readOnly --mountOptions nobrowse --mountPoint ...' instead.
/dev/disk4          	GUID_partition_scheme          	
/dev/disk4s1        	Apple_HFS                      	/private/tmp/reasonix-d-selection-observation-installed-ujm5lp1u/mount
hdiutil: WARNING: 'hdiutil detach ...' is deprecated. Please use 'diskutil eject ...' instead.
"disk4" ejected.
{"app": "/private/tmp/reasonix-d-selection-observation-installed-ujm5lp1u/Reasonix Tauri Preview.app", "dmg": "/Users/jerry/temp/app/reasonix-tauri/desktop/tauri/target/release/bundle/dmg/Reasonix Tauri Preview_0.1.0_aarch64.dmg", "dmgSha256": "14cd9a636109c901336698611d84198d415d6a56b1f8bed778ba396430c1fd5d", "artifactSha256": {"reasonix-tauri": "43dc43050b8e7638863caf91f22f8bde2974c1a7b9cef9911f4adf48f59cba48", "reasonix-desktop-bridge": "bdbb0753c881c9198e4f7e953b87aba60e8b10332513758bbd67388c3defb11a"}}
