warning: `/Users/jerry/.cargo/config` is deprecated in favor of `config.toml`
  |
  = help: if you need to support cargo 1.38 or earlier, you can symlink `config` to `config.toml`
warning: `/Users/jerry/.cargo/config` is deprecated in favor of `config.toml`
  |
  = help: if you need to support cargo 1.38 or earlier, you can symlink `config` to `config.toml`
    Checking reasonix-tauri v0.1.0 (/Users/jerry/temp/app/reasonix-tauri/desktop/tauri)
error[E0599]: no function or associated item named `from_ref` found for struct `objc2::runtime::AnyObject` in the current scope
  --> src/single_instance_restore.rs:27:56
   |
27 |             .removeObserver(objc2::runtime::AnyObject::from_ref(&*token));
   |                                                        ^^^^^^^^ function or associated item not found in `objc2::runtime::AnyObject`
   |
help: there is an associated function `from` with a similar name
   |
27 -             .removeObserver(objc2::runtime::AnyObject::from_ref(&*token));
27 +             .removeObserver(objc2::runtime::AnyObject::from(&*token));
   |

For more information about this error, try `rustc --explain E0599`.
error: could not compile `reasonix-tauri` (bin "reasonix-tauri") due to 1 previous error
warning: build failed, waiting for other jobs to finish...
error: could not compile `reasonix-tauri` (bin "reasonix-tauri" test) due to 1 previous error
